<html>
<body>
<pre>
<h1>µVision Build Log</h1>
<h2>Project:</h2>
E:\ÖÚÈð\ZR-3500-TWO-PRO-V4.10\ZR-3500-TWO-PRO-V4.10\USER\ZR-3500-TWO-PRO.uvproj
Project File Date:  02/16/2017

<h2>Output:</h2>
Build target 'ZR-3500-TWO-PRO'
compiling main.c...
compiling stm32f4xx_it.c...
compiling system_stm32f4xx.c...
compiling TASK.c...
TASK.c(3373): warning:  #167-D: argument of type "u8 *" is incompatible with parameter of type "char *restrict"
              strcat(cbuf,(char*)ZR3500TWO_HEATandCOOL_NAME);
TASK.c(3374): warning:  #167-D: argument of type "u8 *" is incompatible with parameter of type "char *restrict"
              strcat(cbuf,bianhao_buf);
TASK.c(3374): warning:  #167-D: argument of type "u8 *" is incompatible with parameter of type "const char *restrict"
              strcat(cbuf,bianhao_buf);
TASK.c(3377): warning:  #167-D: argument of type "u8 *" is incompatible with parameter of type "const TCHAR *"
                        Err = f_mkdir(cbuf);
TASK.c(3382): warning:  #167-D: argument of type "u8 *" is incompatible with parameter of type "const TCHAR *"
                        Err = f_open(file,cbuf,FA_OPEN_ALWAYS|FA_WRITE|FA_READ);
TASK.c(3424): warning:  #167-D: argument of type "u8 *" is incompatible with parameter of type "char *restrict"
              strcat(cbuf,(char*)ZR3500TWO_HEATandCOOL_NAME);
TASK.c(3425): warning:  #167-D: argument of type "u8 *" is incompatible with parameter of type "char *restrict"
              strcat(cbuf,bianhao_buf);
TASK.c(3425): warning:  #167-D: argument of type "u8 *" is incompatible with parameter of type "const char *restrict"
              strcat(cbuf,bianhao_buf);
TASK.c(3428): warning:  #167-D: argument of type "u8 *" is incompatible with parameter of type "const TCHAR *"
                        Err = f_mkdir(cbuf);
TASK.c(3432): warning:  #167-D: argument of type "u8 *" is incompatible with parameter of type "const TCHAR *"
                        Err = f_open(file,cbuf,FA_OPEN_ALWAYS|FA_WRITE|FA_READ);                
TASK.c(3485): warning:  #167-D: argument of type "u8 *" is incompatible with parameter of type "char *restrict"
              strcat(cbuf,(char*)ZR3500TWO_HEATandCOOL_NAME);
TASK.c(3486): warning:  #167-D: argument of type "u8 *" is incompatible with parameter of type "char *restrict"
              strcat(cbuf,bianhao_buf);
TASK.c(3486): warning:  #167-D: argument of type "u8 *" is incompatible with parameter of type "const char *restrict"
              strcat(cbuf,bianhao_buf);
TASK.c(3491): warning:  #167-D: argument of type "u8 *" is incompatible with parameter of type "const TCHAR *"
                        Err = f_open(file,cbuf,FA_OPEN_ALWAYS|FA_WRITE|FA_READ);
TASK.c(3521): warning:  #167-D: argument of type "u8 *" is incompatible with parameter of type "char *restrict"
              strcat(cbuf,(char*)ZR3500TWO_HEATandCOOL_NAME);
TASK.c(3522): warning:  #167-D: argument of type "u8 *" is incompatible with parameter of type "char *restrict"
              strcat(cbuf,bianhao_buf);
TASK.c(3522): warning:  #167-D: argument of type "u8 *" is incompatible with parameter of type "const char *restrict"
              strcat(cbuf,bianhao_buf);
TASK.c(3527): warning:  #167-D: argument of type "u8 *" is incompatible with parameter of type "const TCHAR *"
                        Err = f_open(file,cbuf,FA_OPEN_ALWAYS|FA_WRITE|FA_READ);
TASK.c(3624): warning:  #167-D: argument of type "u8 *" is incompatible with parameter of type "char *restrict"
              strcat(cbuf,(char*)ZR3500TWO_HEATandCOOL_NAME);
TASK.c(3625): warning:  #167-D: argument of type "u8 *" is incompatible with parameter of type "char *restrict"
              strcat(cbuf,bianhao_buf);
TASK.c(3625): warning:  #167-D: argument of type "u8 *" is incompatible with parameter of type "const char *restrict"
              strcat(cbuf,bianhao_buf);
TASK.c(3628): warning:  #167-D: argument of type "u8 *" is incompatible with parameter of type "const TCHAR *"
                        Err = f_mkdir(cbuf);
TASK.c(3632): warning:  #167-D: argument of type "u8 *" is incompatible with parameter of type "const TCHAR *"
                        Err = f_open(file,cbuf,FA_OPEN_ALWAYS|FA_WRITE|FA_READ);
TASK.c(3674): warning:  #167-D: argument of type "u8 *" is incompatible with parameter of type "char *restrict"
              strcat(cbuf,(char*)ZR3500TWO_HEATandCOOL_NAME);
TASK.c(3675): warning:  #167-D: argument of type "u8 *" is incompatible with parameter of type "char *restrict"
              strcat(cbuf,bianhao_buf);
TASK.c(3675): warning:  #167-D: argument of type "u8 *" is incompatible with parameter of type "const char *restrict"
              strcat(cbuf,bianhao_buf);
TASK.c(3678): warning:  #167-D: argument of type "u8 *" is incompatible with parameter of type "const TCHAR *"
                        Err = f_mkdir(cbuf);
TASK.c(3682): warning:  #167-D: argument of type "u8 *" is incompatible with parameter of type "const TCHAR *"
                        Err = f_open(file,cbuf,FA_OPEN_ALWAYS|FA_WRITE|FA_READ);                
TASK.c(3735): warning:  #167-D: argument of type "u8 *" is incompatible with parameter of type "char *restrict"
              strcat(cbuf,(char*)ZR3500TWO_HEATandCOOL_NAME);
TASK.c(3736): warning:  #167-D: argument of type "u8 *" is incompatible with parameter of type "char *restrict"
              strcat(cbuf,bianhao_buf);
TASK.c(3736): warning:  #167-D: argument of type "u8 *" is incompatible with parameter of type "const char *restrict"
              strcat(cbuf,bianhao_buf);
TASK.c(3741): warning:  #167-D: argument of type "u8 *" is incompatible with parameter of type "const TCHAR *"
                        Err = f_open(file,cbuf,FA_OPEN_ALWAYS|FA_WRITE|FA_READ);
TASK.c(3771): warning:  #167-D: argument of type "u8 *" is incompatible with parameter of type "char *restrict"
              strcat(cbuf,(char*)ZR3500TWO_HEATandCOOL_NAME);
TASK.c(3772): warning:  #167-D: argument of type "u8 *" is incompatible with parameter of type "char *restrict"
              strcat(cbuf,bianhao_buf);
TASK.c(3772): warning:  #167-D: argument of type "u8 *" is incompatible with parameter of type "const char *restrict"
              strcat(cbuf,bianhao_buf);
TASK.c(3777): warning:  #167-D: argument of type "u8 *" is incompatible with parameter of type "const TCHAR *"
                        Err = f_open(file,cbuf,FA_OPEN_ALWAYS|FA_WRITE|FA_READ);
TASK.c(4994): warning:  #167-D: argument of type "u8 *" is incompatible with parameter of type "char *restrict"
      strcpy(strbuf,(char*)ZR3500TWO_HEATandCOOL_NAME);
TASK.c(4995): warning:  #167-D: argument of type "u8 *" is incompatible with parameter of type "char *restrict"
      strcat(strbuf,bianhao_buf);
TASK.c(4995): warning:  #167-D: argument of type "u8 *" is incompatible with parameter of type "const char *restrict"
      strcat(strbuf,bianhao_buf);
TASK.c(4997): warning:  #167-D: argument of type "u8 *" is incompatible with parameter of type "char *restrict"
      strcpy(strbuf,(char*)ZR3500TWO_HEATandCOOL_VER);
TASK.c(4954): warning:  #177-D: variable "i" was declared but never referenced
      u8 i;
TASK.c: 41 warnings, 0 errors
compiling parameter.c...
compiling sample.c...
compiling saveresume.c...
assembling startup_stm32f40_41xxx.s...
compiling stm32f4xx_rcc.c...
compiling stm32f4xx_usart.c...
compiling misc.c...
compiling stm32f4xx_gpio.c...
compiling stm32f4xx_dma.c...
compiling stm32f4xx_adc.c...
compiling stm32f4xx_fsmc.c...
compiling stm32f4xx_syscfg.c...
compiling stm32f4xx_dac.c...
compiling stm32f4xx_tim.c...
compiling stm32f4xx_rtc.c...
compiling stm32f4xx_exti.c...
compiling stm32f4xx_pwr.c...
compiling stm32f4xx_spi.c...
compiling stm32f4xx_sdio.c...
compiling 18b20.c...
compiling 24c64.c...
compiling adc.c...
..\HARDWARE\ADC\adc.c(125): warning:  #177-D: variable "j" was declared but never referenced
        u8 j = 0;
..\HARDWARE\ADC\adc.c: 1 warning, 0 errors
compiling timer.c...
compiling pwm.c...
compiling PUMP.c...
compiling rtc.c...
compiling DMT.c...
compiling print.c...
..\HARDWARE\PRINTER\print.c(110): warning:  #167-D: argument of type "u8 *" is incompatible with parameter of type "const char *restrict"
      strcat(strbuf,bianhao_buf);
..\HARDWARE\PRINTER\print.c(248): warning:  #167-D: argument of type "u8 *" is incompatible with parameter of type "const char *restrict"
      strcat(strbuf,bianhao_buf);
..\HARDWARE\PRINTER\print.c(498): warning:  #111-D: statement is unreachable
        return 1;
..\HARDWARE\PRINTER\print.c: 3 warnings, 0 errors
compiling w25qxx.c...
compiling spi.c...
compiling file.c...
compiling usb.c...
..\HARDWARE\UDISK\usb.c(151): warning:  #167-D: argument of type "u8 *" is incompatible with parameter of type "char *restrict"
          strcpy(strbuf,(char*)ZR3500TWO_HEATandCOOL_VER);
..\HARDWARE\UDISK\usb.c(157): warning:  #167-D: argument of type "u8 *" is incompatible with parameter of type "char *restrict"
          strcpy(strbuf,(char*)ZR3500TWO_HEATandCOOL_NAME);
..\HARDWARE\UDISK\usb.c(158): warning:  #167-D: argument of type "u8 *" is incompatible with parameter of type "char *restrict"
          strcat(strbuf,bianhao_buf);
..\HARDWARE\UDISK\usb.c(158): warning:  #167-D: argument of type "u8 *" is incompatible with parameter of type "const char *restrict"
          strcat(strbuf,bianhao_buf);
..\HARDWARE\UDISK\usb.c(353): warning:  #167-D: argument of type "u8 *" is incompatible with parameter of type "char *restrict"
          strcpy(strbuf,(char*)ZR3500TWO_HEATandCOOL_VER);
..\HARDWARE\UDISK\usb.c(402): warning:  #167-D: argument of type "u8 *" is incompatible with parameter of type "char *restrict"
          strcpy(strbuf,(char*)ZR3500TWO_HEATandCOOL_NAME);
..\HARDWARE\UDISK\usb.c(403): warning:  #167-D: argument of type "u8 *" is incompatible with parameter of type "char *restrict"
          strcat(strbuf,bianhao_buf);
..\HARDWARE\UDISK\usb.c(403): warning:  #167-D: argument of type "u8 *" is incompatible with parameter of type "const char *restrict"
          strcat(strbuf,bianhao_buf);
..\HARDWARE\UDISK\usb.c(600): warning:  #167-D: argument of type "u8 *" is incompatible with parameter of type "char *restrict"
          strcpy(strbuf,(char*)ZR3500TWO_HEATandCOOL_VER);
..\HARDWARE\UDISK\usb.c(606): warning:  #167-D: argument of type "u8 *" is incompatible with parameter of type "char *restrict"
          strcpy(strbuf,(char*)ZR3500TWO_HEATandCOOL_NAME);
..\HARDWARE\UDISK\usb.c(607): warning:  #167-D: argument of type "u8 *" is incompatible with parameter of type "char *restrict"
          strcat(strbuf,bianhao_buf);
..\HARDWARE\UDISK\usb.c(607): warning:  #167-D: argument of type "u8 *" is incompatible with parameter of type "const char *restrict"
          strcat(strbuf,bianhao_buf);
..\HARDWARE\UDISK\usb.c(747): warning:  #167-D: argument of type "u8 *" is incompatible with parameter of type "char *restrict"
          strcpy(strbuf,(char*)ZR3500TWO_HEATandCOOL_VER);
..\HARDWARE\UDISK\usb.c(790): warning:  #167-D: argument of type "u8 *" is incompatible with parameter of type "char *restrict"
          strcpy(strbuf,(char*)ZR3500TWO_HEATandCOOL_NAME);
..\HARDWARE\UDISK\usb.c(791): warning:  #167-D: argument of type "u8 *" is incompatible with parameter of type "char *restrict"
          strcat(strbuf,bianhao_buf);
..\HARDWARE\UDISK\usb.c(791): warning:  #167-D: argument of type "u8 *" is incompatible with parameter of type "const char *restrict"
          strcat(strbuf,bianhao_buf);
..\HARDWARE\UDISK\usb.c: 16 warnings, 0 errors
compiling wk.c...
compiling led.c...
compiling bat.c...
compiling SSDL.c...
..\HARDWARE\SSDL\SSDL.c(91): warning:  #1035-D: single-precision operand implicitly converted to double-precision
        Temperature_JY_A = ((float) Dtemperature) * 200.0 / 2047.0 -50.0; 
..\HARDWARE\SSDL\SSDL.c(75): warning:  #177-D: variable "Temperature" was declared but never referenced
        float Pressure = 0.0,Temperature=0; 
..\HARDWARE\SSDL\SSDL.c(111): warning:  #177-D: variable "Temperature" was declared but never referenced
        float Pressure = 0.0,Temperature=0; 
..\HARDWARE\SSDL\SSDL.c(166): warning:  #1035-D: single-precision operand implicitly converted to double-precision
        Temperature_JY_B = ((float) Dtemperature) * 200.0 / 2047.0 -50.0; 
..\HARDWARE\SSDL\SSDL.c(150): warning:  #177-D: variable "Temperature" was declared but never referenced
        float Pressure = 0.0,Temperature=0; 
..\HARDWARE\SSDL\SSDL.c(186): warning:  #177-D: variable "Temperature" was declared but never referenced
        float Pressure = 0.0,Temperature=0; 
..\HARDWARE\SSDL\SSDL.c(223): warning:  #177-D: variable "Temperature" was declared but never referenced
        float Pressure = 0.0,Temperature=0; 
..\HARDWARE\SSDL\SSDL.c: 7 warnings, 0 errors
compiling delay.c...
compiling sys.c...
compiling usart.c...
compiling process.c...
compiling ff.c...
compiling diskio.c...
compiling exfuns.c...
compiling mycc936.c...
..\FATFS\exfuns\mycc936.c(91): warning:  #177-D: variable "j" was declared but never referenced
      u8  j=0;
..\FATFS\exfuns\mycc936.c(108): warning:  #177-D: variable "j" was declared but never referenced
      u8  j=0;
..\FATFS\exfuns\mycc936.c(133): warning:  #177-D: variable "temp" was declared but never referenced
      u32 temp=0;
..\FATFS\exfuns\mycc936.c: 3 warnings, 0 errors
compiling fattester.c...
..\FATFS\exfuns\fattester.c(51): warning:  #177-D: variable "t" was declared but never referenced
        u16 i,t;
..\FATFS\exfuns\fattester.c(223): warning:  #550-D: variable "res" was set but never used
        u8 res;
..\FATFS\exfuns\fattester.c(235): warning:  #550-D: variable "res" was set but never used
        u8 res;
..\FATFS\exfuns\fattester.c: 3 warnings, 0 errors
compiling unicode.c...
..\FATFS\exfuns\unicode.c(57): warning:  #1-D: last line of file ends without a newline
  };  
..\FATFS\exfuns\unicode.c: 1 warning, 0 errors
compiling usbh_core.c...
compiling usbh_hcs.c...
compiling usbh_ioreq.c...
compiling usbh_stdreq.c...
compiling usbh_msc_scsi.c...
compiling usbh_msc_bot.c...
compiling usbh_msc_core.c...
compiling usb_hcd_int.c...
compiling usb_core.c...
compiling usb_hcd.c...
compiling usb_bsp.c...
compiling usbh_usr.c...
compiling malloc.c...
linking...
Program Size: Code=113362 RO-data=1802 RW-data=864 ZI-data=1230688  
FromELF: creating hex file...
After Build - User command #1: C:\Keil_v5\ARM\ARMCC\bin\fromelf.exe --bin  -o ..\OBJ\/ZR-3500-TWO-PRO.bin ..\OBJ\/ZR-3500-TWO-PRO.axf
"..\OBJ\ZR-3500-TWO-PRO.axf" - 0 Error(s), 75 Warning(s).
</pre>
</body>
</html>
