<!doctype html public "-//w3c//dtd html 4.0 transitional//en">
<html><head>
<title>Static Call Graph - [..\OBJ\ZR-3500-TWO-PRO.axf]</title></head>
<body><HR>
<H1>Static Call Graph for image ..\OBJ\ZR-3500-TWO-PRO.axf</H1><HR>
<BR><P>#&#060CALLGRAPH&#062# ARM Linker, 5040049: Last Updated: Wed Apr 26 08:37:15 2017
<BR><P>
<H3>Maximum Stack Usage =        636 bytes + Unknown(Functions without stacksize, Cycles, Untraceable Function Pointers)</H3><H3>
Call chain for Maximum Stack Depth:</H3>
__rt_entry_main &rArr; main &rArr; usb_out_sample_file_task &rArr; f_open &rArr; dir_register &rArr; dir_find &rArr; dir_next &rArr; create_chain &rArr; put_fat &rArr; move_window &rArr; sync_window &rArr; disk_write &rArr; USBH_UDISK_Write &rArr; USBH_MSC_HandleBOTXfer &rArr; USBH_BulkReceiveData &rArr; HCD_SubmitRequest &rArr; USB_OTG_HC_StartXfer &rArr; USB_OTG_WritePacket
<P>
<H3>
Functions with no stack information
</H3><UL>
 <LI><a href="#[2df]">__user_initial_stackheap</a>
</UL>
</UL>
<P>
<H3>
Mutually Recursive functions
</H3> <LI><a href="#[39]">ADC_IRQHandler</a>&nbsp;&nbsp;&nbsp;&rArr;&nbsp;&nbsp;&nbsp;<a href="#[39]">ADC_IRQHandler</a><BR>
</UL>
<P>
<H3>
Function Pointers
</H3><UL>
 <LI><a href="#[39]">ADC_IRQHandler</a> from startup_stm32f40_41xxx.o(.text) referenced from startup_stm32f40_41xxx.o(RESET)
 <LI><a href="#[21]">BusFault_Handler</a> from stm32f4xx_it.o(.text) referenced from startup_stm32f40_41xxx.o(RESET)
 <LI><a href="#[3b]">CAN1_RX0_IRQHandler</a> from startup_stm32f40_41xxx.o(.text) referenced from startup_stm32f40_41xxx.o(RESET)
 <LI><a href="#[3c]">CAN1_RX1_IRQHandler</a> from startup_stm32f40_41xxx.o(.text) referenced from startup_stm32f40_41xxx.o(RESET)
 <LI><a href="#[3d]">CAN1_SCE_IRQHandler</a> from startup_stm32f40_41xxx.o(.text) referenced from startup_stm32f40_41xxx.o(RESET)
 <LI><a href="#[3a]">CAN1_TX_IRQHandler</a> from startup_stm32f40_41xxx.o(.text) referenced from startup_stm32f40_41xxx.o(RESET)
 <LI><a href="#[67]">CAN2_RX0_IRQHandler</a> from startup_stm32f40_41xxx.o(.text) referenced from startup_stm32f40_41xxx.o(RESET)
 <LI><a href="#[68]">CAN2_RX1_IRQHandler</a> from startup_stm32f40_41xxx.o(.text) referenced from startup_stm32f40_41xxx.o(RESET)
 <LI><a href="#[69]">CAN2_SCE_IRQHandler</a> from startup_stm32f40_41xxx.o(.text) referenced from startup_stm32f40_41xxx.o(RESET)
 <LI><a href="#[66]">CAN2_TX_IRQHandler</a> from startup_stm32f40_41xxx.o(.text) referenced from startup_stm32f40_41xxx.o(RESET)
 <LI><a href="#[76]">CRYP_IRQHandler</a> from startup_stm32f40_41xxx.o(.text) referenced from startup_stm32f40_41xxx.o(RESET)
 <LI><a href="#[75]">DCMI_IRQHandler</a> from startup_stm32f40_41xxx.o(.text) referenced from startup_stm32f40_41xxx.o(RESET)
 <LI><a href="#[32]">DMA1_Stream0_IRQHandler</a> from startup_stm32f40_41xxx.o(.text) referenced from startup_stm32f40_41xxx.o(RESET)
 <LI><a href="#[33]">DMA1_Stream1_IRQHandler</a> from startup_stm32f40_41xxx.o(.text) referenced from startup_stm32f40_41xxx.o(RESET)
 <LI><a href="#[34]">DMA1_Stream2_IRQHandler</a> from startup_stm32f40_41xxx.o(.text) referenced from startup_stm32f40_41xxx.o(RESET)
 <LI><a href="#[35]">DMA1_Stream3_IRQHandler</a> from startup_stm32f40_41xxx.o(.text) referenced from startup_stm32f40_41xxx.o(RESET)
 <LI><a href="#[36]">DMA1_Stream4_IRQHandler</a> from startup_stm32f40_41xxx.o(.text) referenced from startup_stm32f40_41xxx.o(RESET)
 <LI><a href="#[37]">DMA1_Stream5_IRQHandler</a> from startup_stm32f40_41xxx.o(.text) referenced from startup_stm32f40_41xxx.o(RESET)
 <LI><a href="#[38]">DMA1_Stream6_IRQHandler</a> from startup_stm32f40_41xxx.o(.text) referenced from startup_stm32f40_41xxx.o(RESET)
 <LI><a href="#[56]">DMA1_Stream7_IRQHandler</a> from startup_stm32f40_41xxx.o(.text) referenced from startup_stm32f40_41xxx.o(RESET)
 <LI><a href="#[5f]">DMA2_Stream0_IRQHandler</a> from adc.o(.text) referenced from startup_stm32f40_41xxx.o(RESET)
 <LI><a href="#[60]">DMA2_Stream1_IRQHandler</a> from startup_stm32f40_41xxx.o(.text) referenced from startup_stm32f40_41xxx.o(RESET)
 <LI><a href="#[61]">DMA2_Stream2_IRQHandler</a> from startup_stm32f40_41xxx.o(.text) referenced from startup_stm32f40_41xxx.o(RESET)
 <LI><a href="#[62]">DMA2_Stream3_IRQHandler</a> from startup_stm32f40_41xxx.o(.text) referenced from startup_stm32f40_41xxx.o(RESET)
 <LI><a href="#[63]">DMA2_Stream4_IRQHandler</a> from startup_stm32f40_41xxx.o(.text) referenced from startup_stm32f40_41xxx.o(RESET)
 <LI><a href="#[6b]">DMA2_Stream5_IRQHandler</a> from startup_stm32f40_41xxx.o(.text) referenced from startup_stm32f40_41xxx.o(RESET)
 <LI><a href="#[6c]">DMA2_Stream6_IRQHandler</a> from startup_stm32f40_41xxx.o(.text) referenced from startup_stm32f40_41xxx.o(RESET)
 <LI><a href="#[6d]">DMA2_Stream7_IRQHandler</a> from startup_stm32f40_41xxx.o(.text) referenced from startup_stm32f40_41xxx.o(RESET)
 <LI><a href="#[24]">DebugMon_Handler</a> from stm32f4xx_it.o(.text) referenced from startup_stm32f40_41xxx.o(RESET)
 <LI><a href="#[64]">ETH_IRQHandler</a> from startup_stm32f40_41xxx.o(.text) referenced from startup_stm32f40_41xxx.o(RESET)
 <LI><a href="#[65]">ETH_WKUP_IRQHandler</a> from startup_stm32f40_41xxx.o(.text) referenced from startup_stm32f40_41xxx.o(RESET)
 <LI><a href="#[2d]">EXTI0_IRQHandler</a> from startup_stm32f40_41xxx.o(.text) referenced from startup_stm32f40_41xxx.o(RESET)
 <LI><a href="#[4f]">EXTI15_10_IRQHandler</a> from startup_stm32f40_41xxx.o(.text) referenced from startup_stm32f40_41xxx.o(RESET)
 <LI><a href="#[2e]">EXTI1_IRQHandler</a> from startup_stm32f40_41xxx.o(.text) referenced from startup_stm32f40_41xxx.o(RESET)
 <LI><a href="#[2f]">EXTI2_IRQHandler</a> from startup_stm32f40_41xxx.o(.text) referenced from startup_stm32f40_41xxx.o(RESET)
 <LI><a href="#[30]">EXTI3_IRQHandler</a> from startup_stm32f40_41xxx.o(.text) referenced from startup_stm32f40_41xxx.o(RESET)
 <LI><a href="#[31]">EXTI4_IRQHandler</a> from startup_stm32f40_41xxx.o(.text) referenced from startup_stm32f40_41xxx.o(RESET)
 <LI><a href="#[3e]">EXTI9_5_IRQHandler</a> from startup_stm32f40_41xxx.o(.text) referenced from startup_stm32f40_41xxx.o(RESET)
 <LI><a href="#[2b]">FLASH_IRQHandler</a> from startup_stm32f40_41xxx.o(.text) referenced from startup_stm32f40_41xxx.o(RESET)
 <LI><a href="#[78]">FPU_IRQHandler</a> from startup_stm32f40_41xxx.o(.text) referenced from startup_stm32f40_41xxx.o(RESET)
 <LI><a href="#[57]">FSMC_IRQHandler</a> from startup_stm32f40_41xxx.o(.text) referenced from startup_stm32f40_41xxx.o(RESET)
 <LI><a href="#[77]">HASH_RNG_IRQHandler</a> from startup_stm32f40_41xxx.o(.text) referenced from startup_stm32f40_41xxx.o(RESET)
 <LI><a href="#[1f]">HardFault_Handler</a> from stm32f4xx_it.o(.text) referenced from startup_stm32f40_41xxx.o(RESET)
 <LI><a href="#[47]">I2C1_ER_IRQHandler</a> from startup_stm32f40_41xxx.o(.text) referenced from startup_stm32f40_41xxx.o(RESET)
 <LI><a href="#[46]">I2C1_EV_IRQHandler</a> from startup_stm32f40_41xxx.o(.text) referenced from startup_stm32f40_41xxx.o(RESET)
 <LI><a href="#[49]">I2C2_ER_IRQHandler</a> from startup_stm32f40_41xxx.o(.text) referenced from startup_stm32f40_41xxx.o(RESET)
 <LI><a href="#[48]">I2C2_EV_IRQHandler</a> from startup_stm32f40_41xxx.o(.text) referenced from startup_stm32f40_41xxx.o(RESET)
 <LI><a href="#[70]">I2C3_ER_IRQHandler</a> from startup_stm32f40_41xxx.o(.text) referenced from startup_stm32f40_41xxx.o(RESET)
 <LI><a href="#[6f]">I2C3_EV_IRQHandler</a> from startup_stm32f40_41xxx.o(.text) referenced from startup_stm32f40_41xxx.o(RESET)
 <LI><a href="#[20]">MemManage_Handler</a> from stm32f4xx_it.o(.text) referenced from startup_stm32f40_41xxx.o(RESET)
 <LI><a href="#[1e]">NMI_Handler</a> from stm32f4xx_it.o(.text) referenced from startup_stm32f40_41xxx.o(RESET)
 <LI><a href="#[6a]">OTG_FS_IRQHandler</a> from usbh_usr.o(.text) referenced from startup_stm32f40_41xxx.o(RESET)
 <LI><a href="#[51]">OTG_FS_WKUP_IRQHandler</a> from startup_stm32f40_41xxx.o(.text) referenced from startup_stm32f40_41xxx.o(RESET)
 <LI><a href="#[72]">OTG_HS_EP1_IN_IRQHandler</a> from startup_stm32f40_41xxx.o(.text) referenced from startup_stm32f40_41xxx.o(RESET)
 <LI><a href="#[71]">OTG_HS_EP1_OUT_IRQHandler</a> from startup_stm32f40_41xxx.o(.text) referenced from startup_stm32f40_41xxx.o(RESET)
 <LI><a href="#[74]">OTG_HS_IRQHandler</a> from startup_stm32f40_41xxx.o(.text) referenced from startup_stm32f40_41xxx.o(RESET)
 <LI><a href="#[73]">OTG_HS_WKUP_IRQHandler</a> from startup_stm32f40_41xxx.o(.text) referenced from startup_stm32f40_41xxx.o(RESET)
 <LI><a href="#[28]">PVD_IRQHandler</a> from startup_stm32f40_41xxx.o(.text) referenced from startup_stm32f40_41xxx.o(RESET)
 <LI><a href="#[25]">PendSV_Handler</a> from stm32f4xx_it.o(.text) referenced from startup_stm32f40_41xxx.o(RESET)
 <LI><a href="#[2c]">RCC_IRQHandler</a> from startup_stm32f40_41xxx.o(.text) referenced from startup_stm32f40_41xxx.o(RESET)
 <LI><a href="#[50]">RTC_Alarm_IRQHandler</a> from rtc.o(.text) referenced from startup_stm32f40_41xxx.o(RESET)
 <LI><a href="#[2a]">RTC_WKUP_IRQHandler</a> from rtc.o(.text) referenced from startup_stm32f40_41xxx.o(RESET)
 <LI><a href="#[1d]">Reset_Handler</a> from startup_stm32f40_41xxx.o(.text) referenced from startup_stm32f40_41xxx.o(RESET)
 <LI><a href="#[58]">SDIO_IRQHandler</a> from startup_stm32f40_41xxx.o(.text) referenced from startup_stm32f40_41xxx.o(RESET)
 <LI><a href="#[4a]">SPI1_IRQHandler</a> from startup_stm32f40_41xxx.o(.text) referenced from startup_stm32f40_41xxx.o(RESET)
 <LI><a href="#[4b]">SPI2_IRQHandler</a> from startup_stm32f40_41xxx.o(.text) referenced from startup_stm32f40_41xxx.o(RESET)
 <LI><a href="#[5a]">SPI3_IRQHandler</a> from startup_stm32f40_41xxx.o(.text) referenced from startup_stm32f40_41xxx.o(RESET)
 <LI><a href="#[23]">SVC_Handler</a> from stm32f4xx_it.o(.text) referenced from startup_stm32f40_41xxx.o(RESET)
 <LI><a href="#[26]">SysTick_Handler</a> from stm32f4xx_it.o(.text) referenced from startup_stm32f40_41xxx.o(RESET)
 <LI><a href="#[79]">SystemInit</a> from system_stm32f4xx.o(.text) referenced from startup_stm32f40_41xxx.o(.text)
 <LI><a href="#[29]">TAMP_STAMP_IRQHandler</a> from startup_stm32f40_41xxx.o(.text) referenced from startup_stm32f40_41xxx.o(RESET)
 <LI><a href="#[3f]">TIM1_BRK_TIM9_IRQHandler</a> from startup_stm32f40_41xxx.o(.text) referenced from startup_stm32f40_41xxx.o(RESET)
 <LI><a href="#[42]">TIM1_CC_IRQHandler</a> from startup_stm32f40_41xxx.o(.text) referenced from startup_stm32f40_41xxx.o(RESET)
 <LI><a href="#[41]">TIM1_TRG_COM_TIM11_IRQHandler</a> from startup_stm32f40_41xxx.o(.text) referenced from startup_stm32f40_41xxx.o(RESET)
 <LI><a href="#[40]">TIM1_UP_TIM10_IRQHandler</a> from timer.o(.text) referenced from startup_stm32f40_41xxx.o(RESET)
 <LI><a href="#[43]">TIM2_IRQHandler</a> from startup_stm32f40_41xxx.o(.text) referenced from startup_stm32f40_41xxx.o(RESET)
 <LI><a href="#[44]">TIM3_IRQHandler</a> from timer.o(.text) referenced from startup_stm32f40_41xxx.o(RESET)
 <LI><a href="#[45]">TIM4_IRQHandler</a> from startup_stm32f40_41xxx.o(.text) referenced from startup_stm32f40_41xxx.o(RESET)
 <LI><a href="#[59]">TIM5_IRQHandler</a> from startup_stm32f40_41xxx.o(.text) referenced from startup_stm32f40_41xxx.o(RESET)
 <LI><a href="#[5d]">TIM6_DAC_IRQHandler</a> from startup_stm32f40_41xxx.o(.text) referenced from startup_stm32f40_41xxx.o(RESET)
 <LI><a href="#[5e]">TIM7_IRQHandler</a> from startup_stm32f40_41xxx.o(.text) referenced from startup_stm32f40_41xxx.o(RESET)
 <LI><a href="#[52]">TIM8_BRK_TIM12_IRQHandler</a> from startup_stm32f40_41xxx.o(.text) referenced from startup_stm32f40_41xxx.o(RESET)
 <LI><a href="#[55]">TIM8_CC_IRQHandler</a> from startup_stm32f40_41xxx.o(.text) referenced from startup_stm32f40_41xxx.o(RESET)
 <LI><a href="#[54]">TIM8_TRG_COM_TIM14_IRQHandler</a> from startup_stm32f40_41xxx.o(.text) referenced from startup_stm32f40_41xxx.o(RESET)
 <LI><a href="#[53]">TIM8_UP_TIM13_IRQHandler</a> from startup_stm32f40_41xxx.o(.text) referenced from startup_stm32f40_41xxx.o(RESET)
 <LI><a href="#[5b]">UART4_IRQHandler</a> from startup_stm32f40_41xxx.o(.text) referenced from startup_stm32f40_41xxx.o(RESET)
 <LI><a href="#[5c]">UART5_IRQHandler</a> from usart.o(.text) referenced from startup_stm32f40_41xxx.o(RESET)
 <LI><a href="#[4c]">USART1_IRQHandler</a> from startup_stm32f40_41xxx.o(.text) referenced from startup_stm32f40_41xxx.o(RESET)
 <LI><a href="#[4d]">USART2_IRQHandler</a> from usart.o(.text) referenced from startup_stm32f40_41xxx.o(RESET)
 <LI><a href="#[4e]">USART3_IRQHandler</a> from startup_stm32f40_41xxx.o(.text) referenced from startup_stm32f40_41xxx.o(RESET)
 <LI><a href="#[6e]">USART6_IRQHandler</a> from startup_stm32f40_41xxx.o(.text) referenced from startup_stm32f40_41xxx.o(RESET)
 <LI><a href="#[3]">USBH_Connected</a> from usbh_core.o(.text) referenced 2 times from usbh_core.o(.data)
 <LI><a href="#[4]">USBH_Disconnected</a> from usbh_core.o(.text) referenced 2 times from usbh_core.o(.data)
 <LI><a href="#[7]">USBH_MSC_ClassRequest</a> from usbh_msc_core.o(.text) referenced 2 times from usbh_msc_core.o(.data)
 <LI><a href="#[8]">USBH_MSC_Handle</a> from usbh_msc_core.o(.text) referenced 2 times from usbh_msc_core.o(.data)
 <LI><a href="#[6]">USBH_MSC_InterfaceDeInit</a> from usbh_msc_core.o(.text) referenced 2 times from usbh_msc_core.o(.data)
 <LI><a href="#[5]">USBH_MSC_InterfaceInit</a> from usbh_msc_core.o(.text) referenced 2 times from usbh_msc_core.o(.data)
 <LI><a href="#[2]">USBH_SOF</a> from usbh_core.o(.text) referenced 2 times from usbh_core.o(.data)
 <LI><a href="#[12]">USBH_USR_Configuration_DescAvailable</a> from usbh_usr.o(.text) referenced 2 times from usbh_usr.o(.data)
 <LI><a href="#[a]">USBH_USR_DeInit</a> from usbh_usr.o(.text) referenced 2 times from usbh_usr.o(.data)
 <LI><a href="#[11]">USBH_USR_DeviceAddressAssigned</a> from usbh_usr.o(.text) referenced 2 times from usbh_usr.o(.data)
 <LI><a href="#[b]">USBH_USR_DeviceAttached</a> from usbh_usr.o(.text) referenced 2 times from usbh_usr.o(.data)
 <LI><a href="#[d]">USBH_USR_DeviceDisconnected</a> from usbh_usr.o(.text) referenced 2 times from usbh_usr.o(.data)
 <LI><a href="#[19]">USBH_USR_DeviceNotSupported</a> from usbh_usr.o(.text) referenced 2 times from usbh_usr.o(.data)
 <LI><a href="#[f]">USBH_USR_DeviceSpeedDetected</a> from usbh_usr.o(.text) referenced 2 times from usbh_usr.o(.data)
 <LI><a href="#[10]">USBH_USR_Device_DescAvailable</a> from usbh_usr.o(.text) referenced 2 times from usbh_usr.o(.data)
 <LI><a href="#[16]">USBH_USR_EnumerationDone</a> from usbh_usr.o(.text) referenced 2 times from usbh_usr.o(.data)
 <LI><a href="#[9]">USBH_USR_Init</a> from usbh_usr.o(.text) referenced 2 times from usbh_usr.o(.data)
 <LI><a href="#[18]">USBH_USR_MSC_Application</a> from usbh_usr.o(.text) referenced 2 times from usbh_usr.o(.data)
 <LI><a href="#[13]">USBH_USR_Manufacturer_String</a> from usbh_usr.o(.text) referenced 2 times from usbh_usr.o(.data)
 <LI><a href="#[e]">USBH_USR_OverCurrentDetected</a> from usbh_usr.o(.text) referenced 2 times from usbh_usr.o(.data)
 <LI><a href="#[14]">USBH_USR_Product_String</a> from usbh_usr.o(.text) referenced 2 times from usbh_usr.o(.data)
 <LI><a href="#[c]">USBH_USR_ResetDevice</a> from usbh_usr.o(.text) referenced 2 times from usbh_usr.o(.data)
 <LI><a href="#[15]">USBH_USR_SerialNum_String</a> from usbh_usr.o(.text) referenced 2 times from usbh_usr.o(.data)
 <LI><a href="#[1a]">USBH_USR_UnrecoveredError</a> from usbh_usr.o(.text) referenced 2 times from usbh_usr.o(.data)
 <LI><a href="#[17]">USBH_USR_UserInput</a> from usbh_usr.o(.text) referenced 2 times from usbh_usr.o(.data)
 <LI><a href="#[22]">UsageFault_Handler</a> from stm32f4xx_it.o(.text) referenced from startup_stm32f40_41xxx.o(RESET)
 <LI><a href="#[27]">WWDG_IRQHandler</a> from startup_stm32f40_41xxx.o(.text) referenced from startup_stm32f40_41xxx.o(RESET)
 <LI><a href="#[7b]">__main</a> from __main.o(!!!main) referenced from startup_stm32f40_41xxx.o(.text)
 <LI><a href="#[1b]">my_mem_init</a> from malloc.o(.text) referenced 2 times from malloc.o(.data)
 <LI><a href="#[1c]">my_mem_perused</a> from malloc.o(.text) referenced 2 times from malloc.o(.data)
</UL>
<P>
<H3>
Global Symbols
</H3>
<P><STRONG><a name="[7b]"></a>__main</STRONG> (Thumb, 8 bytes, Stack size 0 bytes, __main.o(!!!main))
<BR><BR>[Calls]<UL><LI><a href="#[7d]">&gt;&gt;</a>&nbsp;&nbsp;&nbsp;__rt_entry
<LI><a href="#[7c]">&gt;&gt;</a>&nbsp;&nbsp;&nbsp;__scatterload
</UL>

<P><STRONG><a name="[7c]"></a>__scatterload</STRONG> (Thumb, 0 bytes, Stack size unknown bytes, __scatter.o(!!!scatter))
<BR><BR>[Called By]<UL><LI><a href="#[7b]">&gt;&gt;</a>&nbsp;&nbsp;&nbsp;__main
</UL>

<P><STRONG><a name="[7e]"></a>__scatterload_rt2</STRONG> (Thumb, 44 bytes, Stack size unknown bytes, __scatter.o(!!!scatter), UNUSED)
<BR><BR>[Calls]<UL><LI><a href="#[7d]">&gt;&gt;</a>&nbsp;&nbsp;&nbsp;__rt_entry
</UL>

<P><STRONG><a name="[2f2]"></a>__scatterload_rt2_thumb_only</STRONG> (Thumb, 0 bytes, Stack size unknown bytes, __scatter.o(!!!scatter), UNUSED)

<P><STRONG><a name="[2f3]"></a>__scatterload_null</STRONG> (Thumb, 0 bytes, Stack size unknown bytes, __scatter.o(!!!scatter), UNUSED)

<P><STRONG><a name="[2f4]"></a>__decompress</STRONG> (Thumb, 90 bytes, Stack size unknown bytes, __dczerorl2.o(!!dczerorl2), UNUSED)

<P><STRONG><a name="[2f5]"></a>__decompress1</STRONG> (Thumb, 0 bytes, Stack size unknown bytes, __dczerorl2.o(!!dczerorl2), UNUSED)

<P><STRONG><a name="[2f6]"></a>__scatterload_zeroinit</STRONG> (Thumb, 28 bytes, Stack size unknown bytes, __scatter_zi.o(!!handler_zi), UNUSED)

<P><STRONG><a name="[84]"></a>__rt_lib_init</STRONG> (Thumb, 0 bytes, Stack size unknown bytes, libinit.o(.ARM.Collect$$libinit$$00000000))
<BR><BR>[Called By]<UL><LI><a href="#[83]">&gt;&gt;</a>&nbsp;&nbsp;&nbsp;__rt_entry_li
</UL>

<P><STRONG><a name="[7f]"></a>__rt_lib_init_fp_1</STRONG> (Thumb, 0 bytes, Stack size unknown bytes, libinit2.o(.ARM.Collect$$libinit$$00000001))
<BR><BR>[Calls]<UL><LI><a href="#[80]">&gt;&gt;</a>&nbsp;&nbsp;&nbsp;_fp_init
</UL>

<P><STRONG><a name="[2f7]"></a>__rt_lib_init_alloca_1</STRONG> (Thumb, 0 bytes, Stack size unknown bytes, libinit2.o(.ARM.Collect$$libinit$$0000002C))

<P><STRONG><a name="[2f8]"></a>__rt_lib_init_argv_1</STRONG> (Thumb, 0 bytes, Stack size unknown bytes, libinit2.o(.ARM.Collect$$libinit$$0000002A))

<P><STRONG><a name="[2f9]"></a>__rt_lib_init_atexit_1</STRONG> (Thumb, 0 bytes, Stack size unknown bytes, libinit2.o(.ARM.Collect$$libinit$$00000019))

<P><STRONG><a name="[2fa]"></a>__rt_lib_init_clock_1</STRONG> (Thumb, 0 bytes, Stack size unknown bytes, libinit2.o(.ARM.Collect$$libinit$$0000001F))

<P><STRONG><a name="[2fb]"></a>__rt_lib_init_cpp_1</STRONG> (Thumb, 0 bytes, Stack size unknown bytes, libinit2.o(.ARM.Collect$$libinit$$00000030))

<P><STRONG><a name="[2fc]"></a>__rt_lib_init_exceptions_1</STRONG> (Thumb, 0 bytes, Stack size unknown bytes, libinit2.o(.ARM.Collect$$libinit$$0000002E))

<P><STRONG><a name="[2fd]"></a>__rt_lib_init_fp_trap_1</STRONG> (Thumb, 0 bytes, Stack size unknown bytes, libinit2.o(.ARM.Collect$$libinit$$0000001D))

<P><STRONG><a name="[2fe]"></a>__rt_lib_init_getenv_1</STRONG> (Thumb, 0 bytes, Stack size unknown bytes, libinit2.o(.ARM.Collect$$libinit$$00000021))

<P><STRONG><a name="[2ff]"></a>__rt_lib_init_heap_1</STRONG> (Thumb, 0 bytes, Stack size unknown bytes, libinit2.o(.ARM.Collect$$libinit$$00000008))

<P><STRONG><a name="[300]"></a>__rt_lib_init_lc_collate_1</STRONG> (Thumb, 0 bytes, Stack size unknown bytes, libinit2.o(.ARM.Collect$$libinit$$0000000F))

<P><STRONG><a name="[301]"></a>__rt_lib_init_lc_ctype_1</STRONG> (Thumb, 0 bytes, Stack size unknown bytes, libinit2.o(.ARM.Collect$$libinit$$00000011))

<P><STRONG><a name="[302]"></a>__rt_lib_init_lc_monetary_1</STRONG> (Thumb, 0 bytes, Stack size unknown bytes, libinit2.o(.ARM.Collect$$libinit$$00000013))

<P><STRONG><a name="[303]"></a>__rt_lib_init_lc_numeric_1</STRONG> (Thumb, 0 bytes, Stack size unknown bytes, libinit2.o(.ARM.Collect$$libinit$$00000015))

<P><STRONG><a name="[304]"></a>__rt_lib_init_lc_time_1</STRONG> (Thumb, 0 bytes, Stack size unknown bytes, libinit2.o(.ARM.Collect$$libinit$$00000017))

<P><STRONG><a name="[305]"></a>__rt_lib_init_rand_1</STRONG> (Thumb, 0 bytes, Stack size unknown bytes, libinit2.o(.ARM.Collect$$libinit$$0000000C))

<P><STRONG><a name="[306]"></a>__rt_lib_init_return</STRONG> (Thumb, 0 bytes, Stack size unknown bytes, libinit2.o(.ARM.Collect$$libinit$$00000031))

<P><STRONG><a name="[307]"></a>__rt_lib_init_signal_1</STRONG> (Thumb, 0 bytes, Stack size unknown bytes, libinit2.o(.ARM.Collect$$libinit$$0000001B))

<P><STRONG><a name="[308]"></a>__rt_lib_init_stdio_1</STRONG> (Thumb, 0 bytes, Stack size unknown bytes, libinit2.o(.ARM.Collect$$libinit$$00000023))

<P><STRONG><a name="[309]"></a>__rt_lib_init_user_alloc_1</STRONG> (Thumb, 0 bytes, Stack size unknown bytes, libinit2.o(.ARM.Collect$$libinit$$0000000A))

<P><STRONG><a name="[89]"></a>__rt_lib_shutdown</STRONG> (Thumb, 0 bytes, Stack size unknown bytes, libshutdown.o(.ARM.Collect$$libshutdown$$00000000))
<BR><BR>[Called By]<UL><LI><a href="#[88]">&gt;&gt;</a>&nbsp;&nbsp;&nbsp;__rt_exit_ls
</UL>

<P><STRONG><a name="[30a]"></a>__rt_lib_shutdown_fp_trap_1</STRONG> (Thumb, 0 bytes, Stack size unknown bytes, libshutdown2.o(.ARM.Collect$$libshutdown$$00000006))

<P><STRONG><a name="[30b]"></a>__rt_lib_shutdown_heap_1</STRONG> (Thumb, 0 bytes, Stack size unknown bytes, libshutdown2.o(.ARM.Collect$$libshutdown$$0000000E))

<P><STRONG><a name="[30c]"></a>__rt_lib_shutdown_return</STRONG> (Thumb, 0 bytes, Stack size unknown bytes, libshutdown2.o(.ARM.Collect$$libshutdown$$0000000F))

<P><STRONG><a name="[30d]"></a>__rt_lib_shutdown_signal_1</STRONG> (Thumb, 0 bytes, Stack size unknown bytes, libshutdown2.o(.ARM.Collect$$libshutdown$$00000009))

<P><STRONG><a name="[30e]"></a>__rt_lib_shutdown_stdio_1</STRONG> (Thumb, 0 bytes, Stack size unknown bytes, libshutdown2.o(.ARM.Collect$$libshutdown$$00000003))

<P><STRONG><a name="[30f]"></a>__rt_lib_shutdown_user_alloc_1</STRONG> (Thumb, 0 bytes, Stack size unknown bytes, libshutdown2.o(.ARM.Collect$$libshutdown$$0000000B))

<P><STRONG><a name="[7d]"></a>__rt_entry</STRONG> (Thumb, 0 bytes, Stack size unknown bytes, rtentry.o(.ARM.Collect$$rtentry$$00000000))
<BR><BR>[Called By]<UL><LI><a href="#[7b]">&gt;&gt;</a>&nbsp;&nbsp;&nbsp;__main
<LI><a href="#[7e]">&gt;&gt;</a>&nbsp;&nbsp;&nbsp;__scatterload_rt2
</UL>

<P><STRONG><a name="[310]"></a>__rt_entry_presh_1</STRONG> (Thumb, 0 bytes, Stack size unknown bytes, rtentry2.o(.ARM.Collect$$rtentry$$00000002))

<P><STRONG><a name="[81]"></a>__rt_entry_sh</STRONG> (Thumb, 0 bytes, Stack size unknown bytes, rtentry4.o(.ARM.Collect$$rtentry$$00000004))
<BR><BR>[Stack]<UL><LI>Max Depth = 8 + Unknown Stack Size
<LI>Call Chain = __rt_entry_sh &rArr; __user_setup_stackheap
</UL>
<BR>[Calls]<UL><LI><a href="#[82]">&gt;&gt;</a>&nbsp;&nbsp;&nbsp;__user_setup_stackheap
</UL>

<P><STRONG><a name="[83]"></a>__rt_entry_li</STRONG> (Thumb, 0 bytes, Stack size unknown bytes, rtentry2.o(.ARM.Collect$$rtentry$$0000000A))
<BR><BR>[Calls]<UL><LI><a href="#[84]">&gt;&gt;</a>&nbsp;&nbsp;&nbsp;__rt_lib_init
</UL>

<P><STRONG><a name="[311]"></a>__rt_entry_postsh_1</STRONG> (Thumb, 0 bytes, Stack size unknown bytes, rtentry2.o(.ARM.Collect$$rtentry$$00000009))

<P><STRONG><a name="[85]"></a>__rt_entry_main</STRONG> (Thumb, 0 bytes, Stack size unknown bytes, rtentry2.o(.ARM.Collect$$rtentry$$0000000D))
<BR><BR>[Stack]<UL><LI>Max Depth = 636 + Unknown Stack Size
<LI>Call Chain = __rt_entry_main &rArr; main &rArr; usb_out_sample_file_task &rArr; f_open &rArr; dir_register &rArr; dir_find &rArr; dir_next &rArr; create_chain &rArr; put_fat &rArr; move_window &rArr; sync_window &rArr; disk_write &rArr; USBH_UDISK_Write &rArr; USBH_MSC_HandleBOTXfer &rArr; USBH_BulkReceiveData &rArr; HCD_SubmitRequest &rArr; USB_OTG_HC_StartXfer &rArr; USB_OTG_WritePacket
</UL>
<BR>[Calls]<UL><LI><a href="#[86]">&gt;&gt;</a>&nbsp;&nbsp;&nbsp;main
<LI><a href="#[87]">&gt;&gt;</a>&nbsp;&nbsp;&nbsp;exit
</UL>

<P><STRONG><a name="[312]"></a>__rt_entry_postli_1</STRONG> (Thumb, 0 bytes, Stack size unknown bytes, rtentry2.o(.ARM.Collect$$rtentry$$0000000C))

<P><STRONG><a name="[2e0]"></a>__rt_exit</STRONG> (Thumb, 0 bytes, Stack size unknown bytes, rtexit.o(.ARM.Collect$$rtexit$$00000000))
<BR><BR>[Called By]<UL><LI><a href="#[87]">&gt;&gt;</a>&nbsp;&nbsp;&nbsp;exit
</UL>

<P><STRONG><a name="[88]"></a>__rt_exit_ls</STRONG> (Thumb, 0 bytes, Stack size unknown bytes, rtexit2.o(.ARM.Collect$$rtexit$$00000003))
<BR><BR>[Calls]<UL><LI><a href="#[89]">&gt;&gt;</a>&nbsp;&nbsp;&nbsp;__rt_lib_shutdown
</UL>

<P><STRONG><a name="[313]"></a>__rt_exit_prels_1</STRONG> (Thumb, 0 bytes, Stack size unknown bytes, rtexit2.o(.ARM.Collect$$rtexit$$00000002))

<P><STRONG><a name="[8a]"></a>__rt_exit_exit</STRONG> (Thumb, 0 bytes, Stack size unknown bytes, rtexit2.o(.ARM.Collect$$rtexit$$00000004))
<BR><BR>[Calls]<UL><LI><a href="#[8b]">&gt;&gt;</a>&nbsp;&nbsp;&nbsp;_sys_exit
</UL>

<P><STRONG><a name="[86]"></a>main</STRONG> (Thumb, 280 bytes, Stack size 8 bytes, main.o(.text))
<BR><BR>[Stack]<UL><LI>Max Depth = 636<LI>Call Chain = main &rArr; usb_out_sample_file_task &rArr; f_open &rArr; dir_register &rArr; dir_find &rArr; dir_next &rArr; create_chain &rArr; put_fat &rArr; move_window &rArr; sync_window &rArr; disk_write &rArr; USBH_UDISK_Write &rArr; USBH_MSC_HandleBOTXfer &rArr; USBH_BulkReceiveData &rArr; HCD_SubmitRequest &rArr; USB_OTG_HC_StartXfer &rArr; USB_OTG_WritePacket
</UL>
<BR>[Calls]<UL><LI><a href="#[b8]">&gt;&gt;</a>&nbsp;&nbsp;&nbsp;wk_ctr
<LI><a href="#[90]">&gt;&gt;</a>&nbsp;&nbsp;&nbsp;wk_GPIOInit
<LI><a href="#[ad]">&gt;&gt;</a>&nbsp;&nbsp;&nbsp;usb_out_sample_file_task
<LI><a href="#[ae]">&gt;&gt;</a>&nbsp;&nbsp;&nbsp;usb_out_power_file_task
<LI><a href="#[a9]">&gt;&gt;</a>&nbsp;&nbsp;&nbsp;uart_task
<LI><a href="#[9b]">&gt;&gt;</a>&nbsp;&nbsp;&nbsp;timer_task_init
<LI><a href="#[a8]">&gt;&gt;</a>&nbsp;&nbsp;&nbsp;timer_task
<LI><a href="#[9f]">&gt;&gt;</a>&nbsp;&nbsp;&nbsp;sys_check
<LI><a href="#[a4]">&gt;&gt;</a>&nbsp;&nbsp;&nbsp;sample_B_task_init
<LI><a href="#[b5]">&gt;&gt;</a>&nbsp;&nbsp;&nbsp;sample_B_task
<LI><a href="#[a3]">&gt;&gt;</a>&nbsp;&nbsp;&nbsp;sample_A_task_init
<LI><a href="#[b4]">&gt;&gt;</a>&nbsp;&nbsp;&nbsp;sample_A_task
<LI><a href="#[af]">&gt;&gt;</a>&nbsp;&nbsp;&nbsp;read_temperature_task
<LI><a href="#[b6]">&gt;&gt;</a>&nbsp;&nbsp;&nbsp;print_sample_file_task
<LI><a href="#[b7]">&gt;&gt;</a>&nbsp;&nbsp;&nbsp;print_power_file_task
<LI><a href="#[a6]">&gt;&gt;</a>&nbsp;&nbsp;&nbsp;power_lose_test
<LI><a href="#[1b]">&gt;&gt;</a>&nbsp;&nbsp;&nbsp;my_mem_init
<LI><a href="#[aa]">&gt;&gt;</a>&nbsp;&nbsp;&nbsp;key_task
<LI><a href="#[98]">&gt;&gt;</a>&nbsp;&nbsp;&nbsp;f_mount
<LI><a href="#[97]">&gt;&gt;</a>&nbsp;&nbsp;&nbsp;exfuns_init
<LI><a href="#[ac]">&gt;&gt;</a>&nbsp;&nbsp;&nbsp;display_task
<LI><a href="#[8d]">&gt;&gt;</a>&nbsp;&nbsp;&nbsp;delay_init
<LI><a href="#[b3]">&gt;&gt;</a>&nbsp;&nbsp;&nbsp;ctr_B_pump_task
<LI><a href="#[b2]">&gt;&gt;</a>&nbsp;&nbsp;&nbsp;ctr_A_pump_task
<LI><a href="#[9c]">&gt;&gt;</a>&nbsp;&nbsp;&nbsp;bluetooth_init
<LI><a href="#[ba]">&gt;&gt;</a>&nbsp;&nbsp;&nbsp;bluetooth_connect_task
<LI><a href="#[96]">&gt;&gt;</a>&nbsp;&nbsp;&nbsp;W25QXX_Init
<LI><a href="#[a7]">&gt;&gt;</a>&nbsp;&nbsp;&nbsp;USBH_Process
<LI><a href="#[99]">&gt;&gt;</a>&nbsp;&nbsp;&nbsp;USBH_Init
<LI><a href="#[91]">&gt;&gt;</a>&nbsp;&nbsp;&nbsp;TIM1_Int_Init
<LI><a href="#[b0]">&gt;&gt;</a>&nbsp;&nbsp;&nbsp;SSDL_task
<LI><a href="#[a1]">&gt;&gt;</a>&nbsp;&nbsp;&nbsp;SSDL_port_init
<LI><a href="#[9a]">&gt;&gt;</a>&nbsp;&nbsp;&nbsp;ParaInit
<LI><a href="#[92]">&gt;&gt;</a>&nbsp;&nbsp;&nbsp;PUMP_AB_PWM_Init
<LI><a href="#[8f]">&gt;&gt;</a>&nbsp;&nbsp;&nbsp;POWER_TEST_Init
<LI><a href="#[8c]">&gt;&gt;</a>&nbsp;&nbsp;&nbsp;NVIC_PriorityGroupConfig
<LI><a href="#[95]">&gt;&gt;</a>&nbsp;&nbsp;&nbsp;My_RTC_Init
<LI><a href="#[ab]">&gt;&gt;</a>&nbsp;&nbsp;&nbsp;LED_task
<LI><a href="#[8e]">&gt;&gt;</a>&nbsp;&nbsp;&nbsp;LED_Init
<LI><a href="#[9e]">&gt;&gt;</a>&nbsp;&nbsp;&nbsp;FileInit
<LI><a href="#[93]">&gt;&gt;</a>&nbsp;&nbsp;&nbsp;FM24C64_GPIOInit
<LI><a href="#[9d]">&gt;&gt;</a>&nbsp;&nbsp;&nbsp;DS18b20_init
<LI><a href="#[b9]">&gt;&gt;</a>&nbsp;&nbsp;&nbsp;DS1302_task
<LI><a href="#[a5]">&gt;&gt;</a>&nbsp;&nbsp;&nbsp;DMT_refresh_para
<LI><a href="#[94]">&gt;&gt;</a>&nbsp;&nbsp;&nbsp;DMT_Init
<LI><a href="#[a0]">&gt;&gt;</a>&nbsp;&nbsp;&nbsp;DMT_ChangePic
<LI><a href="#[a2]">&gt;&gt;</a>&nbsp;&nbsp;&nbsp;ADC_task_init
<LI><a href="#[b1]">&gt;&gt;</a>&nbsp;&nbsp;&nbsp;ADC_task
</UL>
<BR>[Called By]<UL><LI><a href="#[85]">&gt;&gt;</a>&nbsp;&nbsp;&nbsp;__rt_entry_main
</UL>

<P><STRONG><a name="[bb]"></a>set_modify_time</STRONG> (Thumb, 72 bytes, Stack size 64 bytes, main.o(.text), UNUSED)
<BR><BR>[Calls]<UL><LI><a href="#[bc]">&gt;&gt;</a>&nbsp;&nbsp;&nbsp;f_utime
</UL>

<P><STRONG><a name="[2d5]"></a>USH_User_App</STRONG> (Thumb, 10 bytes, Stack size 0 bytes, main.o(.text))
<BR><BR>[Called By]<UL><LI><a href="#[18]">&gt;&gt;</a>&nbsp;&nbsp;&nbsp;USBH_USR_MSC_Application
</UL>

<P><STRONG><a name="[1e]"></a>NMI_Handler</STRONG> (Thumb, 2 bytes, Stack size 0 bytes, stm32f4xx_it.o(.text))
<BR>[Address Reference Count : 1]<UL><LI> startup_stm32f40_41xxx.o(RESET)
</UL>
<P><STRONG><a name="[1f]"></a>HardFault_Handler</STRONG> (Thumb, 4 bytes, Stack size 0 bytes, stm32f4xx_it.o(.text))
<BR>[Address Reference Count : 1]<UL><LI> startup_stm32f40_41xxx.o(RESET)
</UL>
<P><STRONG><a name="[20]"></a>MemManage_Handler</STRONG> (Thumb, 4 bytes, Stack size 0 bytes, stm32f4xx_it.o(.text))
<BR>[Address Reference Count : 1]<UL><LI> startup_stm32f40_41xxx.o(RESET)
</UL>
<P><STRONG><a name="[21]"></a>BusFault_Handler</STRONG> (Thumb, 4 bytes, Stack size 0 bytes, stm32f4xx_it.o(.text))
<BR>[Address Reference Count : 1]<UL><LI> startup_stm32f40_41xxx.o(RESET)
</UL>
<P><STRONG><a name="[22]"></a>UsageFault_Handler</STRONG> (Thumb, 4 bytes, Stack size 0 bytes, stm32f4xx_it.o(.text))
<BR>[Address Reference Count : 1]<UL><LI> startup_stm32f40_41xxx.o(RESET)
</UL>
<P><STRONG><a name="[23]"></a>SVC_Handler</STRONG> (Thumb, 2 bytes, Stack size 0 bytes, stm32f4xx_it.o(.text))
<BR>[Address Reference Count : 1]<UL><LI> startup_stm32f40_41xxx.o(RESET)
</UL>
<P><STRONG><a name="[24]"></a>DebugMon_Handler</STRONG> (Thumb, 2 bytes, Stack size 0 bytes, stm32f4xx_it.o(.text))
<BR>[Address Reference Count : 1]<UL><LI> startup_stm32f40_41xxx.o(RESET)
</UL>
<P><STRONG><a name="[25]"></a>PendSV_Handler</STRONG> (Thumb, 2 bytes, Stack size 0 bytes, stm32f4xx_it.o(.text))
<BR>[Address Reference Count : 1]<UL><LI> startup_stm32f40_41xxx.o(RESET)
</UL>
<P><STRONG><a name="[26]"></a>SysTick_Handler</STRONG> (Thumb, 2 bytes, Stack size 0 bytes, stm32f4xx_it.o(.text))
<BR>[Address Reference Count : 1]<UL><LI> startup_stm32f40_41xxx.o(RESET)
</UL>
<P><STRONG><a name="[79]"></a>SystemInit</STRONG> (Thumb, 88 bytes, Stack size 8 bytes, system_stm32f4xx.o(.text))
<BR><BR>[Stack]<UL><LI>Max Depth = 20<LI>Call Chain = SystemInit &rArr; SetSysClock
</UL>
<BR>[Calls]<UL><LI><a href="#[bd]">&gt;&gt;</a>&nbsp;&nbsp;&nbsp;SetSysClock
</UL>
<BR>[Address Reference Count : 1]<UL><LI> startup_stm32f40_41xxx.o(.text)
</UL>
<P><STRONG><a name="[314]"></a>SystemCoreClockUpdate</STRONG> (Thumb, 174 bytes, Stack size 16 bytes, system_stm32f4xx.o(.text), UNUSED)

<P><STRONG><a name="[ca]"></a>set_refresh_wnd_num</STRONG> (Thumb, 28 bytes, Stack size 0 bytes, task.o(.text))
<BR><BR>[Called By]<UL><LI><a href="#[13a]">&gt;&gt;</a>&nbsp;&nbsp;&nbsp;power_on_to_sample
<LI><a href="#[10c]">&gt;&gt;</a>&nbsp;&nbsp;&nbsp;display_maintenance
<LI><a href="#[da]">&gt;&gt;</a>&nbsp;&nbsp;&nbsp;key_task_start_set
<LI><a href="#[ad]">&gt;&gt;</a>&nbsp;&nbsp;&nbsp;usb_out_sample_file_task
<LI><a href="#[ae]">&gt;&gt;</a>&nbsp;&nbsp;&nbsp;usb_out_power_file_task
<LI><a href="#[a9]">&gt;&gt;</a>&nbsp;&nbsp;&nbsp;uart_task
<LI><a href="#[b6]">&gt;&gt;</a>&nbsp;&nbsp;&nbsp;print_sample_file_task
<LI><a href="#[b7]">&gt;&gt;</a>&nbsp;&nbsp;&nbsp;print_power_file_task
<LI><a href="#[aa]">&gt;&gt;</a>&nbsp;&nbsp;&nbsp;key_task
</UL>

<P><STRONG><a name="[315]"></a>set_refresh_wnd_num_tmp</STRONG> (Thumb, 12 bytes, Stack size 0 bytes, task.o(.text), UNUSED)

<P><STRONG><a name="[e9]"></a>set_refresh_last_wnd_num</STRONG> (Thumb, 20 bytes, Stack size 0 bytes, task.o(.text))
<BR><BR>[Called By]<UL><LI><a href="#[116]">&gt;&gt;</a>&nbsp;&nbsp;&nbsp;display_query
<LI><a href="#[10b]">&gt;&gt;</a>&nbsp;&nbsp;&nbsp;display_sample
<LI><a href="#[aa]">&gt;&gt;</a>&nbsp;&nbsp;&nbsp;key_task
</UL>

<P><STRONG><a name="[be]"></a>timer_init</STRONG> (Thumb, 12 bytes, Stack size 0 bytes, task.o(.text))
<BR><BR>[Called By]<UL><LI><a href="#[116]">&gt;&gt;</a>&nbsp;&nbsp;&nbsp;display_query
<LI><a href="#[10c]">&gt;&gt;</a>&nbsp;&nbsp;&nbsp;display_maintenance
<LI><a href="#[10b]">&gt;&gt;</a>&nbsp;&nbsp;&nbsp;display_sample
<LI><a href="#[108]">&gt;&gt;</a>&nbsp;&nbsp;&nbsp;display_sleep
<LI><a href="#[106]">&gt;&gt;</a>&nbsp;&nbsp;&nbsp;display_power_lose
<LI><a href="#[c0]">&gt;&gt;</a>&nbsp;&nbsp;&nbsp;display_sleep_init
<LI><a href="#[ad]">&gt;&gt;</a>&nbsp;&nbsp;&nbsp;usb_out_sample_file_task
<LI><a href="#[ae]">&gt;&gt;</a>&nbsp;&nbsp;&nbsp;usb_out_power_file_task
<LI><a href="#[9b]">&gt;&gt;</a>&nbsp;&nbsp;&nbsp;timer_task_init
<LI><a href="#[b6]">&gt;&gt;</a>&nbsp;&nbsp;&nbsp;print_sample_file_task
<LI><a href="#[b7]">&gt;&gt;</a>&nbsp;&nbsp;&nbsp;print_power_file_task
<LI><a href="#[ba]">&gt;&gt;</a>&nbsp;&nbsp;&nbsp;bluetooth_connect_task
<LI><a href="#[ab]">&gt;&gt;</a>&nbsp;&nbsp;&nbsp;LED_task
</UL>

<P><STRONG><a name="[9b]"></a>timer_task_init</STRONG> (Thumb, 174 bytes, Stack size 4 bytes, task.o(.text))
<BR><BR>[Stack]<UL><LI>Max Depth = 4<LI>Call Chain = timer_task_init
</UL>
<BR>[Calls]<UL><LI><a href="#[be]">&gt;&gt;</a>&nbsp;&nbsp;&nbsp;timer_init
</UL>
<BR>[Called By]<UL><LI><a href="#[86]">&gt;&gt;</a>&nbsp;&nbsp;&nbsp;main
</UL>

<P><STRONG><a name="[bf]"></a>creat_timer_flag</STRONG> (Thumb, 54 bytes, Stack size 8 bytes, task.o(.text))
<BR><BR>[Stack]<UL><LI>Max Depth = 8<LI>Call Chain = creat_timer_flag
</UL>
<BR>[Called By]<UL><LI><a href="#[a8]">&gt;&gt;</a>&nbsp;&nbsp;&nbsp;timer_task
</UL>

<P><STRONG><a name="[a8]"></a>timer_task</STRONG> (Thumb, 262 bytes, Stack size 4 bytes, task.o(.text))
<BR><BR>[Stack]<UL><LI>Max Depth = 12<LI>Call Chain = timer_task &rArr; creat_timer_flag
</UL>
<BR>[Calls]<UL><LI><a href="#[bf]">&gt;&gt;</a>&nbsp;&nbsp;&nbsp;creat_timer_flag
</UL>
<BR>[Called By]<UL><LI><a href="#[86]">&gt;&gt;</a>&nbsp;&nbsp;&nbsp;main
</UL>

<P><STRONG><a name="[c0]"></a>display_sleep_init</STRONG> (Thumb, 42 bytes, Stack size 8 bytes, task.o(.text))
<BR><BR>[Stack]<UL><LI>Max Depth = 40<LI>Call Chain = display_sleep_init &rArr; DMT_SetBackLight
</UL>
<BR>[Calls]<UL><LI><a href="#[c1]">&gt;&gt;</a>&nbsp;&nbsp;&nbsp;DMT_SetBackLight
<LI><a href="#[be]">&gt;&gt;</a>&nbsp;&nbsp;&nbsp;timer_init
<LI><a href="#[a0]">&gt;&gt;</a>&nbsp;&nbsp;&nbsp;DMT_ChangePic
</UL>
<BR>[Called By]<UL><LI><a href="#[a9]">&gt;&gt;</a>&nbsp;&nbsp;&nbsp;uart_task
</UL>

<P><STRONG><a name="[a9]"></a>uart_task</STRONG> (Thumb, 5628 bytes, Stack size 48 bytes, task.o(.text))
<BR><BR>[Stack]<UL><LI>Max Depth = 148<LI>Call Chain = uart_task &rArr; save_sample_para &rArr; savelongdata &rArr; W_24 &rArr; ack &rArr; SDA_IN &rArr; GPIO_Init
</UL>
<BR>[Calls]<UL><LI><a href="#[ce]">&gt;&gt;</a>&nbsp;&nbsp;&nbsp;toBCD
<LI><a href="#[d2]">&gt;&gt;</a>&nbsp;&nbsp;&nbsp;savelongdata
<LI><a href="#[cc]">&gt;&gt;</a>&nbsp;&nbsp;&nbsp;saveintdata
<LI><a href="#[c8]">&gt;&gt;</a>&nbsp;&nbsp;&nbsp;savefloat
<LI><a href="#[d1]">&gt;&gt;</a>&nbsp;&nbsp;&nbsp;save_sample_para
<LI><a href="#[d5]">&gt;&gt;</a>&nbsp;&nbsp;&nbsp;bluetooth_set_printer_password
<LI><a href="#[d0]">&gt;&gt;</a>&nbsp;&nbsp;&nbsp;Write_time
<LI><a href="#[cd]">&gt;&gt;</a>&nbsp;&nbsp;&nbsp;Write_Date
<LI><a href="#[c9]">&gt;&gt;</a>&nbsp;&nbsp;&nbsp;W_24
<LI><a href="#[d7]">&gt;&gt;</a>&nbsp;&nbsp;&nbsp;RTC_AnalysisDataBuf
<LI><a href="#[cf]">&gt;&gt;</a>&nbsp;&nbsp;&nbsp;DMT_WriteRTC
<LI><a href="#[d3]">&gt;&gt;</a>&nbsp;&nbsp;&nbsp;DMT_ScreenIbuf
<LI><a href="#[d4]">&gt;&gt;</a>&nbsp;&nbsp;&nbsp;DMT_PutStr
<LI><a href="#[d6]">&gt;&gt;</a>&nbsp;&nbsp;&nbsp;DMT_GetVariableLongValue
<LI><a href="#[c4]">&gt;&gt;</a>&nbsp;&nbsp;&nbsp;DMT_GetVariableIntValue
<LI><a href="#[c3]">&gt;&gt;</a>&nbsp;&nbsp;&nbsp;DMT_GetVariableAddr
<LI><a href="#[d8]">&gt;&gt;</a>&nbsp;&nbsp;&nbsp;DMT_GetRegisterAddr
<LI><a href="#[d9]">&gt;&gt;</a>&nbsp;&nbsp;&nbsp;DMT_GetRTCValue
<LI><a href="#[c2]">&gt;&gt;</a>&nbsp;&nbsp;&nbsp;DMT_GetMessage
<LI><a href="#[c0]">&gt;&gt;</a>&nbsp;&nbsp;&nbsp;display_sleep_init
<LI><a href="#[ca]">&gt;&gt;</a>&nbsp;&nbsp;&nbsp;set_refresh_wnd_num
<LI><a href="#[cb]">&gt;&gt;</a>&nbsp;&nbsp;&nbsp;__aeabi_ui2d
<LI><a href="#[c5]">&gt;&gt;</a>&nbsp;&nbsp;&nbsp;__aeabi_i2d
<LI><a href="#[c6]">&gt;&gt;</a>&nbsp;&nbsp;&nbsp;__aeabi_ddiv
<LI><a href="#[c7]">&gt;&gt;</a>&nbsp;&nbsp;&nbsp;__aeabi_d2f
</UL>
<BR>[Called By]<UL><LI><a href="#[86]">&gt;&gt;</a>&nbsp;&nbsp;&nbsp;main
</UL>

<P><STRONG><a name="[da]"></a>key_task_start_set</STRONG> (Thumb, 220 bytes, Stack size 8 bytes, task.o(.text))
<BR><BR>[Stack]<UL><LI>Max Depth = 108<LI>Call Chain = key_task_start_set &rArr; save_sample_para &rArr; savelongdata &rArr; W_24 &rArr; ack &rArr; SDA_IN &rArr; GPIO_Init
</UL>
<BR>[Calls]<UL><LI><a href="#[d1]">&gt;&gt;</a>&nbsp;&nbsp;&nbsp;save_sample_para
<LI><a href="#[ca]">&gt;&gt;</a>&nbsp;&nbsp;&nbsp;set_refresh_wnd_num
</UL>
<BR>[Called By]<UL><LI><a href="#[aa]">&gt;&gt;</a>&nbsp;&nbsp;&nbsp;key_task
</UL>

<P><STRONG><a name="[db]"></a>sample_channel_and_select_refresh</STRONG> (Thumb, 292 bytes, Stack size 8 bytes, task.o(.text))
<BR><BR>[Stack]<UL><LI>Max Depth = 64<LI>Call Chain = sample_channel_and_select_refresh &rArr; DMT_CutPicture
</UL>
<BR>[Calls]<UL><LI><a href="#[dc]">&gt;&gt;</a>&nbsp;&nbsp;&nbsp;DMT_CutPicture
</UL>
<BR>[Called By]<UL><LI><a href="#[aa]">&gt;&gt;</a>&nbsp;&nbsp;&nbsp;key_task
</UL>

<P><STRONG><a name="[de]"></a>clear_bluetooth_timeout</STRONG> (Thumb, 8 bytes, Stack size 0 bytes, task.o(.text))
<BR><BR>[Called By]<UL><LI><a href="#[dd]">&gt;&gt;</a>&nbsp;&nbsp;&nbsp;bluetooth_task_init
<LI><a href="#[aa]">&gt;&gt;</a>&nbsp;&nbsp;&nbsp;key_task
<LI><a href="#[ba]">&gt;&gt;</a>&nbsp;&nbsp;&nbsp;bluetooth_connect_task
</UL>

<P><STRONG><a name="[dd]"></a>bluetooth_task_init</STRONG> (Thumb, 28 bytes, Stack size 4 bytes, task.o(.text))
<BR><BR>[Stack]<UL><LI>Max Depth = 4<LI>Call Chain = bluetooth_task_init
</UL>
<BR>[Calls]<UL><LI><a href="#[de]">&gt;&gt;</a>&nbsp;&nbsp;&nbsp;clear_bluetooth_timeout
</UL>
<BR>[Called By]<UL><LI><a href="#[b6]">&gt;&gt;</a>&nbsp;&nbsp;&nbsp;print_sample_file_task
<LI><a href="#[b7]">&gt;&gt;</a>&nbsp;&nbsp;&nbsp;print_power_file_task
<LI><a href="#[aa]">&gt;&gt;</a>&nbsp;&nbsp;&nbsp;key_task
</UL>

<P><STRONG><a name="[f4]"></a>B_auto_zero</STRONG> (Thumb, 36 bytes, Stack size 0 bytes, task.o(.text))
<BR><BR>[Called By]<UL><LI><a href="#[aa]">&gt;&gt;</a>&nbsp;&nbsp;&nbsp;key_task
</UL>

<P><STRONG><a name="[f3]"></a>A_auto_zero</STRONG> (Thumb, 36 bytes, Stack size 0 bytes, task.o(.text))
<BR><BR>[Called By]<UL><LI><a href="#[aa]">&gt;&gt;</a>&nbsp;&nbsp;&nbsp;key_task
</UL>

<P><STRONG><a name="[df]"></a>stop_ctr_B_pump_task</STRONG> (Thumb, 14 bytes, Stack size 8 bytes, task.o(.text))
<BR><BR>[Stack]<UL><LI>Max Depth = 60<LI>Call Chain = stop_ctr_B_pump_task &rArr; PUMP_B_Stop &rArr; GPIO_PinAFConfig
</UL>
<BR>[Calls]<UL><LI><a href="#[e0]">&gt;&gt;</a>&nbsp;&nbsp;&nbsp;PUMP_B_Stop
</UL>
<BR>[Called By]<UL><LI><a href="#[10c]">&gt;&gt;</a>&nbsp;&nbsp;&nbsp;display_maintenance
<LI><a href="#[e7]">&gt;&gt;</a>&nbsp;&nbsp;&nbsp;stop_sample_B_task
<LI><a href="#[b5]">&gt;&gt;</a>&nbsp;&nbsp;&nbsp;sample_B_task
<LI><a href="#[aa]">&gt;&gt;</a>&nbsp;&nbsp;&nbsp;key_task
</UL>

<P><STRONG><a name="[e1]"></a>start_ctr_B_pump_task</STRONG> (Thumb, 58 bytes, Stack size 8 bytes, task.o(.text))
<BR><BR>[Stack]<UL><LI>Max Depth = 60<LI>Call Chain = start_ctr_B_pump_task &rArr; PUMP_B_Start &rArr; GPIO_PinAFConfig
</UL>
<BR>[Calls]<UL><LI><a href="#[e2]">&gt;&gt;</a>&nbsp;&nbsp;&nbsp;PUMP_B_Start
</UL>
<BR>[Called By]<UL><LI><a href="#[b5]">&gt;&gt;</a>&nbsp;&nbsp;&nbsp;sample_B_task
<LI><a href="#[aa]">&gt;&gt;</a>&nbsp;&nbsp;&nbsp;key_task
</UL>

<P><STRONG><a name="[e3]"></a>stop_ctr_A_pump_task</STRONG> (Thumb, 14 bytes, Stack size 8 bytes, task.o(.text))
<BR><BR>[Stack]<UL><LI>Max Depth = 60<LI>Call Chain = stop_ctr_A_pump_task &rArr; PUMP_A_Stop &rArr; GPIO_PinAFConfig
</UL>
<BR>[Calls]<UL><LI><a href="#[e4]">&gt;&gt;</a>&nbsp;&nbsp;&nbsp;PUMP_A_Stop
</UL>
<BR>[Called By]<UL><LI><a href="#[10c]">&gt;&gt;</a>&nbsp;&nbsp;&nbsp;display_maintenance
<LI><a href="#[e8]">&gt;&gt;</a>&nbsp;&nbsp;&nbsp;stop_sample_A_task
<LI><a href="#[b4]">&gt;&gt;</a>&nbsp;&nbsp;&nbsp;sample_A_task
<LI><a href="#[aa]">&gt;&gt;</a>&nbsp;&nbsp;&nbsp;key_task
</UL>

<P><STRONG><a name="[e5]"></a>start_ctr_A_pump_task</STRONG> (Thumb, 58 bytes, Stack size 8 bytes, task.o(.text))
<BR><BR>[Stack]<UL><LI>Max Depth = 60<LI>Call Chain = start_ctr_A_pump_task &rArr; PUMP_A_Start &rArr; GPIO_PinAFConfig
</UL>
<BR>[Calls]<UL><LI><a href="#[e6]">&gt;&gt;</a>&nbsp;&nbsp;&nbsp;PUMP_A_Start
</UL>
<BR>[Called By]<UL><LI><a href="#[b4]">&gt;&gt;</a>&nbsp;&nbsp;&nbsp;sample_A_task
<LI><a href="#[aa]">&gt;&gt;</a>&nbsp;&nbsp;&nbsp;key_task
</UL>

<P><STRONG><a name="[a4]"></a>sample_B_task_init</STRONG> (Thumb, 16 bytes, Stack size 0 bytes, task.o(.text))
<BR><BR>[Called By]<UL><LI><a href="#[e7]">&gt;&gt;</a>&nbsp;&nbsp;&nbsp;stop_sample_B_task
<LI><a href="#[86]">&gt;&gt;</a>&nbsp;&nbsp;&nbsp;main
</UL>

<P><STRONG><a name="[e7]"></a>stop_sample_B_task</STRONG> (Thumb, 12 bytes, Stack size 8 bytes, task.o(.text))
<BR><BR>[Stack]<UL><LI>Max Depth = 68<LI>Call Chain = stop_sample_B_task &rArr; stop_ctr_B_pump_task &rArr; PUMP_B_Stop &rArr; GPIO_PinAFConfig
</UL>
<BR>[Calls]<UL><LI><a href="#[df]">&gt;&gt;</a>&nbsp;&nbsp;&nbsp;stop_ctr_B_pump_task
<LI><a href="#[a4]">&gt;&gt;</a>&nbsp;&nbsp;&nbsp;sample_B_task_init
</UL>
<BR>[Called By]<UL><LI><a href="#[aa]">&gt;&gt;</a>&nbsp;&nbsp;&nbsp;key_task
</UL>

<P><STRONG><a name="[a3]"></a>sample_A_task_init</STRONG> (Thumb, 16 bytes, Stack size 0 bytes, task.o(.text))
<BR><BR>[Called By]<UL><LI><a href="#[e8]">&gt;&gt;</a>&nbsp;&nbsp;&nbsp;stop_sample_A_task
<LI><a href="#[86]">&gt;&gt;</a>&nbsp;&nbsp;&nbsp;main
</UL>

<P><STRONG><a name="[e8]"></a>stop_sample_A_task</STRONG> (Thumb, 12 bytes, Stack size 8 bytes, task.o(.text))
<BR><BR>[Stack]<UL><LI>Max Depth = 68<LI>Call Chain = stop_sample_A_task &rArr; stop_ctr_A_pump_task &rArr; PUMP_A_Stop &rArr; GPIO_PinAFConfig
</UL>
<BR>[Calls]<UL><LI><a href="#[e3]">&gt;&gt;</a>&nbsp;&nbsp;&nbsp;stop_ctr_A_pump_task
<LI><a href="#[a3]">&gt;&gt;</a>&nbsp;&nbsp;&nbsp;sample_A_task_init
</UL>
<BR>[Called By]<UL><LI><a href="#[aa]">&gt;&gt;</a>&nbsp;&nbsp;&nbsp;key_task
</UL>

<P><STRONG><a name="[aa]"></a>key_task</STRONG> (Thumb, 3868 bytes, Stack size 8 bytes, task.o(.text))
<BR><BR>[Stack]<UL><LI>Max Depth = 132<LI>Call Chain = key_task &rArr; SaveSampleFile_B &rArr; saveintdata &rArr; W_24 &rArr; ack &rArr; SDA_IN &rArr; GPIO_Init
</UL>
<BR>[Calls]<UL><LI><a href="#[eb]">&gt;&gt;</a>&nbsp;&nbsp;&nbsp;stop_wk_ctr
<LI><a href="#[ea]">&gt;&gt;</a>&nbsp;&nbsp;&nbsp;start_wk_ctr
<LI><a href="#[c8]">&gt;&gt;</a>&nbsp;&nbsp;&nbsp;savefloat
<LI><a href="#[d1]">&gt;&gt;</a>&nbsp;&nbsp;&nbsp;save_sample_para
<LI><a href="#[ec]">&gt;&gt;</a>&nbsp;&nbsp;&nbsp;save_sample_mode
<LI><a href="#[f1]">&gt;&gt;</a>&nbsp;&nbsp;&nbsp;readintdata
<LI><a href="#[f5]">&gt;&gt;</a>&nbsp;&nbsp;&nbsp;bluetooth_set_master
<LI><a href="#[c9]">&gt;&gt;</a>&nbsp;&nbsp;&nbsp;W_24
<LI><a href="#[ef]">&gt;&gt;</a>&nbsp;&nbsp;&nbsp;SaveSampleFile_B
<LI><a href="#[ed]">&gt;&gt;</a>&nbsp;&nbsp;&nbsp;SaveSampleFile_A
<LI><a href="#[f6]">&gt;&gt;</a>&nbsp;&nbsp;&nbsp;SavePara
<LI><a href="#[f2]">&gt;&gt;</a>&nbsp;&nbsp;&nbsp;R_24
<LI><a href="#[d4]">&gt;&gt;</a>&nbsp;&nbsp;&nbsp;DMT_PutStr
<LI><a href="#[f0]">&gt;&gt;</a>&nbsp;&nbsp;&nbsp;B_sample_over
<LI><a href="#[ee]">&gt;&gt;</a>&nbsp;&nbsp;&nbsp;A_sample_over
<LI><a href="#[e8]">&gt;&gt;</a>&nbsp;&nbsp;&nbsp;stop_sample_A_task
<LI><a href="#[e7]">&gt;&gt;</a>&nbsp;&nbsp;&nbsp;stop_sample_B_task
<LI><a href="#[e5]">&gt;&gt;</a>&nbsp;&nbsp;&nbsp;start_ctr_A_pump_task
<LI><a href="#[e3]">&gt;&gt;</a>&nbsp;&nbsp;&nbsp;stop_ctr_A_pump_task
<LI><a href="#[e1]">&gt;&gt;</a>&nbsp;&nbsp;&nbsp;start_ctr_B_pump_task
<LI><a href="#[df]">&gt;&gt;</a>&nbsp;&nbsp;&nbsp;stop_ctr_B_pump_task
<LI><a href="#[f3]">&gt;&gt;</a>&nbsp;&nbsp;&nbsp;A_auto_zero
<LI><a href="#[f4]">&gt;&gt;</a>&nbsp;&nbsp;&nbsp;B_auto_zero
<LI><a href="#[dd]">&gt;&gt;</a>&nbsp;&nbsp;&nbsp;bluetooth_task_init
<LI><a href="#[de]">&gt;&gt;</a>&nbsp;&nbsp;&nbsp;clear_bluetooth_timeout
<LI><a href="#[db]">&gt;&gt;</a>&nbsp;&nbsp;&nbsp;sample_channel_and_select_refresh
<LI><a href="#[da]">&gt;&gt;</a>&nbsp;&nbsp;&nbsp;key_task_start_set
<LI><a href="#[e9]">&gt;&gt;</a>&nbsp;&nbsp;&nbsp;set_refresh_last_wnd_num
<LI><a href="#[ca]">&gt;&gt;</a>&nbsp;&nbsp;&nbsp;set_refresh_wnd_num
</UL>
<BR>[Called By]<UL><LI><a href="#[86]">&gt;&gt;</a>&nbsp;&nbsp;&nbsp;main
</UL>

<P><STRONG><a name="[316]"></a>parameter_input_task</STRONG> (Thumb, 2 bytes, Stack size 0 bytes, task.o(.text), UNUSED)

<P><STRONG><a name="[b9]"></a>DS1302_task</STRONG> (Thumb, 736 bytes, Stack size 48 bytes, task.o(.text))
<BR><BR>[Stack]<UL><LI>Max Depth = 108<LI>Call Chain = DS1302_task &rArr; DMT_ScreenCbuf &rArr; CharToStr
</UL>
<BR>[Calls]<UL><LI><a href="#[f7]">&gt;&gt;</a>&nbsp;&nbsp;&nbsp;my_RTC_GetTime
<LI><a href="#[fd]">&gt;&gt;</a>&nbsp;&nbsp;&nbsp;SPutf
<LI><a href="#[f9]">&gt;&gt;</a>&nbsp;&nbsp;&nbsp;DMT_ScreenCbuf
<LI><a href="#[d4]">&gt;&gt;</a>&nbsp;&nbsp;&nbsp;DMT_PutStr
<LI><a href="#[f8]">&gt;&gt;</a>&nbsp;&nbsp;&nbsp;DMT_GetRTC
<LI><a href="#[fb]">&gt;&gt;</a>&nbsp;&nbsp;&nbsp;CharToStr
<LI><a href="#[fc]">&gt;&gt;</a>&nbsp;&nbsp;&nbsp;strcat
<LI><a href="#[fa]">&gt;&gt;</a>&nbsp;&nbsp;&nbsp;strcpy
</UL>
<BR>[Called By]<UL><LI><a href="#[86]">&gt;&gt;</a>&nbsp;&nbsp;&nbsp;main
</UL>

<P><STRONG><a name="[103]"></a>calc_flow_filter</STRONG> (Thumb, 88 bytes, Stack size 0 bytes, task.o(.text))
<BR><BR>[Called By]<UL><LI><a href="#[101]">&gt;&gt;</a>&nbsp;&nbsp;&nbsp;display_sharing
</UL>

<P><STRONG><a name="[105]"></a>flow_filter_init</STRONG> (Thumb, 36 bytes, Stack size 0 bytes, task.o(.text))
<BR><BR>[Called By]<UL><LI><a href="#[101]">&gt;&gt;</a>&nbsp;&nbsp;&nbsp;display_sharing
</UL>

<P><STRONG><a name="[fe]"></a>chatou_symbol_display</STRONG> (Thumb, 32 bytes, Stack size 8 bytes, task.o(.text))
<BR><BR>[Stack]<UL><LI>Max Depth = 40<LI>Call Chain = chatou_symbol_display &rArr; DMT_ScreenChar
</UL>
<BR>[Calls]<UL><LI><a href="#[ff]">&gt;&gt;</a>&nbsp;&nbsp;&nbsp;DMT_ScreenChar
</UL>
<BR>[Called By]<UL><LI><a href="#[101]">&gt;&gt;</a>&nbsp;&nbsp;&nbsp;display_sharing
</UL>

<P><STRONG><a name="[100]"></a>bat_symbol_display</STRONG> (Thumb, 212 bytes, Stack size 8 bytes, task.o(.text))
<BR><BR>[Stack]<UL><LI>Max Depth = 40<LI>Call Chain = bat_symbol_display &rArr; DMT_ScreenChar
</UL>
<BR>[Calls]<UL><LI><a href="#[ff]">&gt;&gt;</a>&nbsp;&nbsp;&nbsp;DMT_ScreenChar
</UL>
<BR>[Called By]<UL><LI><a href="#[101]">&gt;&gt;</a>&nbsp;&nbsp;&nbsp;display_sharing
</UL>

<P><STRONG><a name="[101]"></a>display_sharing</STRONG> (Thumb, 1250 bytes, Stack size 16 bytes, task.o(.text))
<BR><BR>[Stack]<UL><LI>Max Depth = 84<LI>Call Chain = display_sharing &rArr; DMT_ScreenFbuf &rArr; SPutf
</UL>
<BR>[Calls]<UL><LI><a href="#[104]">&gt;&gt;</a>&nbsp;&nbsp;&nbsp;DMT_ScreenFbuf
<LI><a href="#[f9]">&gt;&gt;</a>&nbsp;&nbsp;&nbsp;DMT_ScreenCbuf
<LI><a href="#[dc]">&gt;&gt;</a>&nbsp;&nbsp;&nbsp;DMT_CutPicture
<LI><a href="#[102]">&gt;&gt;</a>&nbsp;&nbsp;&nbsp;DMT_CmdReadTPStatus
<LI><a href="#[100]">&gt;&gt;</a>&nbsp;&nbsp;&nbsp;bat_symbol_display
<LI><a href="#[fe]">&gt;&gt;</a>&nbsp;&nbsp;&nbsp;chatou_symbol_display
<LI><a href="#[105]">&gt;&gt;</a>&nbsp;&nbsp;&nbsp;flow_filter_init
<LI><a href="#[103]">&gt;&gt;</a>&nbsp;&nbsp;&nbsp;calc_flow_filter
</UL>
<BR>[Called By]<UL><LI><a href="#[ac]">&gt;&gt;</a>&nbsp;&nbsp;&nbsp;display_task
</UL>

<P><STRONG><a name="[a5]"></a>DMT_refresh_para</STRONG> (Thumb, 500 bytes, Stack size 8 bytes, task.o(.text))
<BR><BR>[Stack]<UL><LI>Max Depth = 76<LI>Call Chain = DMT_refresh_para &rArr; DMT_ScreenFbuf &rArr; SPutf
</UL>
<BR>[Calls]<UL><LI><a href="#[104]">&gt;&gt;</a>&nbsp;&nbsp;&nbsp;DMT_ScreenFbuf
<LI><a href="#[f9]">&gt;&gt;</a>&nbsp;&nbsp;&nbsp;DMT_ScreenCbuf
</UL>
<BR>[Called By]<UL><LI><a href="#[10b]">&gt;&gt;</a>&nbsp;&nbsp;&nbsp;display_sample
<LI><a href="#[86]">&gt;&gt;</a>&nbsp;&nbsp;&nbsp;main
</UL>

<P><STRONG><a name="[106]"></a>display_power_lose</STRONG> (Thumb, 124 bytes, Stack size 8 bytes, task.o(.text))
<BR><BR>[Stack]<UL><LI>Max Depth = 68<LI>Call Chain = display_power_lose &rArr; DMT_ScreenCbuf &rArr; CharToStr
</UL>
<BR>[Calls]<UL><LI><a href="#[f9]">&gt;&gt;</a>&nbsp;&nbsp;&nbsp;DMT_ScreenCbuf
<LI><a href="#[be]">&gt;&gt;</a>&nbsp;&nbsp;&nbsp;timer_init
<LI><a href="#[a0]">&gt;&gt;</a>&nbsp;&nbsp;&nbsp;DMT_ChangePic
</UL>
<BR>[Called By]<UL><LI><a href="#[ac]">&gt;&gt;</a>&nbsp;&nbsp;&nbsp;display_task
</UL>

<P><STRONG><a name="[107]"></a>display_home</STRONG> (Thumb, 46 bytes, Stack size 8 bytes, task.o(.text))
<BR><BR>[Stack]<UL><LI>Max Depth = 32<LI>Call Chain = display_home &rArr; DMT_ChangePic
</UL>
<BR>[Calls]<UL><LI><a href="#[a0]">&gt;&gt;</a>&nbsp;&nbsp;&nbsp;DMT_ChangePic
</UL>
<BR>[Called By]<UL><LI><a href="#[ac]">&gt;&gt;</a>&nbsp;&nbsp;&nbsp;display_task
</UL>

<P><STRONG><a name="[108]"></a>display_sleep</STRONG> (Thumb, 126 bytes, Stack size 8 bytes, task.o(.text))
<BR><BR>[Stack]<UL><LI>Max Depth = 40<LI>Call Chain = display_sleep &rArr; DMT_SetBackLight
</UL>
<BR>[Calls]<UL><LI><a href="#[c1]">&gt;&gt;</a>&nbsp;&nbsp;&nbsp;DMT_SetBackLight
<LI><a href="#[be]">&gt;&gt;</a>&nbsp;&nbsp;&nbsp;timer_init
<LI><a href="#[a0]">&gt;&gt;</a>&nbsp;&nbsp;&nbsp;DMT_ChangePic
</UL>
<BR>[Called By]<UL><LI><a href="#[ac]">&gt;&gt;</a>&nbsp;&nbsp;&nbsp;display_task
</UL>

<P><STRONG><a name="[109]"></a>display_set</STRONG> (Thumb, 310 bytes, Stack size 8 bytes, task.o(.text))
<BR><BR>[Stack]<UL><LI>Max Depth = 76<LI>Call Chain = display_set &rArr; DMT_ScreenFbuf &rArr; SPutf
</UL>
<BR>[Calls]<UL><LI><a href="#[d3]">&gt;&gt;</a>&nbsp;&nbsp;&nbsp;DMT_ScreenIbuf
<LI><a href="#[104]">&gt;&gt;</a>&nbsp;&nbsp;&nbsp;DMT_ScreenFbuf
<LI><a href="#[dc]">&gt;&gt;</a>&nbsp;&nbsp;&nbsp;DMT_CutPicture
<LI><a href="#[a0]">&gt;&gt;</a>&nbsp;&nbsp;&nbsp;DMT_ChangePic
</UL>
<BR>[Called By]<UL><LI><a href="#[ac]">&gt;&gt;</a>&nbsp;&nbsp;&nbsp;display_task
</UL>

<P><STRONG><a name="[10a]"></a>display_bluetooth_set</STRONG> (Thumb, 282 bytes, Stack size 8 bytes, task.o(.text))
<BR><BR>[Stack]<UL><LI>Max Depth = 68<LI>Call Chain = display_bluetooth_set &rArr; DMT_ScreenIbuf &rArr; SPuti
</UL>
<BR>[Calls]<UL><LI><a href="#[d3]">&gt;&gt;</a>&nbsp;&nbsp;&nbsp;DMT_ScreenIbuf
<LI><a href="#[d4]">&gt;&gt;</a>&nbsp;&nbsp;&nbsp;DMT_PutStr
<LI><a href="#[a0]">&gt;&gt;</a>&nbsp;&nbsp;&nbsp;DMT_ChangePic
</UL>
<BR>[Called By]<UL><LI><a href="#[ac]">&gt;&gt;</a>&nbsp;&nbsp;&nbsp;display_task
</UL>

<P><STRONG><a name="[10b]"></a>display_sample</STRONG> (Thumb, 522 bytes, Stack size 8 bytes, task.o(.text))
<BR><BR>[Stack]<UL><LI>Max Depth = 84<LI>Call Chain = display_sample &rArr; DMT_refresh_para &rArr; DMT_ScreenFbuf &rArr; SPutf
</UL>
<BR>[Calls]<UL><LI><a href="#[be]">&gt;&gt;</a>&nbsp;&nbsp;&nbsp;timer_init
<LI><a href="#[e9]">&gt;&gt;</a>&nbsp;&nbsp;&nbsp;set_refresh_last_wnd_num
<LI><a href="#[a5]">&gt;&gt;</a>&nbsp;&nbsp;&nbsp;DMT_refresh_para
<LI><a href="#[a0]">&gt;&gt;</a>&nbsp;&nbsp;&nbsp;DMT_ChangePic
</UL>
<BR>[Called By]<UL><LI><a href="#[ac]">&gt;&gt;</a>&nbsp;&nbsp;&nbsp;display_task
</UL>

<P><STRONG><a name="[10c]"></a>display_maintenance</STRONG> (Thumb, 1266 bytes, Stack size 24 bytes, task.o(.text))
<BR><BR>[Stack]<UL><LI>Max Depth = 132<LI>Call Chain = display_maintenance &rArr; SavePara &rArr; savelongdata &rArr; W_24 &rArr; ack &rArr; SDA_IN &rArr; GPIO_Init
</UL>
<BR>[Calls]<UL><LI><a href="#[cc]">&gt;&gt;</a>&nbsp;&nbsp;&nbsp;saveintdata
<LI><a href="#[113]">&gt;&gt;</a>&nbsp;&nbsp;&nbsp;reset_para
<LI><a href="#[10e]">&gt;&gt;</a>&nbsp;&nbsp;&nbsp;point_rate_B_flow
<LI><a href="#[10d]">&gt;&gt;</a>&nbsp;&nbsp;&nbsp;point_rate_A_flow
<LI><a href="#[c9]">&gt;&gt;</a>&nbsp;&nbsp;&nbsp;W_24
<LI><a href="#[10f]">&gt;&gt;</a>&nbsp;&nbsp;&nbsp;TIM_GetCapture4
<LI><a href="#[110]">&gt;&gt;</a>&nbsp;&nbsp;&nbsp;TIM_GetCapture3
<LI><a href="#[f6]">&gt;&gt;</a>&nbsp;&nbsp;&nbsp;SavePara
<LI><a href="#[112]">&gt;&gt;</a>&nbsp;&nbsp;&nbsp;ReadPara
<LI><a href="#[f2]">&gt;&gt;</a>&nbsp;&nbsp;&nbsp;R_24
<LI><a href="#[111]">&gt;&gt;</a>&nbsp;&nbsp;&nbsp;DeleteAllFiles
<LI><a href="#[d3]">&gt;&gt;</a>&nbsp;&nbsp;&nbsp;DMT_ScreenIbuf
<LI><a href="#[104]">&gt;&gt;</a>&nbsp;&nbsp;&nbsp;DMT_ScreenFbuf
<LI><a href="#[d4]">&gt;&gt;</a>&nbsp;&nbsp;&nbsp;DMT_PutStr
<LI><a href="#[dc]">&gt;&gt;</a>&nbsp;&nbsp;&nbsp;DMT_CutPicture
<LI><a href="#[e3]">&gt;&gt;</a>&nbsp;&nbsp;&nbsp;stop_ctr_A_pump_task
<LI><a href="#[df]">&gt;&gt;</a>&nbsp;&nbsp;&nbsp;stop_ctr_B_pump_task
<LI><a href="#[be]">&gt;&gt;</a>&nbsp;&nbsp;&nbsp;timer_init
<LI><a href="#[ca]">&gt;&gt;</a>&nbsp;&nbsp;&nbsp;set_refresh_wnd_num
<LI><a href="#[a0]">&gt;&gt;</a>&nbsp;&nbsp;&nbsp;DMT_ChangePic
</UL>
<BR>[Called By]<UL><LI><a href="#[ac]">&gt;&gt;</a>&nbsp;&nbsp;&nbsp;display_task
</UL>

<P><STRONG><a name="[114]"></a>display_supper_maintenance</STRONG> (Thumb, 428 bytes, Stack size 8 bytes, task.o(.text))
<BR><BR>[Stack]<UL><LI>Max Depth = 76<LI>Call Chain = display_supper_maintenance &rArr; DMT_ScreenFbuf &rArr; SPutf
</UL>
<BR>[Calls]<UL><LI><a href="#[115]">&gt;&gt;</a>&nbsp;&nbsp;&nbsp;DMT_ScreenLbuf
<LI><a href="#[d3]">&gt;&gt;</a>&nbsp;&nbsp;&nbsp;DMT_ScreenIbuf
<LI><a href="#[104]">&gt;&gt;</a>&nbsp;&nbsp;&nbsp;DMT_ScreenFbuf
<LI><a href="#[f9]">&gt;&gt;</a>&nbsp;&nbsp;&nbsp;DMT_ScreenCbuf
<LI><a href="#[d4]">&gt;&gt;</a>&nbsp;&nbsp;&nbsp;DMT_PutStr
<LI><a href="#[a0]">&gt;&gt;</a>&nbsp;&nbsp;&nbsp;DMT_ChangePic
</UL>
<BR>[Called By]<UL><LI><a href="#[ac]">&gt;&gt;</a>&nbsp;&nbsp;&nbsp;display_task
</UL>

<P><STRONG><a name="[116]"></a>display_query</STRONG> (Thumb, 1436 bytes, Stack size 80 bytes, task.o(.text))
<BR><BR>[Stack]<UL><LI>Max Depth = 148<LI>Call Chain = display_query &rArr; DMT_ScreenFbuf &rArr; SPutf
</UL>
<BR>[Calls]<UL><LI><a href="#[117]">&gt;&gt;</a>&nbsp;&nbsp;&nbsp;ReadSampleFile_AB
<LI><a href="#[118]">&gt;&gt;</a>&nbsp;&nbsp;&nbsp;ReadPowerFile_AB
<LI><a href="#[d3]">&gt;&gt;</a>&nbsp;&nbsp;&nbsp;DMT_ScreenIbuf
<LI><a href="#[104]">&gt;&gt;</a>&nbsp;&nbsp;&nbsp;DMT_ScreenFbuf
<LI><a href="#[d4]">&gt;&gt;</a>&nbsp;&nbsp;&nbsp;DMT_PutStr
<LI><a href="#[fb]">&gt;&gt;</a>&nbsp;&nbsp;&nbsp;CharToStr
<LI><a href="#[be]">&gt;&gt;</a>&nbsp;&nbsp;&nbsp;timer_init
<LI><a href="#[e9]">&gt;&gt;</a>&nbsp;&nbsp;&nbsp;set_refresh_last_wnd_num
<LI><a href="#[a0]">&gt;&gt;</a>&nbsp;&nbsp;&nbsp;DMT_ChangePic
<LI><a href="#[fc]">&gt;&gt;</a>&nbsp;&nbsp;&nbsp;strcat
<LI><a href="#[fa]">&gt;&gt;</a>&nbsp;&nbsp;&nbsp;strcpy
</UL>
<BR>[Called By]<UL><LI><a href="#[ac]">&gt;&gt;</a>&nbsp;&nbsp;&nbsp;display_task
</UL>

<P><STRONG><a name="[119]"></a>display_print</STRONG> (Thumb, 202 bytes, Stack size 8 bytes, task.o(.text))
<BR><BR>[Stack]<UL><LI>Max Depth = 68<LI>Call Chain = display_print &rArr; DMT_ScreenIbuf &rArr; SPuti
</UL>
<BR>[Calls]<UL><LI><a href="#[d3]">&gt;&gt;</a>&nbsp;&nbsp;&nbsp;DMT_ScreenIbuf
<LI><a href="#[a0]">&gt;&gt;</a>&nbsp;&nbsp;&nbsp;DMT_ChangePic
</UL>
<BR>[Called By]<UL><LI><a href="#[ac]">&gt;&gt;</a>&nbsp;&nbsp;&nbsp;display_task
</UL>

<P><STRONG><a name="[11a]"></a>display_usb</STRONG> (Thumb, 208 bytes, Stack size 8 bytes, task.o(.text))
<BR><BR>[Stack]<UL><LI>Max Depth = 68<LI>Call Chain = display_usb &rArr; DMT_ScreenIbuf &rArr; SPuti
</UL>
<BR>[Calls]<UL><LI><a href="#[d3]">&gt;&gt;</a>&nbsp;&nbsp;&nbsp;DMT_ScreenIbuf
<LI><a href="#[a0]">&gt;&gt;</a>&nbsp;&nbsp;&nbsp;DMT_ChangePic
</UL>
<BR>[Called By]<UL><LI><a href="#[ac]">&gt;&gt;</a>&nbsp;&nbsp;&nbsp;display_task
</UL>

<P><STRONG><a name="[ac]"></a>display_task</STRONG> (Thumb, 52 bytes, Stack size 8 bytes, task.o(.text))
<BR><BR>[Stack]<UL><LI>Max Depth = 156<LI>Call Chain = display_task &rArr; display_query &rArr; DMT_ScreenFbuf &rArr; SPutf
</UL>
<BR>[Calls]<UL><LI><a href="#[11a]">&gt;&gt;</a>&nbsp;&nbsp;&nbsp;display_usb
<LI><a href="#[119]">&gt;&gt;</a>&nbsp;&nbsp;&nbsp;display_print
<LI><a href="#[116]">&gt;&gt;</a>&nbsp;&nbsp;&nbsp;display_query
<LI><a href="#[114]">&gt;&gt;</a>&nbsp;&nbsp;&nbsp;display_supper_maintenance
<LI><a href="#[10c]">&gt;&gt;</a>&nbsp;&nbsp;&nbsp;display_maintenance
<LI><a href="#[10b]">&gt;&gt;</a>&nbsp;&nbsp;&nbsp;display_sample
<LI><a href="#[10a]">&gt;&gt;</a>&nbsp;&nbsp;&nbsp;display_bluetooth_set
<LI><a href="#[109]">&gt;&gt;</a>&nbsp;&nbsp;&nbsp;display_set
<LI><a href="#[108]">&gt;&gt;</a>&nbsp;&nbsp;&nbsp;display_sleep
<LI><a href="#[107]">&gt;&gt;</a>&nbsp;&nbsp;&nbsp;display_home
<LI><a href="#[106]">&gt;&gt;</a>&nbsp;&nbsp;&nbsp;display_power_lose
<LI><a href="#[101]">&gt;&gt;</a>&nbsp;&nbsp;&nbsp;display_sharing
</UL>
<BR>[Called By]<UL><LI><a href="#[86]">&gt;&gt;</a>&nbsp;&nbsp;&nbsp;main
</UL>

<P><STRONG><a name="[ad]"></a>usb_out_sample_file_task</STRONG> (Thumb, 1116 bytes, Stack size 128 bytes, task.o(.text))
<BR><BR>[Stack]<UL><LI>Max Depth = 628<LI>Call Chain = usb_out_sample_file_task &rArr; f_open &rArr; dir_register &rArr; dir_find &rArr; dir_next &rArr; create_chain &rArr; put_fat &rArr; move_window &rArr; sync_window &rArr; disk_write &rArr; USBH_UDISK_Write &rArr; USBH_MSC_HandleBOTXfer &rArr; USBH_BulkReceiveData &rArr; HCD_SubmitRequest &rArr; USB_OTG_HC_StartXfer &rArr; USB_OTG_WritePacket
</UL>
<BR>[Calls]<UL><LI><a href="#[11e]">&gt;&gt;</a>&nbsp;&nbsp;&nbsp;f_open
<LI><a href="#[11b]">&gt;&gt;</a>&nbsp;&nbsp;&nbsp;f_mkdir
<LI><a href="#[11f]">&gt;&gt;</a>&nbsp;&nbsp;&nbsp;f_lseek
<LI><a href="#[11c]">&gt;&gt;</a>&nbsp;&nbsp;&nbsp;delay_ms
<LI><a href="#[121]">&gt;&gt;</a>&nbsp;&nbsp;&nbsp;SampleFileOut_CSV
<LI><a href="#[120]">&gt;&gt;</a>&nbsp;&nbsp;&nbsp;SampleFileOut
<LI><a href="#[11d]">&gt;&gt;</a>&nbsp;&nbsp;&nbsp;SPutl
<LI><a href="#[d3]">&gt;&gt;</a>&nbsp;&nbsp;&nbsp;DMT_ScreenIbuf
<LI><a href="#[be]">&gt;&gt;</a>&nbsp;&nbsp;&nbsp;timer_init
<LI><a href="#[ca]">&gt;&gt;</a>&nbsp;&nbsp;&nbsp;set_refresh_wnd_num
<LI><a href="#[98]">&gt;&gt;</a>&nbsp;&nbsp;&nbsp;f_mount
<LI><a href="#[fc]">&gt;&gt;</a>&nbsp;&nbsp;&nbsp;strcat
<LI><a href="#[fa]">&gt;&gt;</a>&nbsp;&nbsp;&nbsp;strcpy
</UL>
<BR>[Called By]<UL><LI><a href="#[86]">&gt;&gt;</a>&nbsp;&nbsp;&nbsp;main
</UL>

<P><STRONG><a name="[ae]"></a>usb_out_power_file_task</STRONG> (Thumb, 1068 bytes, Stack size 128 bytes, task.o(.text))
<BR><BR>[Stack]<UL><LI>Max Depth = 628<LI>Call Chain = usb_out_power_file_task &rArr; f_open &rArr; dir_register &rArr; dir_find &rArr; dir_next &rArr; create_chain &rArr; put_fat &rArr; move_window &rArr; sync_window &rArr; disk_write &rArr; USBH_UDISK_Write &rArr; USBH_MSC_HandleBOTXfer &rArr; USBH_BulkReceiveData &rArr; HCD_SubmitRequest &rArr; USB_OTG_HC_StartXfer &rArr; USB_OTG_WritePacket
</UL>
<BR>[Calls]<UL><LI><a href="#[11e]">&gt;&gt;</a>&nbsp;&nbsp;&nbsp;f_open
<LI><a href="#[11b]">&gt;&gt;</a>&nbsp;&nbsp;&nbsp;f_mkdir
<LI><a href="#[11f]">&gt;&gt;</a>&nbsp;&nbsp;&nbsp;f_lseek
<LI><a href="#[11c]">&gt;&gt;</a>&nbsp;&nbsp;&nbsp;delay_ms
<LI><a href="#[11d]">&gt;&gt;</a>&nbsp;&nbsp;&nbsp;SPutl
<LI><a href="#[123]">&gt;&gt;</a>&nbsp;&nbsp;&nbsp;PowerFileOut_CSV
<LI><a href="#[122]">&gt;&gt;</a>&nbsp;&nbsp;&nbsp;PowerFileOut
<LI><a href="#[d3]">&gt;&gt;</a>&nbsp;&nbsp;&nbsp;DMT_ScreenIbuf
<LI><a href="#[be]">&gt;&gt;</a>&nbsp;&nbsp;&nbsp;timer_init
<LI><a href="#[ca]">&gt;&gt;</a>&nbsp;&nbsp;&nbsp;set_refresh_wnd_num
<LI><a href="#[98]">&gt;&gt;</a>&nbsp;&nbsp;&nbsp;f_mount
<LI><a href="#[fc]">&gt;&gt;</a>&nbsp;&nbsp;&nbsp;strcat
<LI><a href="#[fa]">&gt;&gt;</a>&nbsp;&nbsp;&nbsp;strcpy
</UL>
<BR>[Called By]<UL><LI><a href="#[86]">&gt;&gt;</a>&nbsp;&nbsp;&nbsp;main
</UL>

<P><STRONG><a name="[ba]"></a>bluetooth_connect_task</STRONG> (Thumb, 436 bytes, Stack size 8 bytes, task.o(.text))
<BR><BR>[Stack]<UL><LI>Max Depth = 24<LI>Call Chain = bluetooth_connect_task &rArr; delay_ms
</UL>
<BR>[Calls]<UL><LI><a href="#[11c]">&gt;&gt;</a>&nbsp;&nbsp;&nbsp;delay_ms
<LI><a href="#[de]">&gt;&gt;</a>&nbsp;&nbsp;&nbsp;clear_bluetooth_timeout
<LI><a href="#[be]">&gt;&gt;</a>&nbsp;&nbsp;&nbsp;timer_init
</UL>
<BR>[Called By]<UL><LI><a href="#[86]">&gt;&gt;</a>&nbsp;&nbsp;&nbsp;main
</UL>

<P><STRONG><a name="[b6]"></a>print_sample_file_task</STRONG> (Thumb, 354 bytes, Stack size 8 bytes, task.o(.text))
<BR><BR>[Stack]<UL><LI>Max Depth = 156<LI>Call Chain = print_sample_file_task &rArr; PrintSampleFile &rArr; PrintData &rArr; SPutl
</UL>
<BR>[Calls]<UL><LI><a href="#[124]">&gt;&gt;</a>&nbsp;&nbsp;&nbsp;PrintSetUp
<LI><a href="#[126]">&gt;&gt;</a>&nbsp;&nbsp;&nbsp;PrintSampleFile
<LI><a href="#[125]">&gt;&gt;</a>&nbsp;&nbsp;&nbsp;InitPrinter
<LI><a href="#[d3]">&gt;&gt;</a>&nbsp;&nbsp;&nbsp;DMT_ScreenIbuf
<LI><a href="#[dd]">&gt;&gt;</a>&nbsp;&nbsp;&nbsp;bluetooth_task_init
<LI><a href="#[be]">&gt;&gt;</a>&nbsp;&nbsp;&nbsp;timer_init
<LI><a href="#[ca]">&gt;&gt;</a>&nbsp;&nbsp;&nbsp;set_refresh_wnd_num
</UL>
<BR>[Called By]<UL><LI><a href="#[86]">&gt;&gt;</a>&nbsp;&nbsp;&nbsp;main
</UL>

<P><STRONG><a name="[b7]"></a>print_power_file_task</STRONG> (Thumb, 354 bytes, Stack size 8 bytes, task.o(.text))
<BR><BR>[Stack]<UL><LI>Max Depth = 148<LI>Call Chain = print_power_file_task &rArr; PrintPowerFile &rArr; PrintPower &rArr; SPutl
</UL>
<BR>[Calls]<UL><LI><a href="#[124]">&gt;&gt;</a>&nbsp;&nbsp;&nbsp;PrintSetUp
<LI><a href="#[127]">&gt;&gt;</a>&nbsp;&nbsp;&nbsp;PrintPowerFile
<LI><a href="#[125]">&gt;&gt;</a>&nbsp;&nbsp;&nbsp;InitPrinter
<LI><a href="#[d3]">&gt;&gt;</a>&nbsp;&nbsp;&nbsp;DMT_ScreenIbuf
<LI><a href="#[dd]">&gt;&gt;</a>&nbsp;&nbsp;&nbsp;bluetooth_task_init
<LI><a href="#[be]">&gt;&gt;</a>&nbsp;&nbsp;&nbsp;timer_init
<LI><a href="#[ca]">&gt;&gt;</a>&nbsp;&nbsp;&nbsp;set_refresh_wnd_num
</UL>
<BR>[Called By]<UL><LI><a href="#[86]">&gt;&gt;</a>&nbsp;&nbsp;&nbsp;main
</UL>

<P><STRONG><a name="[128]"></a>calc_flow_task</STRONG> (Thumb, 8 bytes, Stack size 8 bytes, task.o(.text))
<BR><BR>[Stack]<UL><LI>Max Depth = 192<LI>Call Chain = calc_flow_task &rArr; ComputeFlow &rArr; calc_flow_kedu &rArr; __hardfp_sqrt &rArr; _dsqrt &rArr; __fpl_dnaninf
</UL>
<BR>[Calls]<UL><LI><a href="#[129]">&gt;&gt;</a>&nbsp;&nbsp;&nbsp;ComputeFlow
</UL>
<BR>[Called By]<UL><LI><a href="#[b0]">&gt;&gt;</a>&nbsp;&nbsp;&nbsp;SSDL_task
</UL>

<P><STRONG><a name="[b0]"></a>SSDL_task</STRONG> (Thumb, 522 bytes, Stack size 16 bytes, task.o(.text))
<BR><BR>[Stack]<UL><LI>Max Depth = 208<LI>Call Chain = SSDL_task &rArr; calc_flow_task &rArr; ComputeFlow &rArr; calc_flow_kedu &rArr; __hardfp_sqrt &rArr; _dsqrt &rArr; __fpl_dnaninf
</UL>
<BR>[Calls]<UL><LI><a href="#[12e]">&gt;&gt;</a>&nbsp;&nbsp;&nbsp;Read_Pressure_QY
<LI><a href="#[12c]">&gt;&gt;</a>&nbsp;&nbsp;&nbsp;Read_Pressure_LY_B
<LI><a href="#[12a]">&gt;&gt;</a>&nbsp;&nbsp;&nbsp;Read_Pressure_LY_A
<LI><a href="#[12d]">&gt;&gt;</a>&nbsp;&nbsp;&nbsp;Read_Pressure_JY_B
<LI><a href="#[12b]">&gt;&gt;</a>&nbsp;&nbsp;&nbsp;Read_Pressure_JY_A
<LI><a href="#[128]">&gt;&gt;</a>&nbsp;&nbsp;&nbsp;calc_flow_task
</UL>
<BR>[Called By]<UL><LI><a href="#[86]">&gt;&gt;</a>&nbsp;&nbsp;&nbsp;main
</UL>

<P><STRONG><a name="[a2]"></a>ADC_task_init</STRONG> (Thumb, 8 bytes, Stack size 8 bytes, task.o(.text))
<BR><BR>[Stack]<UL><LI>Max Depth = 100<LI>Call Chain = ADC_task_init &rArr; ADC1_Start &rArr; ADC1_Mode_Config &rArr; ADC_RegularChannelConfig
</UL>
<BR>[Calls]<UL><LI><a href="#[12f]">&gt;&gt;</a>&nbsp;&nbsp;&nbsp;ADC1_Start
</UL>
<BR>[Called By]<UL><LI><a href="#[86]">&gt;&gt;</a>&nbsp;&nbsp;&nbsp;main
</UL>

<P><STRONG><a name="[b1]"></a>ADC_task</STRONG> (Thumb, 290 bytes, Stack size 16 bytes, task.o(.text))
<BR><BR>[Stack]<UL><LI>Max Depth = 36<LI>Call Chain = ADC_task &rArr; Process_ADC &rArr; DMA_GetFlagStatus
</UL>
<BR>[Calls]<UL><LI><a href="#[130]">&gt;&gt;</a>&nbsp;&nbsp;&nbsp;Process_ADC
</UL>
<BR>[Called By]<UL><LI><a href="#[86]">&gt;&gt;</a>&nbsp;&nbsp;&nbsp;main
</UL>

<P><STRONG><a name="[af]"></a>read_temperature_task</STRONG> (Thumb, 22 bytes, Stack size 8 bytes, task.o(.text))
<BR><BR>[Stack]<UL><LI>Max Depth = 156<LI>Call Chain = read_temperature_task &rArr; GetTemperature &rArr; Temperature_read &rArr; DS18b20_read &rArr; DS18b20_InputMode &rArr; GPIO_Init
</UL>
<BR>[Calls]<UL><LI><a href="#[131]">&gt;&gt;</a>&nbsp;&nbsp;&nbsp;GetTemperature
</UL>
<BR>[Called By]<UL><LI><a href="#[86]">&gt;&gt;</a>&nbsp;&nbsp;&nbsp;main
</UL>

<P><STRONG><a name="[317]"></a>ctr_pump_task_init</STRONG> (Thumb, 12 bytes, Stack size 0 bytes, task.o(.text), UNUSED)

<P><STRONG><a name="[b2]"></a>ctr_A_pump_task</STRONG> (Thumb, 194 bytes, Stack size 24 bytes, task.o(.text))
<BR><BR>[Stack]<UL><LI>Max Depth = 24<LI>Call Chain = ctr_A_pump_task
</UL>
<BR>[Calls]<UL><LI><a href="#[132]">&gt;&gt;</a>&nbsp;&nbsp;&nbsp;TIM_SetCompare4
</UL>
<BR>[Called By]<UL><LI><a href="#[86]">&gt;&gt;</a>&nbsp;&nbsp;&nbsp;main
</UL>

<P><STRONG><a name="[b3]"></a>ctr_B_pump_task</STRONG> (Thumb, 198 bytes, Stack size 24 bytes, task.o(.text))
<BR><BR>[Stack]<UL><LI>Max Depth = 24<LI>Call Chain = ctr_B_pump_task
</UL>
<BR>[Calls]<UL><LI><a href="#[133]">&gt;&gt;</a>&nbsp;&nbsp;&nbsp;TIM_SetCompare3
</UL>
<BR>[Called By]<UL><LI><a href="#[86]">&gt;&gt;</a>&nbsp;&nbsp;&nbsp;main
</UL>

<P><STRONG><a name="[b4]"></a>sample_A_task</STRONG> (Thumb, 1548 bytes, Stack size 8 bytes, task.o(.text))
<BR><BR>[Stack]<UL><LI>Max Depth = 132<LI>Call Chain = sample_A_task &rArr; SaveSampleFile_A &rArr; saveintdata &rArr; W_24 &rArr; ack &rArr; SDA_IN &rArr; GPIO_Init
</UL>
<BR>[Calls]<UL><LI><a href="#[10f]">&gt;&gt;</a>&nbsp;&nbsp;&nbsp;TIM_GetCapture4
<LI><a href="#[ed]">&gt;&gt;</a>&nbsp;&nbsp;&nbsp;SaveSampleFile_A
<LI><a href="#[134]">&gt;&gt;</a>&nbsp;&nbsp;&nbsp;A_save_sample_start
<LI><a href="#[ee]">&gt;&gt;</a>&nbsp;&nbsp;&nbsp;A_sample_over
<LI><a href="#[135]">&gt;&gt;</a>&nbsp;&nbsp;&nbsp;A_power_lose_protect
<LI><a href="#[e5]">&gt;&gt;</a>&nbsp;&nbsp;&nbsp;start_ctr_A_pump_task
<LI><a href="#[e3]">&gt;&gt;</a>&nbsp;&nbsp;&nbsp;stop_ctr_A_pump_task
</UL>
<BR>[Called By]<UL><LI><a href="#[86]">&gt;&gt;</a>&nbsp;&nbsp;&nbsp;main
</UL>

<P><STRONG><a name="[b5]"></a>sample_B_task</STRONG> (Thumb, 1430 bytes, Stack size 8 bytes, task.o(.text))
<BR><BR>[Stack]<UL><LI>Max Depth = 132<LI>Call Chain = sample_B_task &rArr; SaveSampleFile_B &rArr; saveintdata &rArr; W_24 &rArr; ack &rArr; SDA_IN &rArr; GPIO_Init
</UL>
<BR>[Calls]<UL><LI><a href="#[110]">&gt;&gt;</a>&nbsp;&nbsp;&nbsp;TIM_GetCapture3
<LI><a href="#[ef]">&gt;&gt;</a>&nbsp;&nbsp;&nbsp;SaveSampleFile_B
<LI><a href="#[136]">&gt;&gt;</a>&nbsp;&nbsp;&nbsp;B_save_sample_start
<LI><a href="#[f0]">&gt;&gt;</a>&nbsp;&nbsp;&nbsp;B_sample_over
<LI><a href="#[137]">&gt;&gt;</a>&nbsp;&nbsp;&nbsp;B_power_lose_protect
<LI><a href="#[e1]">&gt;&gt;</a>&nbsp;&nbsp;&nbsp;start_ctr_B_pump_task
<LI><a href="#[df]">&gt;&gt;</a>&nbsp;&nbsp;&nbsp;stop_ctr_B_pump_task
</UL>
<BR>[Called By]<UL><LI><a href="#[86]">&gt;&gt;</a>&nbsp;&nbsp;&nbsp;main
</UL>

<P><STRONG><a name="[9f]"></a>sys_check</STRONG> (Thumb, 968 bytes, Stack size 64 bytes, task.o(.text))
<BR><BR>[Stack]<UL><LI>Max Depth = 212<LI>Call Chain = sys_check &rArr; GetTemperature &rArr; Temperature_read &rArr; DS18b20_read &rArr; DS18b20_InputMode &rArr; GPIO_Init
</UL>
<BR>[Calls]<UL><LI><a href="#[f7]">&gt;&gt;</a>&nbsp;&nbsp;&nbsp;my_RTC_GetTime
<LI><a href="#[11c]">&gt;&gt;</a>&nbsp;&nbsp;&nbsp;delay_ms
<LI><a href="#[c9]">&gt;&gt;</a>&nbsp;&nbsp;&nbsp;W_24
<LI><a href="#[11d]">&gt;&gt;</a>&nbsp;&nbsp;&nbsp;SPutl
<LI><a href="#[f2]">&gt;&gt;</a>&nbsp;&nbsp;&nbsp;R_24
<LI><a href="#[131]">&gt;&gt;</a>&nbsp;&nbsp;&nbsp;GetTemperature
<LI><a href="#[139]">&gt;&gt;</a>&nbsp;&nbsp;&nbsp;DS18b20_reset
<LI><a href="#[c1]">&gt;&gt;</a>&nbsp;&nbsp;&nbsp;DMT_SetBackLight
<LI><a href="#[d4]">&gt;&gt;</a>&nbsp;&nbsp;&nbsp;DMT_PutStr
<LI><a href="#[f8]">&gt;&gt;</a>&nbsp;&nbsp;&nbsp;DMT_GetRTC
<LI><a href="#[dc]">&gt;&gt;</a>&nbsp;&nbsp;&nbsp;DMT_CutPicture
<LI><a href="#[138]">&gt;&gt;</a>&nbsp;&nbsp;&nbsp;DMT_Buz
<LI><a href="#[a0]">&gt;&gt;</a>&nbsp;&nbsp;&nbsp;DMT_ChangePic
<LI><a href="#[fc]">&gt;&gt;</a>&nbsp;&nbsp;&nbsp;strcat
<LI><a href="#[fa]">&gt;&gt;</a>&nbsp;&nbsp;&nbsp;strcpy
</UL>
<BR>[Called By]<UL><LI><a href="#[86]">&gt;&gt;</a>&nbsp;&nbsp;&nbsp;main
</UL>

<P><STRONG><a name="[318]"></a>LED_task_init</STRONG> (Thumb, 8 bytes, Stack size 0 bytes, task.o(.text), UNUSED)

<P><STRONG><a name="[ab]"></a>LED_task</STRONG> (Thumb, 78 bytes, Stack size 4 bytes, task.o(.text))
<BR><BR>[Stack]<UL><LI>Max Depth = 4<LI>Call Chain = LED_task
</UL>
<BR>[Calls]<UL><LI><a href="#[be]">&gt;&gt;</a>&nbsp;&nbsp;&nbsp;timer_init
</UL>
<BR>[Called By]<UL><LI><a href="#[86]">&gt;&gt;</a>&nbsp;&nbsp;&nbsp;main
</UL>

<P><STRONG><a name="[13a]"></a>power_on_to_sample</STRONG> (Thumb, 30 bytes, Stack size 8 bytes, parameter.o(.text))
<BR><BR>[Stack]<UL><LI>Max Depth = 8<LI>Call Chain = power_on_to_sample
</UL>
<BR>[Calls]<UL><LI><a href="#[ca]">&gt;&gt;</a>&nbsp;&nbsp;&nbsp;set_refresh_wnd_num
</UL>
<BR>[Called By]<UL><LI><a href="#[a6]">&gt;&gt;</a>&nbsp;&nbsp;&nbsp;power_lose_test
</UL>

<P><STRONG><a name="[13b]"></a>B_power_test</STRONG> (Thumb, 486 bytes, Stack size 8 bytes, parameter.o(.text))
<BR><BR>[Stack]<UL><LI>Max Depth = 132<LI>Call Chain = B_power_test &rArr; SaveSampleFile_B &rArr; saveintdata &rArr; W_24 &rArr; ack &rArr; SDA_IN &rArr; GPIO_Init
</UL>
<BR>[Calls]<UL><LI><a href="#[ef]">&gt;&gt;</a>&nbsp;&nbsp;&nbsp;SaveSampleFile_B
</UL>
<BR>[Called By]<UL><LI><a href="#[a6]">&gt;&gt;</a>&nbsp;&nbsp;&nbsp;power_lose_test
</UL>

<P><STRONG><a name="[13d]"></a>JiCai_Own</STRONG> (Thumb, 636 bytes, Stack size 32 bytes, parameter.o(.text))
<BR><BR>[Stack]<UL><LI>Max Depth = 32<LI>Call Chain = JiCai_Own
</UL>
<BR>[Called By]<UL><LI><a href="#[13f]">&gt;&gt;</a>&nbsp;&nbsp;&nbsp;A_GetLostTime
<LI><a href="#[13c]">&gt;&gt;</a>&nbsp;&nbsp;&nbsp;B_GetLostTime
</UL>

<P><STRONG><a name="[13c]"></a>B_GetLostTime</STRONG> (Thumb, 34 bytes, Stack size 20 bytes, parameter.o(.text))
<BR><BR>[Stack]<UL><LI>Max Depth = 52<LI>Call Chain = B_GetLostTime &rArr; JiCai_Own
</UL>
<BR>[Calls]<UL><LI><a href="#[13d]">&gt;&gt;</a>&nbsp;&nbsp;&nbsp;JiCai_Own
</UL>
<BR>[Called By]<UL><LI><a href="#[a6]">&gt;&gt;</a>&nbsp;&nbsp;&nbsp;power_lose_test
</UL>

<P><STRONG><a name="[13e]"></a>A_power_test</STRONG> (Thumb, 486 bytes, Stack size 8 bytes, parameter.o(.text))
<BR><BR>[Stack]<UL><LI>Max Depth = 132<LI>Call Chain = A_power_test &rArr; SaveSampleFile_A &rArr; saveintdata &rArr; W_24 &rArr; ack &rArr; SDA_IN &rArr; GPIO_Init
</UL>
<BR>[Calls]<UL><LI><a href="#[ed]">&gt;&gt;</a>&nbsp;&nbsp;&nbsp;SaveSampleFile_A
</UL>
<BR>[Called By]<UL><LI><a href="#[a6]">&gt;&gt;</a>&nbsp;&nbsp;&nbsp;power_lose_test
</UL>

<P><STRONG><a name="[13f]"></a>A_GetLostTime</STRONG> (Thumb, 34 bytes, Stack size 20 bytes, parameter.o(.text))
<BR><BR>[Stack]<UL><LI>Max Depth = 52<LI>Call Chain = A_GetLostTime &rArr; JiCai_Own
</UL>
<BR>[Calls]<UL><LI><a href="#[13d]">&gt;&gt;</a>&nbsp;&nbsp;&nbsp;JiCai_Own
</UL>
<BR>[Called By]<UL><LI><a href="#[a6]">&gt;&gt;</a>&nbsp;&nbsp;&nbsp;power_lose_test
</UL>

<P><STRONG><a name="[140]"></a>B_power_lose_resume</STRONG> (Thumb, 234 bytes, Stack size 8 bytes, parameter.o(.text))
<BR><BR>[Stack]<UL><LI>Max Depth = 100<LI>Call Chain = B_power_lose_resume &rArr; readlongdata &rArr; R_24 &rArr; receive &rArr; SDA_IN &rArr; GPIO_Init
</UL>
<BR>[Calls]<UL><LI><a href="#[141]">&gt;&gt;</a>&nbsp;&nbsp;&nbsp;readlongdata
<LI><a href="#[142]">&gt;&gt;</a>&nbsp;&nbsp;&nbsp;readfloat
<LI><a href="#[f2]">&gt;&gt;</a>&nbsp;&nbsp;&nbsp;R_24
</UL>
<BR>[Called By]<UL><LI><a href="#[a6]">&gt;&gt;</a>&nbsp;&nbsp;&nbsp;power_lose_test
</UL>

<P><STRONG><a name="[143]"></a>A_power_lose_resume</STRONG> (Thumb, 310 bytes, Stack size 8 bytes, parameter.o(.text))
<BR><BR>[Stack]<UL><LI>Max Depth = 100<LI>Call Chain = A_power_lose_resume &rArr; readlongdata &rArr; R_24 &rArr; receive &rArr; SDA_IN &rArr; GPIO_Init
</UL>
<BR>[Calls]<UL><LI><a href="#[141]">&gt;&gt;</a>&nbsp;&nbsp;&nbsp;readlongdata
<LI><a href="#[142]">&gt;&gt;</a>&nbsp;&nbsp;&nbsp;readfloat
<LI><a href="#[f2]">&gt;&gt;</a>&nbsp;&nbsp;&nbsp;R_24
</UL>
<BR>[Called By]<UL><LI><a href="#[a6]">&gt;&gt;</a>&nbsp;&nbsp;&nbsp;power_lose_test
</UL>

<P><STRONG><a name="[a6]"></a>power_lose_test</STRONG> (Thumb, 164 bytes, Stack size 8 bytes, parameter.o(.text))
<BR><BR>[Stack]<UL><LI>Max Depth = 140<LI>Call Chain = power_lose_test &rArr; A_power_test &rArr; SaveSampleFile_A &rArr; saveintdata &rArr; W_24 &rArr; ack &rArr; SDA_IN &rArr; GPIO_Init
</UL>
<BR>[Calls]<UL><LI><a href="#[145]">&gt;&gt;</a>&nbsp;&nbsp;&nbsp;SavePowerFile_B
<LI><a href="#[144]">&gt;&gt;</a>&nbsp;&nbsp;&nbsp;SavePowerFile_A
<LI><a href="#[143]">&gt;&gt;</a>&nbsp;&nbsp;&nbsp;A_power_lose_resume
<LI><a href="#[140]">&gt;&gt;</a>&nbsp;&nbsp;&nbsp;B_power_lose_resume
<LI><a href="#[13f]">&gt;&gt;</a>&nbsp;&nbsp;&nbsp;A_GetLostTime
<LI><a href="#[13e]">&gt;&gt;</a>&nbsp;&nbsp;&nbsp;A_power_test
<LI><a href="#[13c]">&gt;&gt;</a>&nbsp;&nbsp;&nbsp;B_GetLostTime
<LI><a href="#[13b]">&gt;&gt;</a>&nbsp;&nbsp;&nbsp;B_power_test
<LI><a href="#[13a]">&gt;&gt;</a>&nbsp;&nbsp;&nbsp;power_on_to_sample
<LI><a href="#[f7]">&gt;&gt;</a>&nbsp;&nbsp;&nbsp;my_RTC_GetTime
<LI><a href="#[11c]">&gt;&gt;</a>&nbsp;&nbsp;&nbsp;delay_ms
<LI><a href="#[f8]">&gt;&gt;</a>&nbsp;&nbsp;&nbsp;DMT_GetRTC
</UL>
<BR>[Called By]<UL><LI><a href="#[86]">&gt;&gt;</a>&nbsp;&nbsp;&nbsp;main
</UL>

<P><STRONG><a name="[135]"></a>A_power_lose_protect</STRONG> (Thumb, 376 bytes, Stack size 8 bytes, parameter.o(.text))
<BR><BR>[Stack]<UL><LI>Max Depth = 100<LI>Call Chain = A_power_lose_protect &rArr; savelongdata &rArr; W_24 &rArr; ack &rArr; SDA_IN &rArr; GPIO_Init
</UL>
<BR>[Calls]<UL><LI><a href="#[d2]">&gt;&gt;</a>&nbsp;&nbsp;&nbsp;savelongdata
<LI><a href="#[c8]">&gt;&gt;</a>&nbsp;&nbsp;&nbsp;savefloat
<LI><a href="#[f7]">&gt;&gt;</a>&nbsp;&nbsp;&nbsp;my_RTC_GetTime
<LI><a href="#[c9]">&gt;&gt;</a>&nbsp;&nbsp;&nbsp;W_24
<LI><a href="#[f8]">&gt;&gt;</a>&nbsp;&nbsp;&nbsp;DMT_GetRTC
</UL>
<BR>[Called By]<UL><LI><a href="#[b4]">&gt;&gt;</a>&nbsp;&nbsp;&nbsp;sample_A_task
</UL>

<P><STRONG><a name="[134]"></a>A_save_sample_start</STRONG> (Thumb, 152 bytes, Stack size 8 bytes, parameter.o(.text))
<BR><BR>[Stack]<UL><LI>Max Depth = 76<LI>Call Chain = A_save_sample_start &rArr; W_24 &rArr; ack &rArr; SDA_IN &rArr; GPIO_Init
</UL>
<BR>[Calls]<UL><LI><a href="#[f7]">&gt;&gt;</a>&nbsp;&nbsp;&nbsp;my_RTC_GetTime
<LI><a href="#[c9]">&gt;&gt;</a>&nbsp;&nbsp;&nbsp;W_24
<LI><a href="#[f8]">&gt;&gt;</a>&nbsp;&nbsp;&nbsp;DMT_GetRTC
</UL>
<BR>[Called By]<UL><LI><a href="#[b4]">&gt;&gt;</a>&nbsp;&nbsp;&nbsp;sample_A_task
</UL>

<P><STRONG><a name="[ee]"></a>A_sample_over</STRONG> (Thumb, 14 bytes, Stack size 8 bytes, parameter.o(.text))
<BR><BR>[Stack]<UL><LI>Max Depth = 76<LI>Call Chain = A_sample_over &rArr; W_24 &rArr; ack &rArr; SDA_IN &rArr; GPIO_Init
</UL>
<BR>[Calls]<UL><LI><a href="#[c9]">&gt;&gt;</a>&nbsp;&nbsp;&nbsp;W_24
</UL>
<BR>[Called By]<UL><LI><a href="#[b4]">&gt;&gt;</a>&nbsp;&nbsp;&nbsp;sample_A_task
<LI><a href="#[aa]">&gt;&gt;</a>&nbsp;&nbsp;&nbsp;key_task
</UL>

<P><STRONG><a name="[137]"></a>B_power_lose_protect</STRONG> (Thumb, 472 bytes, Stack size 8 bytes, parameter.o(.text))
<BR><BR>[Stack]<UL><LI>Max Depth = 100<LI>Call Chain = B_power_lose_protect &rArr; savelongdata &rArr; W_24 &rArr; ack &rArr; SDA_IN &rArr; GPIO_Init
</UL>
<BR>[Calls]<UL><LI><a href="#[d2]">&gt;&gt;</a>&nbsp;&nbsp;&nbsp;savelongdata
<LI><a href="#[c8]">&gt;&gt;</a>&nbsp;&nbsp;&nbsp;savefloat
<LI><a href="#[f7]">&gt;&gt;</a>&nbsp;&nbsp;&nbsp;my_RTC_GetTime
<LI><a href="#[c9]">&gt;&gt;</a>&nbsp;&nbsp;&nbsp;W_24
<LI><a href="#[f8]">&gt;&gt;</a>&nbsp;&nbsp;&nbsp;DMT_GetRTC
</UL>
<BR>[Called By]<UL><LI><a href="#[b5]">&gt;&gt;</a>&nbsp;&nbsp;&nbsp;sample_B_task
</UL>

<P><STRONG><a name="[136]"></a>B_save_sample_start</STRONG> (Thumb, 152 bytes, Stack size 8 bytes, parameter.o(.text))
<BR><BR>[Stack]<UL><LI>Max Depth = 76<LI>Call Chain = B_save_sample_start &rArr; W_24 &rArr; ack &rArr; SDA_IN &rArr; GPIO_Init
</UL>
<BR>[Calls]<UL><LI><a href="#[f7]">&gt;&gt;</a>&nbsp;&nbsp;&nbsp;my_RTC_GetTime
<LI><a href="#[c9]">&gt;&gt;</a>&nbsp;&nbsp;&nbsp;W_24
<LI><a href="#[f8]">&gt;&gt;</a>&nbsp;&nbsp;&nbsp;DMT_GetRTC
</UL>
<BR>[Called By]<UL><LI><a href="#[b5]">&gt;&gt;</a>&nbsp;&nbsp;&nbsp;sample_B_task
</UL>

<P><STRONG><a name="[f0]"></a>B_sample_over</STRONG> (Thumb, 14 bytes, Stack size 8 bytes, parameter.o(.text))
<BR><BR>[Stack]<UL><LI>Max Depth = 76<LI>Call Chain = B_sample_over &rArr; W_24 &rArr; ack &rArr; SDA_IN &rArr; GPIO_Init
</UL>
<BR>[Calls]<UL><LI><a href="#[c9]">&gt;&gt;</a>&nbsp;&nbsp;&nbsp;W_24
</UL>
<BR>[Called By]<UL><LI><a href="#[b5]">&gt;&gt;</a>&nbsp;&nbsp;&nbsp;sample_B_task
<LI><a href="#[aa]">&gt;&gt;</a>&nbsp;&nbsp;&nbsp;key_task
</UL>

<P><STRONG><a name="[147]"></a>flow_rate_creat_by_point_03_06_10</STRONG> (Thumb, 288 bytes, Stack size 0 bytes, parameter.o(.text))
<BR><BR>[Called By]<UL><LI><a href="#[148]">&gt;&gt;</a>&nbsp;&nbsp;&nbsp;B_calc_flow_rate
<LI><a href="#[146]">&gt;&gt;</a>&nbsp;&nbsp;&nbsp;A_calc_flow_rate
</UL>

<P><STRONG><a name="[10d]"></a>point_rate_A_flow</STRONG> (Thumb, 40 bytes, Stack size 0 bytes, parameter.o(.text))
<BR><BR>[Called By]<UL><LI><a href="#[10c]">&gt;&gt;</a>&nbsp;&nbsp;&nbsp;display_maintenance
</UL>

<P><STRONG><a name="[10e]"></a>point_rate_B_flow</STRONG> (Thumb, 40 bytes, Stack size 0 bytes, parameter.o(.text))
<BR><BR>[Called By]<UL><LI><a href="#[10c]">&gt;&gt;</a>&nbsp;&nbsp;&nbsp;display_maintenance
</UL>

<P><STRONG><a name="[146]"></a>A_calc_flow_rate</STRONG> (Thumb, 48 bytes, Stack size 4 bytes, parameter.o(.text))
<BR><BR>[Stack]<UL><LI>Max Depth = 4<LI>Call Chain = A_calc_flow_rate
</UL>
<BR>[Calls]<UL><LI><a href="#[147]">&gt;&gt;</a>&nbsp;&nbsp;&nbsp;flow_rate_creat_by_point_03_06_10
</UL>
<BR>[Called By]<UL><LI><a href="#[129]">&gt;&gt;</a>&nbsp;&nbsp;&nbsp;ComputeFlow
</UL>

<P><STRONG><a name="[148]"></a>B_calc_flow_rate</STRONG> (Thumb, 48 bytes, Stack size 4 bytes, parameter.o(.text))
<BR><BR>[Stack]<UL><LI>Max Depth = 4<LI>Call Chain = B_calc_flow_rate
</UL>
<BR>[Calls]<UL><LI><a href="#[147]">&gt;&gt;</a>&nbsp;&nbsp;&nbsp;flow_rate_creat_by_point_03_06_10
</UL>
<BR>[Called By]<UL><LI><a href="#[129]">&gt;&gt;</a>&nbsp;&nbsp;&nbsp;ComputeFlow
</UL>

<P><STRONG><a name="[126]"></a>PrintSampleFile</STRONG> (Thumb, 86 bytes, Stack size 16 bytes, parameter.o(.text))
<BR><BR>[Stack]<UL><LI>Max Depth = 148<LI>Call Chain = PrintSampleFile &rArr; PrintData &rArr; SPutl
</UL>
<BR>[Calls]<UL><LI><a href="#[149]">&gt;&gt;</a>&nbsp;&nbsp;&nbsp;PrintStart
<LI><a href="#[14a]">&gt;&gt;</a>&nbsp;&nbsp;&nbsp;PrintData
<LI><a href="#[117]">&gt;&gt;</a>&nbsp;&nbsp;&nbsp;ReadSampleFile_AB
<LI><a href="#[124]">&gt;&gt;</a>&nbsp;&nbsp;&nbsp;PrintSetUp
</UL>
<BR>[Called By]<UL><LI><a href="#[b6]">&gt;&gt;</a>&nbsp;&nbsp;&nbsp;print_sample_file_task
</UL>

<P><STRONG><a name="[127]"></a>PrintPowerFile</STRONG> (Thumb, 86 bytes, Stack size 16 bytes, parameter.o(.text))
<BR><BR>[Stack]<UL><LI>Max Depth = 140<LI>Call Chain = PrintPowerFile &rArr; PrintPower &rArr; SPutl
</UL>
<BR>[Calls]<UL><LI><a href="#[149]">&gt;&gt;</a>&nbsp;&nbsp;&nbsp;PrintStart
[...]
<LI><a href="#[228]">&gt;&gt;</a>&nbsp;&nbsp;&nbsp;move_window
</UL>
<BR>[Called By]<UL><LI><a href="#[25d]">&gt;&gt;</a>&nbsp;&nbsp;&nbsp;f_setlabel
<LI><a href="#[25c]">&gt;&gt;</a>&nbsp;&nbsp;&nbsp;f_getlabel
<LI><a href="#[259]">&gt;&gt;</a>&nbsp;&nbsp;&nbsp;f_unlink
<LI><a href="#[255]">&gt;&gt;</a>&nbsp;&nbsp;&nbsp;f_readdir
</UL>

<P><STRONG><a name="[23e]"></a>dir_register</STRONG> (Thumb, 298 bytes, Stack size 48 bytes, ff.o(.text))
<BR><BR>[Stack]<UL><LI>Max Depth = 404<LI>Call Chain = dir_register &rArr; dir_find &rArr; dir_next &rArr; create_chain &rArr; put_fat &rArr; move_window &rArr; sync_window &rArr; disk_write &rArr; USBH_UDISK_Write &rArr; USBH_MSC_HandleBOTXfer &rArr; USBH_BulkReceiveData &rArr; HCD_SubmitRequest &rArr; USB_OTG_HC_StartXfer &rArr; USB_OTG_WritePacket
</UL>
<BR>[Calls]<UL><LI><a href="#[231]">&gt;&gt;</a>&nbsp;&nbsp;&nbsp;dir_sdi
<LI><a href="#[239]">&gt;&gt;</a>&nbsp;&nbsp;&nbsp;dir_find
<LI><a href="#[23a]">&gt;&gt;</a>&nbsp;&nbsp;&nbsp;sum_sfn
<LI><a href="#[237]">&gt;&gt;</a>&nbsp;&nbsp;&nbsp;gen_numname
<LI><a href="#[23f]">&gt;&gt;</a>&nbsp;&nbsp;&nbsp;fit_lfn
<LI><a href="#[234]">&gt;&gt;</a>&nbsp;&nbsp;&nbsp;dir_alloc
<LI><a href="#[233]">&gt;&gt;</a>&nbsp;&nbsp;&nbsp;dir_next
<LI><a href="#[228]">&gt;&gt;</a>&nbsp;&nbsp;&nbsp;move_window
<LI><a href="#[22b]">&gt;&gt;</a>&nbsp;&nbsp;&nbsp;mem_set
<LI><a href="#[238]">&gt;&gt;</a>&nbsp;&nbsp;&nbsp;mem_cpy
</UL>
<BR>[Called By]<UL><LI><a href="#[11e]">&gt;&gt;</a>&nbsp;&nbsp;&nbsp;f_open
<LI><a href="#[11b]">&gt;&gt;</a>&nbsp;&nbsp;&nbsp;f_mkdir
<LI><a href="#[25b]">&gt;&gt;</a>&nbsp;&nbsp;&nbsp;f_rename
</UL>

<P><STRONG><a name="[240]"></a>dir_remove</STRONG> (Thumb, 106 bytes, Stack size 16 bytes, ff.o(.text), UNUSED)
<BR><BR>[Calls]<UL><LI><a href="#[231]">&gt;&gt;</a>&nbsp;&nbsp;&nbsp;dir_sdi
<LI><a href="#[233]">&gt;&gt;</a>&nbsp;&nbsp;&nbsp;dir_next
<LI><a href="#[228]">&gt;&gt;</a>&nbsp;&nbsp;&nbsp;move_window
<LI><a href="#[22b]">&gt;&gt;</a>&nbsp;&nbsp;&nbsp;mem_set
</UL>
<BR>[Called By]<UL><LI><a href="#[25b]">&gt;&gt;</a>&nbsp;&nbsp;&nbsp;f_rename
<LI><a href="#[259]">&gt;&gt;</a>&nbsp;&nbsp;&nbsp;f_unlink
</UL>

<P><STRONG><a name="[241]"></a>get_fileinfo</STRONG> (Thumb, 268 bytes, Stack size 32 bytes, ff.o(.text), UNUSED)
<BR><BR>[Calls]<UL><LI><a href="#[242]">&gt;&gt;</a>&nbsp;&nbsp;&nbsp;ff_convert
</UL>
<BR>[Called By]<UL><LI><a href="#[256]">&gt;&gt;</a>&nbsp;&nbsp;&nbsp;f_stat
<LI><a href="#[255]">&gt;&gt;</a>&nbsp;&nbsp;&nbsp;f_readdir
</UL>

<P><STRONG><a name="[243]"></a>create_name</STRONG> (Thumb, 604 bytes, Stack size 56 bytes, ff.o(.text))
<BR><BR>[Stack]<UL><LI>Max Depth = 104<LI>Call Chain = create_name &rArr; ff_convert &rArr; oem_2_unicode
</UL>
<BR>[Calls]<UL><LI><a href="#[244]">&gt;&gt;</a>&nbsp;&nbsp;&nbsp;chk_chr
<LI><a href="#[22b]">&gt;&gt;</a>&nbsp;&nbsp;&nbsp;mem_set
<LI><a href="#[236]">&gt;&gt;</a>&nbsp;&nbsp;&nbsp;ff_wtoupper
<LI><a href="#[242]">&gt;&gt;</a>&nbsp;&nbsp;&nbsp;ff_convert
</UL>
<BR>[Called By]<UL><LI><a href="#[245]">&gt;&gt;</a>&nbsp;&nbsp;&nbsp;follow_path
</UL>

<P><STRONG><a name="[245]"></a>follow_path</STRONG> (Thumb, 144 bytes, Stack size 32 bytes, ff.o(.text))
<BR><BR>[Stack]<UL><LI>Max Depth = 388<LI>Call Chain = follow_path &rArr; dir_find &rArr; dir_next &rArr; create_chain &rArr; put_fat &rArr; move_window &rArr; sync_window &rArr; disk_write &rArr; USBH_UDISK_Write &rArr; USBH_MSC_HandleBOTXfer &rArr; USBH_BulkReceiveData &rArr; HCD_SubmitRequest &rArr; USB_OTG_HC_StartXfer &rArr; USB_OTG_WritePacket
</UL>
<BR>[Calls]<UL><LI><a href="#[231]">&gt;&gt;</a>&nbsp;&nbsp;&nbsp;dir_sdi
<LI><a href="#[243]">&gt;&gt;</a>&nbsp;&nbsp;&nbsp;create_name
<LI><a href="#[239]">&gt;&gt;</a>&nbsp;&nbsp;&nbsp;dir_find
<LI><a href="#[246]">&gt;&gt;</a>&nbsp;&nbsp;&nbsp;ld_clust
</UL>
<BR>[Called By]<UL><LI><a href="#[11e]">&gt;&gt;</a>&nbsp;&nbsp;&nbsp;f_open
<LI><a href="#[11b]">&gt;&gt;</a>&nbsp;&nbsp;&nbsp;f_mkdir
<LI><a href="#[bc]">&gt;&gt;</a>&nbsp;&nbsp;&nbsp;f_utime
<LI><a href="#[253]">&gt;&gt;</a>&nbsp;&nbsp;&nbsp;f_opendir
<LI><a href="#[25b]">&gt;&gt;</a>&nbsp;&nbsp;&nbsp;f_rename
<LI><a href="#[25a]">&gt;&gt;</a>&nbsp;&nbsp;&nbsp;f_chmod
<LI><a href="#[259]">&gt;&gt;</a>&nbsp;&nbsp;&nbsp;f_unlink
<LI><a href="#[256]">&gt;&gt;</a>&nbsp;&nbsp;&nbsp;f_stat
</UL>

<P><STRONG><a name="[249]"></a>get_ldnumber</STRONG> (Thumb, 74 bytes, Stack size 16 bytes, ff.o(.text))
<BR><BR>[Stack]<UL><LI>Max Depth = 16<LI>Call Chain = get_ldnumber
</UL>
<BR>[Called By]<UL><LI><a href="#[98]">&gt;&gt;</a>&nbsp;&nbsp;&nbsp;f_mount
<LI><a href="#[248]">&gt;&gt;</a>&nbsp;&nbsp;&nbsp;find_volume
<LI><a href="#[25e]">&gt;&gt;</a>&nbsp;&nbsp;&nbsp;f_mkfs
<LI><a href="#[25b]">&gt;&gt;</a>&nbsp;&nbsp;&nbsp;f_rename
</UL>

<P><STRONG><a name="[247]"></a>check_fs</STRONG> (Thumb, 140 bytes, Stack size 16 bytes, ff.o(.text))
<BR><BR>[Stack]<UL><LI>Max Depth = 252<LI>Call Chain = check_fs &rArr; move_window &rArr; sync_window &rArr; disk_write &rArr; USBH_UDISK_Write &rArr; USBH_MSC_HandleBOTXfer &rArr; USBH_BulkReceiveData &rArr; HCD_SubmitRequest &rArr; USB_OTG_HC_StartXfer &rArr; USB_OTG_WritePacket
</UL>
<BR>[Calls]<UL><LI><a href="#[228]">&gt;&gt;</a>&nbsp;&nbsp;&nbsp;move_window
</UL>
<BR>[Called By]<UL><LI><a href="#[248]">&gt;&gt;</a>&nbsp;&nbsp;&nbsp;find_volume
</UL>

<P><STRONG><a name="[248]"></a>find_volume</STRONG> (Thumb, 916 bytes, Stack size 80 bytes, ff.o(.text))
<BR><BR>[Stack]<UL><LI>Max Depth = 332<LI>Call Chain = find_volume &rArr; check_fs &rArr; move_window &rArr; sync_window &rArr; disk_write &rArr; USBH_UDISK_Write &rArr; USBH_MSC_HandleBOTXfer &rArr; USBH_BulkReceiveData &rArr; HCD_SubmitRequest &rArr; USB_OTG_HC_StartXfer &rArr; USB_OTG_WritePacket
</UL>
<BR>[Calls]<UL><LI><a href="#[247]">&gt;&gt;</a>&nbsp;&nbsp;&nbsp;check_fs
<LI><a href="#[249]">&gt;&gt;</a>&nbsp;&nbsp;&nbsp;get_ldnumber
<LI><a href="#[228]">&gt;&gt;</a>&nbsp;&nbsp;&nbsp;move_window
<LI><a href="#[24a]">&gt;&gt;</a>&nbsp;&nbsp;&nbsp;disk_status
<LI><a href="#[24b]">&gt;&gt;</a>&nbsp;&nbsp;&nbsp;disk_initialize
</UL>
<BR>[Called By]<UL><LI><a href="#[11e]">&gt;&gt;</a>&nbsp;&nbsp;&nbsp;f_open
<LI><a href="#[11b]">&gt;&gt;</a>&nbsp;&nbsp;&nbsp;f_mkdir
<LI><a href="#[bc]">&gt;&gt;</a>&nbsp;&nbsp;&nbsp;f_utime
<LI><a href="#[98]">&gt;&gt;</a>&nbsp;&nbsp;&nbsp;f_mount
<LI><a href="#[253]">&gt;&gt;</a>&nbsp;&nbsp;&nbsp;f_opendir
<LI><a href="#[25d]">&gt;&gt;</a>&nbsp;&nbsp;&nbsp;f_setlabel
<LI><a href="#[25c]">&gt;&gt;</a>&nbsp;&nbsp;&nbsp;f_getlabel
<LI><a href="#[25b]">&gt;&gt;</a>&nbsp;&nbsp;&nbsp;f_rename
<LI><a href="#[25a]">&gt;&gt;</a>&nbsp;&nbsp;&nbsp;f_chmod
<LI><a href="#[259]">&gt;&gt;</a>&nbsp;&nbsp;&nbsp;f_unlink
<LI><a href="#[257]">&gt;&gt;</a>&nbsp;&nbsp;&nbsp;f_getfree
<LI><a href="#[256]">&gt;&gt;</a>&nbsp;&nbsp;&nbsp;f_stat
</UL>

<P><STRONG><a name="[24c]"></a>validate</STRONG> (Thumb, 54 bytes, Stack size 16 bytes, ff.o(.text))
<BR><BR>[Stack]<UL><LI>Max Depth = 16<LI>Call Chain = validate
</UL>
<BR>[Calls]<UL><LI><a href="#[24a]">&gt;&gt;</a>&nbsp;&nbsp;&nbsp;disk_status
</UL>
<BR>[Called By]<UL><LI><a href="#[11f]">&gt;&gt;</a>&nbsp;&nbsp;&nbsp;f_lseek
<LI><a href="#[251]">&gt;&gt;</a>&nbsp;&nbsp;&nbsp;f_read
<LI><a href="#[20f]">&gt;&gt;</a>&nbsp;&nbsp;&nbsp;f_write
<LI><a href="#[210]">&gt;&gt;</a>&nbsp;&nbsp;&nbsp;f_sync
<LI><a href="#[212]">&gt;&gt;</a>&nbsp;&nbsp;&nbsp;f_close
<LI><a href="#[258]">&gt;&gt;</a>&nbsp;&nbsp;&nbsp;f_truncate
<LI><a href="#[255]">&gt;&gt;</a>&nbsp;&nbsp;&nbsp;f_readdir
<LI><a href="#[254]">&gt;&gt;</a>&nbsp;&nbsp;&nbsp;f_closedir
</UL>

<P><STRONG><a name="[260]"></a>putc_bfd</STRONG> (Thumb, 68 bytes, Stack size 24 bytes, ff.o(.text), UNUSED)
<BR><BR>[Calls]<UL><LI><a href="#[20f]">&gt;&gt;</a>&nbsp;&nbsp;&nbsp;f_write
</UL>
<BR>[Called By]<UL><LI><a href="#[263]">&gt;&gt;</a>&nbsp;&nbsp;&nbsp;f_printf
<LI><a href="#[262]">&gt;&gt;</a>&nbsp;&nbsp;&nbsp;f_puts
<LI><a href="#[261]">&gt;&gt;</a>&nbsp;&nbsp;&nbsp;f_putc
</UL>

<P><STRONG><a name="[27a]"></a>USBH_HandleEnum</STRONG> (Thumb, 472 bytes, Stack size 88 bytes, usbh_core.o(.text))
<BR><BR>[Stack]<UL><LI>Max Depth = 192<LI>Call Chain = USBH_HandleEnum &rArr; USBH_Get_StringDesc &rArr; USBH_GetDescriptor &rArr; USBH_CtlReq &rArr; USBH_SubmitSetupRequest
</UL>
<BR>[Calls]<UL><LI><a href="#[27f]">&gt;&gt;</a>&nbsp;&nbsp;&nbsp;USB_OTG_BSP_mDelay
<LI><a href="#[282]">&gt;&gt;</a>&nbsp;&nbsp;&nbsp;USBH_SetCfg
<LI><a href="#[27e]">&gt;&gt;</a>&nbsp;&nbsp;&nbsp;USBH_SetAddress
<LI><a href="#[27d]">&gt;&gt;</a>&nbsp;&nbsp;&nbsp;USBH_Modify_Channel
<LI><a href="#[281]">&gt;&gt;</a>&nbsp;&nbsp;&nbsp;USBH_Get_StringDesc
<LI><a href="#[27b]">&gt;&gt;</a>&nbsp;&nbsp;&nbsp;USBH_Get_DevDesc
<LI><a href="#[280]">&gt;&gt;</a>&nbsp;&nbsp;&nbsp;USBH_Get_CfgDesc
<LI><a href="#[27c]">&gt;&gt;</a>&nbsp;&nbsp;&nbsp;HCD_ResetPort
</UL>
<BR>[Called By]<UL><LI><a href="#[a7]">&gt;&gt;</a>&nbsp;&nbsp;&nbsp;USBH_Process
</UL>

<P><STRONG><a name="[28a]"></a>USBH_GetFreeChannel</STRONG> (Thumb, 40 bytes, Stack size 0 bytes, usbh_hcs.o(.text))
<BR><BR>[Called By]<UL><LI><a href="#[284]">&gt;&gt;</a>&nbsp;&nbsp;&nbsp;USBH_Alloc_Channel
</UL>

<P><STRONG><a name="[28c]"></a>USBH_SubmitSetupRequest</STRONG> (Thumb, 24 bytes, Stack size 8 bytes, usbh_ioreq.o(.text))
<BR><BR>[Stack]<UL><LI>Max Depth = 8<LI>Call Chain = USBH_SubmitSetupRequest
</UL>
<BR>[Called By]<UL><LI><a href="#[28b]">&gt;&gt;</a>&nbsp;&nbsp;&nbsp;USBH_CtlReq
</UL>

<P><STRONG><a name="[295]"></a>USBH_ParseDevDesc</STRONG> (Thumb, 88 bytes, Stack size 8 bytes, usbh_stdreq.o(.text))
<BR><BR>[Stack]<UL><LI>Max Depth = 8<LI>Call Chain = USBH_ParseDevDesc
</UL>
<BR>[Called By]<UL><LI><a href="#[27b]">&gt;&gt;</a>&nbsp;&nbsp;&nbsp;USBH_Get_DevDesc
</UL>

<P><STRONG><a name="[299]"></a>USBH_ParseEPDesc</STRONG> (Thumb, 32 bytes, Stack size 0 bytes, usbh_stdreq.o(.text))
<BR><BR>[Called By]<UL><LI><a href="#[296]">&gt;&gt;</a>&nbsp;&nbsp;&nbsp;USBH_ParseCfgDesc
</UL>

<P><STRONG><a name="[298]"></a>USBH_ParseInterfaceDesc</STRONG> (Thumb, 38 bytes, Stack size 0 bytes, usbh_stdreq.o(.text))
<BR><BR>[Called By]<UL><LI><a href="#[296]">&gt;&gt;</a>&nbsp;&nbsp;&nbsp;USBH_ParseCfgDesc
</UL>

<P><STRONG><a name="[296]"></a>USBH_ParseCfgDesc</STRONG> (Thumb, 274 bytes, Stack size 56 bytes, usbh_stdreq.o(.text))
<BR><BR>[Stack]<UL><LI>Max Depth = 64<LI>Call Chain = USBH_ParseCfgDesc &rArr; USBH_GetNextDesc
</UL>
<BR>[Calls]<UL><LI><a href="#[297]">&gt;&gt;</a>&nbsp;&nbsp;&nbsp;USBH_GetNextDesc
<LI><a href="#[298]">&gt;&gt;</a>&nbsp;&nbsp;&nbsp;USBH_ParseInterfaceDesc
<LI><a href="#[299]">&gt;&gt;</a>&nbsp;&nbsp;&nbsp;USBH_ParseEPDesc
</UL>
<BR>[Called By]<UL><LI><a href="#[280]">&gt;&gt;</a>&nbsp;&nbsp;&nbsp;USBH_Get_CfgDesc
</UL>

<P><STRONG><a name="[29a]"></a>USBH_ParseStringDesc</STRONG> (Thumb, 54 bytes, Stack size 12 bytes, usbh_stdreq.o(.text))
<BR><BR>[Stack]<UL><LI>Max Depth = 12<LI>Call Chain = USBH_ParseStringDesc
</UL>
<BR>[Called By]<UL><LI><a href="#[281]">&gt;&gt;</a>&nbsp;&nbsp;&nbsp;USBH_Get_StringDesc
</UL>

<P><STRONG><a name="[5]"></a>USBH_MSC_InterfaceInit</STRONG> (Thumb, 202 bytes, Stack size 24 bytes, usbh_msc_core.o(.text))
<BR><BR>[Stack]<UL><LI>Max Depth = 84<LI>Call Chain = USBH_MSC_InterfaceInit &rArr; USBH_Open_Channel &rArr; USB_OTG_HC_Init
</UL>
<BR>[Calls]<UL><LI><a href="#[286]">&gt;&gt;</a>&nbsp;&nbsp;&nbsp;USBH_Open_Channel
<LI><a href="#[284]">&gt;&gt;</a>&nbsp;&nbsp;&nbsp;USBH_Alloc_Channel
</UL>
<BR>[Address Reference Count : 1]<UL><LI> usbh_msc_core.o(.data)
</UL>
<P><STRONG><a name="[6]"></a>USBH_MSC_InterfaceDeInit</STRONG> (Thumb, 72 bytes, Stack size 16 bytes, usbh_msc_core.o(.text))
<BR><BR>[Stack]<UL><LI>Max Depth = 48<LI>Call Chain = USBH_MSC_InterfaceDeInit &rArr; USB_OTG_HC_Halt
</UL>
<BR>[Calls]<UL><LI><a href="#[2a8]">&gt;&gt;</a>&nbsp;&nbsp;&nbsp;USB_OTG_HC_Halt
<LI><a href="#[26f]">&gt;&gt;</a>&nbsp;&nbsp;&nbsp;USBH_Free_Channel
</UL>
<BR>[Address Reference Count : 1]<UL><LI> usbh_msc_core.o(.data)
</UL>
<P><STRONG><a name="[7]"></a>USBH_MSC_ClassRequest</STRONG> (Thumb, 14 bytes, Stack size 8 bytes, usbh_msc_core.o(.text))
<BR><BR>[Stack]<UL><LI>Max Depth = 8<LI>Call Chain = USBH_MSC_ClassRequest
</UL>
<BR>[Address Reference Count : 1]<UL><LI> usbh_msc_core.o(.data)
</UL>
<P><STRONG><a name="[2a9]"></a>USBH_MSC_GETMaxLUN</STRONG> (Thumb, 40 bytes, Stack size 16 bytes, usbh_msc_core.o(.text))
<BR><BR>[Stack]<UL><LI>Max Depth = 48<LI>Call Chain = USBH_MSC_GETMaxLUN &rArr; USBH_CtlReq &rArr; USBH_SubmitSetupRequest
</UL>
<BR>[Calls]<UL><LI><a href="#[28b]">&gt;&gt;</a>&nbsp;&nbsp;&nbsp;USBH_CtlReq
</UL>
<BR>[Called By]<UL><LI><a href="#[8]">&gt;&gt;</a>&nbsp;&nbsp;&nbsp;USBH_MSC_Handle
</UL>

<P><STRONG><a name="[2aa]"></a>USBH_MSC_BOTReset</STRONG> (Thumb, 36 bytes, Stack size 16 bytes, usbh_msc_core.o(.text))
<BR><BR>[Stack]<UL><LI>Max Depth = 48<LI>Call Chain = USBH_MSC_BOTReset &rArr; USBH_CtlReq &rArr; USBH_SubmitSetupRequest
</UL>
<BR>[Calls]<UL><LI><a href="#[28b]">&gt;&gt;</a>&nbsp;&nbsp;&nbsp;USBH_CtlReq
</UL>
<BR>[Called By]<UL><LI><a href="#[8]">&gt;&gt;</a>&nbsp;&nbsp;&nbsp;USBH_MSC_Handle
</UL>

<P><STRONG><a name="[8]"></a>USBH_MSC_Handle</STRONG> (Thumb, 406 bytes, Stack size 32 bytes, usbh_msc_core.o(.text))
<BR><BR>[Stack]<UL><LI>Max Depth = 188<LI>Call Chain = USBH_MSC_Handle &rArr; USBH_MSC_HandleBOTXfer &rArr; USBH_BulkReceiveData &rArr; HCD_SubmitRequest &rArr; USB_OTG_HC_StartXfer &rArr; USB_OTG_WritePacket
</UL>
<BR>[Calls]<UL><LI><a href="#[2ab]">&gt;&gt;</a>&nbsp;&nbsp;&nbsp;USBH_MSC_ErrorHandle
<LI><a href="#[2aa]">&gt;&gt;</a>&nbsp;&nbsp;&nbsp;USBH_MSC_BOTReset
<LI><a href="#[2a9]">&gt;&gt;</a>&nbsp;&nbsp;&nbsp;USBH_MSC_GETMaxLUN
<LI><a href="#[2a7]">&gt;&gt;</a>&nbsp;&nbsp;&nbsp;USBH_MSC_HandleBOTXfer
<LI><a href="#[2a3]">&gt;&gt;</a>&nbsp;&nbsp;&nbsp;USBH_MSC_Init
<LI><a href="#[2a0]">&gt;&gt;</a>&nbsp;&nbsp;&nbsp;USBH_MSC_RequestSense
<LI><a href="#[29f]">&gt;&gt;</a>&nbsp;&nbsp;&nbsp;USBH_MSC_ModeSense6
<LI><a href="#[29e]">&gt;&gt;</a>&nbsp;&nbsp;&nbsp;USBH_MSC_ReadCapacity10
<LI><a href="#[29d]">&gt;&gt;</a>&nbsp;&nbsp;&nbsp;USBH_MSC_TestUnitReady
<LI><a href="#[29c]">&gt;&gt;</a>&nbsp;&nbsp;&nbsp;USBH_ClrFeature
<LI><a href="#[283]">&gt;&gt;</a>&nbsp;&nbsp;&nbsp;HCD_IsDeviceConnected
</UL>
<BR>[Address Reference Count : 1]<UL><LI> usbh_msc_core.o(.data)
</UL>
<P><STRONG><a name="[2be]"></a>USB_OTG_USBH_handle_IncompletePeriodicXfer_ISR</STRONG> (Thumb, 70 bytes, Stack size 12 bytes, usb_hcd_int.o(.text))
<BR><BR>[Stack]<UL><LI>Max Depth = 12<LI>Call Chain = USB_OTG_USBH_handle_IncompletePeriodicXfer_ISR
</UL>
<BR>[Called By]<UL><LI><a href="#[2b9]">&gt;&gt;</a>&nbsp;&nbsp;&nbsp;USBH_OTG_ISR_Handler
</UL>

<P><STRONG><a name="[2bd]"></a>USB_OTG_USBH_handle_Disconnect_ISR</STRONG> (Thumb, 40 bytes, Stack size 16 bytes, usb_hcd_int.o(.text))
<BR><BR>[Stack]<UL><LI>Max Depth = 16<LI>Call Chain = USB_OTG_USBH_handle_Disconnect_ISR
</UL>
<BR>[Called By]<UL><LI><a href="#[2b9]">&gt;&gt;</a>&nbsp;&nbsp;&nbsp;USBH_OTG_ISR_Handler
</UL>

<P><STRONG><a name="[2ac]"></a>USB_OTG_USBH_handle_port_ISR</STRONG> (Thumb, 282 bytes, Stack size 32 bytes, usb_hcd_int.o(.text))
<BR><BR>[Stack]<UL><LI>Max Depth = 72<LI>Call Chain = USB_OTG_USBH_handle_port_ISR &rArr; USB_OTG_ResetPort &rArr; USB_OTG_BSP_mDelay &rArr; delay_ms
</UL>
<BR>[Calls]<UL><LI><a href="#[2ae]">&gt;&gt;</a>&nbsp;&nbsp;&nbsp;USB_OTG_ResetPort
<LI><a href="#[2ad]">&gt;&gt;</a>&nbsp;&nbsp;&nbsp;USB_OTG_InitFSLSPClkSel
</UL>
<BR>[Called By]<UL><LI><a href="#[2b9]">&gt;&gt;</a>&nbsp;&nbsp;&nbsp;USBH_OTG_ISR_Handler
</UL>

<P><STRONG><a name="[2af]"></a>USB_OTG_USBH_handle_hc_n_Out_ISR</STRONG> (Thumb, 984 bytes, Stack size 32 bytes, usb_hcd_int.o(.text))
<BR><BR>[Stack]<UL><LI>Max Depth = 64<LI>Call Chain = USB_OTG_USBH_handle_hc_n_Out_ISR &rArr; USB_OTG_HC_Halt
</UL>
<BR>[Calls]<UL><LI><a href="#[2b0]">&gt;&gt;</a>&nbsp;&nbsp;&nbsp;USB_OTG_HC_DoPing
<LI><a href="#[2a8]">&gt;&gt;</a>&nbsp;&nbsp;&nbsp;USB_OTG_HC_Halt
</UL>
<BR>[Called By]<UL><LI><a href="#[2b2]">&gt;&gt;</a>&nbsp;&nbsp;&nbsp;USB_OTG_USBH_handle_hc_ISR
</UL>

<P><STRONG><a name="[2b1]"></a>USB_OTG_USBH_handle_hc_n_In_ISR</STRONG> (Thumb, 1066 bytes, Stack size 40 bytes, usb_hcd_int.o(.text))
<BR><BR>[Stack]<UL><LI>Max Depth = 72<LI>Call Chain = USB_OTG_USBH_handle_hc_n_In_ISR &rArr; USB_OTG_HC_Halt
</UL>
<BR>[Calls]<UL><LI><a href="#[2a8]">&gt;&gt;</a>&nbsp;&nbsp;&nbsp;USB_OTG_HC_Halt
</UL>
<BR>[Called By]<UL><LI><a href="#[2b2]">&gt;&gt;</a>&nbsp;&nbsp;&nbsp;USB_OTG_USBH_handle_hc_ISR
</UL>

<P><STRONG><a name="[2b2]"></a>USB_OTG_USBH_handle_hc_ISR</STRONG> (Thumb, 86 bytes, Stack size 24 bytes, usb_hcd_int.o(.text))
<BR><BR>[Stack]<UL><LI>Max Depth = 96<LI>Call Chain = USB_OTG_USBH_handle_hc_ISR &rArr; USB_OTG_USBH_handle_hc_n_In_ISR &rArr; USB_OTG_HC_Halt
</UL>
<BR>[Calls]<UL><LI><a href="#[2b3]">&gt;&gt;</a>&nbsp;&nbsp;&nbsp;USB_OTG_ReadHostAllChannels_intr
<LI><a href="#[2b1]">&gt;&gt;</a>&nbsp;&nbsp;&nbsp;USB_OTG_USBH_handle_hc_n_In_ISR
<LI><a href="#[2af]">&gt;&gt;</a>&nbsp;&nbsp;&nbsp;USB_OTG_USBH_handle_hc_n_Out_ISR
</UL>
<BR>[Called By]<UL><LI><a href="#[2b9]">&gt;&gt;</a>&nbsp;&nbsp;&nbsp;USBH_OTG_ISR_Handler
</UL>

<P><STRONG><a name="[2b4]"></a>USB_OTG_USBH_handle_ptxfempty_ISR</STRONG> (Thumb, 302 bytes, Stack size 32 bytes, usb_hcd_int.o(.text))
<BR><BR>[Stack]<UL><LI>Max Depth = 56<LI>Call Chain = USB_OTG_USBH_handle_ptxfempty_ISR &rArr; USB_OTG_WritePacket
</UL>
<BR>[Calls]<UL><LI><a href="#[2b5]">&gt;&gt;</a>&nbsp;&nbsp;&nbsp;USB_OTG_WritePacket
</UL>
<BR>[Called By]<UL><LI><a href="#[2b9]">&gt;&gt;</a>&nbsp;&nbsp;&nbsp;USBH_OTG_ISR_Handler
</UL>

<P><STRONG><a name="[2b6]"></a>USB_OTG_USBH_handle_nptxfempty_ISR</STRONG> (Thumb, 302 bytes, Stack size 32 bytes, usb_hcd_int.o(.text))
<BR><BR>[Stack]<UL><LI>Max Depth = 56<LI>Call Chain = USB_OTG_USBH_handle_nptxfempty_ISR &rArr; USB_OTG_WritePacket
</UL>
<BR>[Calls]<UL><LI><a href="#[2b5]">&gt;&gt;</a>&nbsp;&nbsp;&nbsp;USB_OTG_WritePacket
</UL>
<BR>[Called By]<UL><LI><a href="#[2b9]">&gt;&gt;</a>&nbsp;&nbsp;&nbsp;USBH_OTG_ISR_Handler
</UL>

<P><STRONG><a name="[2b7]"></a>USB_OTG_USBH_handle_rx_qlvl_ISR</STRONG> (Thumb, 356 bytes, Stack size 32 bytes, usb_hcd_int.o(.text))
<BR><BR>[Stack]<UL><LI>Max Depth = 52<LI>Call Chain = USB_OTG_USBH_handle_rx_qlvl_ISR &rArr; USB_OTG_ReadPacket
</UL>
<BR>[Calls]<UL><LI><a href="#[2b8]">&gt;&gt;</a>&nbsp;&nbsp;&nbsp;USB_OTG_ReadPacket
</UL>
<BR>[Called By]<UL><LI><a href="#[2b9]">&gt;&gt;</a>&nbsp;&nbsp;&nbsp;USBH_OTG_ISR_Handler
</UL>

<P><STRONG><a name="[2bc]"></a>USB_OTG_USBH_handle_sof_ISR</STRONG> (Thumb, 38 bytes, Stack size 16 bytes, usb_hcd_int.o(.text))
<BR><BR>[Stack]<UL><LI>Max Depth = 16<LI>Call Chain = USB_OTG_USBH_handle_sof_ISR
</UL>
<BR>[Called By]<UL><LI><a href="#[2b9]">&gt;&gt;</a>&nbsp;&nbsp;&nbsp;USBH_OTG_ISR_Handler
</UL>

<P><STRONG><a name="[2c8]"></a>USB_OTG_EnableCommonInt</STRONG> (Thumb, 52 bytes, Stack size 8 bytes, usb_core.o(.text))
<BR><BR>[Stack]<UL><LI>Max Depth = 8<LI>Call Chain = USB_OTG_EnableCommonInt
</UL>
<BR>[Called By]<UL><LI><a href="#[2c7]">&gt;&gt;</a>&nbsp;&nbsp;&nbsp;USB_OTG_EnableHostInt
</UL>

<P><STRONG><a name="[2bf]"></a>USB_OTG_CoreReset</STRONG> (Thumb, 108 bytes, Stack size 24 bytes, usb_core.o(.text))
<BR><BR>[Stack]<UL><LI>Max Depth = 32<LI>Call Chain = USB_OTG_CoreReset &rArr; USB_OTG_BSP_uDelay
</UL>
<BR>[Calls]<UL><LI><a href="#[2c0]">&gt;&gt;</a>&nbsp;&nbsp;&nbsp;USB_OTG_BSP_uDelay
</UL>
<BR>[Called By]<UL><LI><a href="#[2c1]">&gt;&gt;</a>&nbsp;&nbsp;&nbsp;USB_OTG_CoreInit
</UL>

<P><STRONG><a name="[2ef]"></a>_dadd1</STRONG> (Thumb, 0 bytes, Stack size unknown bytes, daddsub_clz.o(x$fpl$dadd), UNUSED)
<BR><BR>[Called By]<UL><LI><a href="#[2ee]">&gt;&gt;</a>&nbsp;&nbsp;&nbsp;_dsub
</UL>

<P><STRONG><a name="[2e6]"></a>_dsub1</STRONG> (Thumb, 0 bytes, Stack size unknown bytes, daddsub_clz.o(x$fpl$dsub), UNUSED)
<BR><BR>[Called By]<UL><LI><a href="#[2e5]">&gt;&gt;</a>&nbsp;&nbsp;&nbsp;_dadd
</UL>
<P>
<H3>
Undefined Global Symbols
</H3><HR></body></html>
