Product: MDK-ARM Professional 5.10
Component: ARM Compiler 5.04 update 1 (build 49)
Tool: armlink [5040049]

==============================================================================

Section Cross References

    main.o(.text) refers to misc.o(.text) for NVIC_PriorityGroupConfig
    main.o(.text) refers to delay.o(.text) for delay_init
    main.o(.text) refers to led.o(.text) for LED_Init
    main.o(.text) refers to bat.o(.text) for POWER_TEST_Init
    main.o(.text) refers to wk.o(.text) for wk_GPIOInit
    main.o(.text) refers to timer.o(.text) for TIM1_Int_Init
    main.o(.text) refers to pump.o(.text) for PUMP_AB_PWM_Init
    main.o(.text) refers to 24c64.o(.text) for FM24C64_GPIOInit
    main.o(.text) refers to dmt.o(.text) for DMT_Init
    main.o(.text) refers to rtc.o(.text) for My_RTC_Init
    main.o(.text) refers to w25qxx.o(.text) for W25QXX_Init
    main.o(.text) refers to malloc.o(.text) for my_mem_init
    main.o(.text) refers to exfuns.o(.text) for exfuns_init
    main.o(.text) refers to ff.o(.text) for f_mount
    main.o(.text) refers to usbh_core.o(.text) for USBH_Init
    main.o(.text) refers to saveresume.o(.text) for ParaInit
    main.o(.text) refers to task.o(.text) for timer_task_init
    main.o(.text) refers to print.o(.text) for bluetooth_init
    main.o(.text) refers to 18b20.o(.text) for DS18b20_init
    main.o(.text) refers to file.o(.text) for FileInit
    main.o(.text) refers to ssdl.o(.text) for SSDL_port_init
    main.o(.text) refers to parameter.o(.text) for power_lose_test
    main.o(.text) refers to exfuns.o(.bss) for fs
    main.o(.text) refers to usbh_usr.o(.data) for USR_Callbacks
    main.o(.text) refers to usbh_msc_core.o(.data) for USBH_MSC_cb
    main.o(.text) refers to main.o(.bss) for USB_Host
    main.o(.text) refers to parameter.o(.data) for err_dis
    main.o(.text) refers to main.o(.data) for main_i
    system_stm32f4xx.o(.text) refers to system_stm32f4xx.o(.data) for SystemCoreClock
    task.o(.text) refers to dmt.o(.text) for DMT_ChangePic
    task.o(.text) refers to task.o(.data) for wnd_struct
    task.o(.text) refers to timer.o(.data) for timer1_count
    task.o(.text) refers to usart.o(.bss) for FRAME_BUF
    task.o(.text) refers to dflt_clz.o(x$fpl$dflt) for __aeabi_i2d
    task.o(.text) refers to ddiv.o(x$fpl$ddiv) for __aeabi_ddiv
    task.o(.text) refers to d2f.o(x$fpl$d2f) for __aeabi_d2f
    task.o(.text) refers to 24c64.o(.text) for savefloat
    task.o(.text) refers to dflt_clz.o(x$fpl$dfltu) for __aeabi_ui2d
    task.o(.text) refers to rtc.o(.text) for Write_Date
    task.o(.text) refers to sample.o(.bss) for sample_temperature
    task.o(.text) refers to parameter.o(.data) for wk_temperature_set
    task.o(.text) refers to rtc.o(.data) for sys_year
    task.o(.text) refers to dmt.o(.data) for DMT_year
    task.o(.text) refers to saveresume.o(.text) for save_sample_para
    task.o(.text) refers to print.o(.text) for bluetooth_set_printer_password
    task.o(.text) refers to bat.o(.data) for bat_voltage_rate
    task.o(.text) refers to wk.o(.bss) for wk_pid_para
    task.o(.text) refers to wk.o(.data) for pid_integral_limit
    task.o(.text) refers to task.o(.bss) for BLUETOOTH
    task.o(.text) refers to pump.o(.text) for PUMP_B_Stop
    task.o(.text) refers to wk.o(.text) for start_wk_ctr
    task.o(.text) refers to pump.o(.data) for PUMP_fbuf_B
    task.o(.text) refers to file.o(.text) for SaveSampleFile_A
    task.o(.text) refers to parameter.o(.text) for A_sample_over
    task.o(.text) refers to parameter.o(.bss) for A_sample_file
    task.o(.text) refers to strcpy.o(.text) for strcpy
    task.o(.text) refers to process.o(.text) for CharToStr
    task.o(.text) refers to strcat.o(.text) for strcat
    task.o(.text) refers to 18b20.o(.data) for wk_temperature_err
    task.o(.text) refers to parameter.o(.constdata) for sf31
    task.o(.text) refers to stm32f4xx_tim.o(.text) for TIM_GetCapture4
    task.o(.text) refers to ff.o(.text) for f_mount
    task.o(.text) refers to delay.o(.text) for delay_ms
    task.o(.text) refers to usbh_usr.o(.data) for USH_User_App_flag
    task.o(.text) refers to exfuns.o(.bss) for fs
    task.o(.text) refers to exfuns.o(.data) for file
    task.o(.text) refers to usb.o(.text) for SampleFileOut
    task.o(.text) refers to usb.o(.data) for usb_out_file_step
    task.o(.text) refers to sample.o(.text) for ComputeFlow
    task.o(.text) refers to ssdl.o(.text) for Read_Pressure_LY_A
    task.o(.text) refers to adc.o(.bss) for ADBuf
    task.o(.text) refers to adc.o(.text) for ADC1_Start
    task.o(.text) refers to adc.o(.data) for adcount
    task.o(.text) refers to 18b20.o(.text) for DS18b20_reset
    parameter.o(.text) refers to task.o(.text) for set_refresh_wnd_num
    parameter.o(.text) refers to file.o(.text) for SaveSampleFile_B
    parameter.o(.text) refers to parameter.o(.data) for A_power_low_sample_status
    parameter.o(.text) refers to sample.o(.bss) for B_SAMPLE
[...]
    SPI_CalculateCRC                         0x0802cb9b   Thumb Code    24  stm32f4xx_spi.o(.text)
    SPI_TransmitCRC                          0x0802cbb3   Thumb Code    10  stm32f4xx_spi.o(.text)
    SPI_GetCRC                               0x0802cbbd   Thumb Code    16  stm32f4xx_spi.o(.text)
    SPI_GetCRCPolynomial                     0x0802cbcd   Thumb Code     6  stm32f4xx_spi.o(.text)
    SPI_I2S_DMACmd                           0x0802cbd3   Thumb Code    18  stm32f4xx_spi.o(.text)
    SPI_I2S_ITConfig                         0x0802cbe5   Thumb Code    68  stm32f4xx_spi.o(.text)
    SPI_I2S_GetFlagStatus                    0x0802cc29   Thumb Code    18  stm32f4xx_spi.o(.text)
    SPI_I2S_ClearFlag                        0x0802cc3b   Thumb Code     6  stm32f4xx_spi.o(.text)
    SPI_I2S_GetITStatus                      0x0802cc41   Thumb Code    52  stm32f4xx_spi.o(.text)
    SPI_I2S_ClearITPendingBit                0x0802cc75   Thumb Code    20  stm32f4xx_spi.o(.text)
    DS18b20_OutputMode                       0x0802cc89   Thumb Code   108  18b20.o(.text)
    DS18b20_InputMode                        0x0802ccf5   Thumb Code   112  18b20.o(.text)
    DS18b20_reset                            0x0802cd65   Thumb Code   110  18b20.o(.text)
    DS18b20_write                            0x0802cdd3   Thumb Code   128  18b20.o(.text)
    DS18b20_read                             0x0802ce53   Thumb Code   174  18b20.o(.text)
    DS18b20_init                             0x0802cf01   Thumb Code    46  18b20.o(.text)
    Temperature_read                         0x0802cf2f   Thumb Code   180  18b20.o(.text)
    FM24C64_GPIOInit                         0x0802d001   Thumb Code    54  24c64.o(.text)
    SDA_OUT                                  0x0802d037   Thumb Code    54  24c64.o(.text)
    SDA_IN                                   0x0802d06d   Thumb Code    48  24c64.o(.text)
    start                                    0x0802d09d   Thumb Code    52  24c64.o(.text)
    stop                                     0x0802d0d1   Thumb Code    48  24c64.o(.text)
    ack                                      0x0802d101   Thumb Code    88  24c64.o(.text)
    sendnotack                               0x0802d159   Thumb Code    40  24c64.o(.text)
    sendbyte                                 0x0802d181   Thumb Code    84  24c64.o(.text)
    receive                                  0x0802d1d5   Thumb Code    94  24c64.o(.text)
    W_24                                     0x0802d233   Thumb Code   100  24c64.o(.text)
    R_24                                     0x0802d297   Thumb Code   110  24c64.o(.text)
    saveintdata                              0x0802d305   Thumb Code    36  24c64.o(.text)
    saveint                                  0x0802d329   Thumb Code    16  24c64.o(.text)
    readintdata                              0x0802d339   Thumb Code    36  24c64.o(.text)
    readint                                  0x0802d35d   Thumb Code    12  24c64.o(.text)
    savelongdata                             0x0802d369   Thumb Code    36  24c64.o(.text)
    readlongdata                             0x0802d38d   Thumb Code    34  24c64.o(.text)
    savefloat                                0x0802d3af   Thumb Code    50  24c64.o(.text)
    readfloat                                0x0802d3e1   Thumb Code    44  24c64.o(.text)
    at24c1024_W_24                           0x0802d40d   Thumb Code   148  24c64.o(.text)
    at24c1024_R_24                           0x0802d4a1   Thumb Code   156  24c64.o(.text)
    at24c1024_saveint                        0x0802d53d   Thumb Code    34  24c64.o(.text)
    at24c1024_readint                        0x0802d55f   Thumb Code    34  24c64.o(.text)
    at24c1024_savefloat                      0x0802d581   Thumb Code    48  24c64.o(.text)
    at24c1024_readfloat                      0x0802d5b1   Thumb Code    32  24c64.o(.text)
    ADC1_Init                                0x0802d5d1   Thumb Code   170  adc.o(.text)
    ADC1_Mode_Config                         0x0802d67b   Thumb Code   162  adc.o(.text)
    DMA2_Stream0_IRQHandler                  0x0802d71d   Thumb Code    22  adc.o(.text)
    Get_AD_Value                             0x0802d733   Thumb Code    68  adc.o(.text)
    Process_ADC                              0x0802d777   Thumb Code   100  adc.o(.text)
    ADC1_Start                               0x0802d7db   Thumb Code    18  adc.o(.text)
    ADC1_Stop                                0x0802d7ed   Thumb Code    12  adc.o(.text)
    TIM1_Int_Init                            0x0802d821   Thumb Code    92  timer.o(.text)
    TIM3_Int_Init                            0x0802d87d   Thumb Code    88  timer.o(.text)
    TIM1_UP_TIM10_IRQHandler                 0x0802d8d5   Thumb Code    34  timer.o(.text)
    TIM3_IRQHandler                          0x0802d8f7   Thumb Code    28  timer.o(.text)
    TIM4_PWM_Init                            0x0802d925   Thumb Code    56  pump.o(.text)
    PUMP_AB_PWM_Init                         0x0802d95d   Thumb Code    14  pump.o(.text)
    PUMP_A_Start                             0x0802d96b   Thumb Code   132  pump.o(.text)
    PUMP_A_Stop                              0x0802d9ef   Thumb Code   128  pump.o(.text)
    PUMP_B_Start                             0x0802da6f   Thumb Code   132  pump.o(.text)
    PUMP_B_Stop                              0x0802daf3   Thumb Code   128  pump.o(.text)
    PUMP_C_Start                             0x0802db73   Thumb Code   130  pump.o(.text)
    PUMP_C_Stop                              0x0802dbf5   Thumb Code   124  pump.o(.text)
    PUMP_D_Start                             0x0802dc71   Thumb Code   130  pump.o(.text)
    PUMP_D_Stop                              0x0802dcf3   Thumb Code   134  pump.o(.text)
    RTC_Set_Time                             0x0802dd7d   Thumb Code    36  rtc.o(.text)
    RTC_Set_Date                             0x0802dda1   Thumb Code    36  rtc.o(.text)
    My_RTC_Init                              0x0802ddc5   Thumb Code   138  rtc.o(.text)
    Write_Date                               0x0802de4f   Thumb Code    22  rtc.o(.text)
    Write_time                               0x0802de65   Thumb Code    22  rtc.o(.text)
    RTC_Set_AlarmA                           0x0802de7b   Thumb Code   162  rtc.o(.text)
    RTC_Set_WakeUp                           0x0802df1d   Thumb Code   108  rtc.o(.text)
    RTC_Alarm_IRQHandler                     0x0802df89   Thumb Code    30  rtc.o(.text)
    RTC_WKUP_IRQHandler                      0x0802dfa7   Thumb Code    30  rtc.o(.text)
    my_RTC_GetTime                           0x0802dfc5   Thumb Code    76  rtc.o(.text)
    changeBCD                                0x0802e031   Thumb Code    20  dmt.o(.text)
    toBCD                                    0x0802e045   Thumb Code    30  dmt.o(.text)
    DMT_Init                                 0x0802e063   Thumb Code    12  dmt.o(.text)
    DMT_ChangePic                            0x0802e06f   Thumb Code    66  dmt.o(.text)
    AnalysisDataBuf                          0x0802e0b1   Thumb Code    44  dmt.o(.text)
    RTC_AnalysisDataBuf                      0x0802e0dd   Thumb Code    44  dmt.o(.text)
    DMT_GetMessage                           0x0802e109   Thumb Code    16  dmt.o(.text)
    DMT_GetVariableAddr                      0x0802e119   Thumb Code    14  dmt.o(.text)
    DMT_GetVariableIntValue                  0x0802e127   Thumb Code    14  dmt.o(.text)
    DMT_GetVariableLongValue                 0x0802e135   Thumb Code    24  dmt.o(.text)
    DMT_GetRegisterAddr                      0x0802e14d   Thumb Code     6  dmt.o(.text)
    DMT_GetRTCValue                          0x0802e153   Thumb Code    76  dmt.o(.text)
    DMT_PutStr                               0x0802e19f   Thumb Code   106  dmt.o(.text)
    DMT_ScreenCbuf                           0x0802e209   Thumb Code   104  dmt.o(.text)
    DMT_ScreenIbuf                           0x0802e271   Thumb Code   104  dmt.o(.text)
    DMT_ScreenLbuf                           0x0802e2d9   Thumb Code   104  dmt.o(.text)
    DMT_ScreenFbuf                           0x0802e341   Thumb Code   132  dmt.o(.text)
    DMT_ScreenChar                           0x0802e3c5   Thumb Code    92  dmt.o(.text)
    DMT_ScreenInt                            0x0802e421   Thumb Code   146  dmt.o(.text)
    DMT_ScreenLongInt                        0x0802e4b3   Thumb Code   106  dmt.o(.text)
    DMT_ScreenFloat                          0x0802e51d   Thumb Code   134  dmt.o(.text)
    DMT_ScreenLongFloat                      0x0802e5a3   Thumb Code   132  dmt.o(.text)
    DMT_CmdReadRTC                           0x0802e627   Thumb Code    62  dmt.o(.text)
    DMT_GetRTC                               0x0802e665   Thumb Code    60  dmt.o(.text)
    DMT_WriteRTC                             0x0802e6a1   Thumb Code   116  dmt.o(.text)
    DMT_CutPicture                           0x0802e715   Thumb Code   382  dmt.o(.text)
    DMT_SetBackLight                         0x0802e893   Thumb Code    62  dmt.o(.text)
    DMT_SetKey                               0x0802e8d1   Thumb Code    38  dmt.o(.text)
    DMT_Buz                                  0x0802e8f7   Thumb Code    38  dmt.o(.text)
    DMT_CmdReadTPStatus                      0x0802e91d   Thumb Code    62  dmt.o(.text)
    DMT_SetTPSensitivity                     0x0802e95b   Thumb Code    90  dmt.o(.text)
    PrintSetUp                               0x0802e9e1   Thumb Code     8  print.o(.text)
    PrintC                                   0x0802e9e9   Thumb Code    12  print.o(.text)
    PrintHZStr                               0x0802e9f5   Thumb Code    48  print.o(.text)
    printer_connect                          0x0802ea25   Thumb Code    80  print.o(.text)
    PrinterTest                              0x0802ea75   Thumb Code    12  print.o(.text)
    InitPrinter                              0x0802ea81   Thumb Code    16  print.o(.text)
    PrintStart                               0x0802ea91   Thumb Code    42  print.o(.text)
    PrintData                                0x0802eabb   Thumb Code  1132  print.o(.text)
    PrintPower                               0x0802ef27   Thumb Code   592  print.o(.text)
    UART2_SendStr                            0x0802f177   Thumb Code    22  print.o(.text)
    UART2_ReceiveStr                         0x0802f18d   Thumb Code    80  print.o(.text)
    bluetooth_init                           0x0802f1dd   Thumb Code   232  print.o(.text)
    bluetooth_set_master                     0x0802f2c5   Thumb Code   240  print.o(.text)
    bluetooth_set_printer_password           0x0802f3b5   Thumb Code    98  print.o(.text)
    W25QXX_Init                              0x0802f439   Thumb Code    74  w25qxx.o(.text)
    W25QXX_ReadSR                            0x0802f483   Thumb Code    36  w25qxx.o(.text)
    W25QXX_Write_SR                          0x0802f4a7   Thumb Code    32  w25qxx.o(.text)
    W25QXX_Write_Enable                      0x0802f4c7   Thumb Code    24  w25qxx.o(.text)
    W25QXX_Write_Disable                     0x0802f4df   Thumb Code    24  w25qxx.o(.text)
    W25QXX_ReadID                            0x0802f4f7   Thumb Code    64  w25qxx.o(.text)
    W25QXX_Read                              0x0802f537   Thumb Code    74  w25qxx.o(.text)
    W25QXX_Wait_Busy                         0x0802f581   Thumb Code    18  w25qxx.o(.text)
    W25QXX_Write_Page                        0x0802f593   Thumb Code    80  w25qxx.o(.text)
    W25QXX_Write_NoCheck                     0x0802f5e3   Thumb Code    70  w25qxx.o(.text)
    W25QXX_Erase_Sector                      0x0802f629   Thumb Code    62  w25qxx.o(.text)
    W25QXX_Write                             0x0802f667   Thumb Code   180  w25qxx.o(.text)
    W25QXX_Erase_Chip                        0x0802f71b   Thumb Code    36  w25qxx.o(.text)
    W25QXX_Erase_Sector_byteaddr             0x0802f73f   Thumb Code    64  w25qxx.o(.text)
    W25QXX_PowerDown                         0x0802f77f   Thumb Code    30  w25qxx.o(.text)
    W25QXX_WAKEUP                            0x0802f79d   Thumb Code    30  w25qxx.o(.text)
    SPI_DATA_WR_Page                         0x0802f7bb   Thumb Code    20  w25qxx.o(.text)
    SPI_Flash_Erase_Chip                     0x0802f7cf   Thumb Code     8  w25qxx.o(.text)
    SPI_Data_Read                            0x0802f7d7   Thumb Code    20  w25qxx.o(.text)
    SPI_Flash_Erase_Sector                   0x0802f7eb   Thumb Code    12  w25qxx.o(.text)
    SPI2_ReadWriteByte                       0x0802f80d   Thumb Code    50  spi.o(.text)
    SPI2_Init                                0x0802f83f   Thumb Code   188  spi.o(.text)
    SPI2_SetSpeed                            0x0802f8fb   Thumb Code    36  spi.o(.text)
    ReadSampleFile_AB                        0x0802f929   Thumb Code    80  file.o(.text)
    SaveSampleFile_A                         0x0802f979   Thumb Code   450  file.o(.text)
    SaveSampleFile_B                         0x0802fb3b   Thumb Code   450  file.o(.text)
    ReadPowerFile_AB                         0x0802fcfd   Thumb Code   138  file.o(.text)
    SavePowerFile_A                          0x0802fd87   Thumb Code   486  file.o(.text)
    SavePowerFile_B                          0x0802ff6d   Thumb Code   548  file.o(.text)
    DeleteAllSampleFiles                     0x08030191   Thumb Code   182  file.o(.text)
    DeletAllPowerFile                        0x08030247   Thumb Code   176  file.o(.text)
    DeleteAllFiles                           0x080302f7   Thumb Code    30  file.o(.text)
    FileInit                                 0x08030315   Thumb Code   234  file.o(.text)
    test_file_write                          0x080303ff   Thumb Code    38  file.o(.text)
    mCopyCodeStringToIRAM                    0x08030441   Thumb Code    26  usb.o(.text)
    mCopyStringToIRAM                        0x0803045b   Thumb Code    26  usb.o(.text)
    mFlushBufferToDisk                       0x08030475   Thumb Code    80  usb.o(.text)
    my_sprintf                               0x080304c5   Thumb Code    44  usb.o(.text)
    SampleFileOut                            0x080304f1   Thumb Code  2570  usb.o(.text)
    SampleFileOut_CSV                        0x08030efb   Thumb Code  2464  usb.o(.text)
    PowerFileOut                             0x0803189b   Thumb Code  1914  usb.o(.text)
    PowerFileOut_CSV                         0x08032015   Thumb Code  1838  usb.o(.text)
    wk_GPIOInit                              0x08032769   Thumb Code   108  wk.o(.text)
    start_wk_ctr                             0x080327d5   Thumb Code     8  wk.o(.text)
    stop_wk_ctr                              0x080327dd   Thumb Code     8  wk.o(.text)
    wk_pid_calc                              0x080327e5   Thumb Code   370  wk.o(.text)
    wk_pid_calc_cool                         0x08032957   Thumb Code   504  wk.o(.text)
    wk_off_ctr                               0x08032b4f   Thumb Code    98  wk.o(.text)
    wk_heat_ctr                              0x08032bb1   Thumb Code   252  wk.o(.text)
    wk_heat_and_cool_ctr                     0x08032cad   Thumb Code   600  wk.o(.text)
    wk_ctr                                   0x08032f05   Thumb Code     8  wk.o(.text)
    LED_Init                                 0x08032f51   Thumb Code    60  led.o(.text)
    POWER_TEST_Init                          0x08032f91   Thumb Code    46  bat.o(.text)
    SSDL_port_init                           0x08032fc5   Thumb Code   146  ssdl.o(.text)
    GetOneByte                               0x08033057   Thumb Code    60  ssdl.o(.text)
    ReadSSDL_JY_A                            0x08033093   Thumb Code    62  ssdl.o(.text)
    Read_Pressure_JY_A                       0x080330d1   Thumb Code   224  ssdl.o(.text)
    ReadSSDL_LY_A                            0x080331b1   Thumb Code    60  ssdl.o(.text)
    Read_Pressure_LY_A                       0x080331ed   Thumb Code   186  ssdl.o(.text)
    ReadSSDL_JY_B                            0x080332a7   Thumb Code    62  ssdl.o(.text)
    Read_Pressure_JY_B                       0x080332e5   Thumb Code   324  ssdl.o(.text)
    ReadSSDL_LY_B                            0x08033429   Thumb Code    62  ssdl.o(.text)
    Read_Pressure_LY_B                       0x08033467   Thumb Code   186  ssdl.o(.text)
    ReadSSDL_QY                              0x08033521   Thumb Code    62  ssdl.o(.text)
    Read_Pressure_QY                         0x0803355f   Thumb Code   216  ssdl.o(.text)
    delay_init                               0x08033659   Thumb Code    52  delay.o(.text)
    delay_us                                 0x0803368d   Thumb Code    72  delay.o(.text)
    delay_xms                                0x080336d5   Thumb Code    72  delay.o(.text)
    delay_ms                                 0x0803371d   Thumb Code    56  delay.o(.text)
    _sys_exit                                0x0803375d   Thumb Code     6  usart.o(.text)
    fputc                                    0x08033763   Thumb Code     2  usart.o(.text)
    uart2_init                               0x08033765   Thumb Code   130  usart.o(.text)
    UART2_SendByte                           0x080337e7   Thumb Code    22  usart.o(.text)
    USART2_IRQHandler                        0x080337fd   Thumb Code    22  usart.o(.text)
    uart5_init                               0x08033813   Thumb Code   206  usart.o(.text)
    UART5_SendByte                           0x080338e1   Thumb Code    20  usart.o(.text)
    UART5_IRQHandler                         0x080338f5   Thumb Code   260  usart.o(.text)
    CharToStr                                0x08033a2d   Thumb Code    52  process.o(.text)
    SPuti                                    0x08033a61   Thumb Code    52  process.o(.text)
    SPutl                                    0x08033a95   Thumb Code    50  process.o(.text)
    SPutf                                    0x08033ac7   Thumb Code   170  process.o(.text)
    clust2sect                               0x08033d1f   Thumb Code    26  ff.o(.text)
    get_fat                                  0x08033d39   Thumb Code   232  ff.o(.text)
    put_fat                                  0x08033e21   Thumb Code   310  ff.o(.text)
    dir_sdi                                  0x080340cb   Thumb Code   158  ff.o(.text)
    f_mount                                  0x0803513d   Thumb Code    86  ff.o(.text)
    f_open                                   0x08035193   Thumb Code   384  ff.o(.text)
    f_read                                   0x08035313   Thumb Code   448  ff.o(.text)
    f_write                                  0x080354d3   Thumb Code   490  ff.o(.text)
    f_sync                                   0x080356bd   Thumb Code   176  ff.o(.text)
    f_close                                  0x0803576d   Thumb Code    36  ff.o(.text)
    f_lseek                                  0x08035791   Thumb Code   654  ff.o(.text)
    f_opendir                                0x08035a1f   Thumb Code   136  ff.o(.text)
    f_closedir                               0x08035aa7   Thumb Code    22  ff.o(.text)
    f_readdir                                0x08035abd   Thumb Code   114  ff.o(.text)
    f_stat                                   0x08035b2f   Thumb Code    84  ff.o(.text)
    f_getfree                                0x08035b83   Thumb Code   258  ff.o(.text)
    f_truncate                               0x08035c85   Thumb Code   184  ff.o(.text)
    f_unlink                                 0x08035d3d   Thumb Code   194  ff.o(.text)
    f_mkdir                                  0x08035dff   Thumb Code   380  ff.o(.text)
    f_chmod                                  0x08035f7b   Thumb Code   112  ff.o(.text)
    f_utime                                  0x08035feb   Thumb Code   110  ff.o(.text)
    f_rename                                 0x08036059   Thumb Code   314  ff.o(.text)
    f_getlabel                               0x08036193   Thumb Code   190  ff.o(.text)
    f_setlabel                               0x08036251   Thumb Code   470  ff.o(.text)
    f_mkfs                                   0x08036427   Thumb Code  1570  ff.o(.text)
    f_gets                                   0x08036a49   Thumb Code    82  ff.o(.text)
    f_putc                                   0x08036adf   Thumb Code    64  ff.o(.text)
    f_puts                                   0x08036b1f   Thumb Code    74  ff.o(.text)
    f_printf                                 0x08036b69   Thumb Code   674  ff.o(.text)
    disk_initialize                          0x08036e0d   Thumb Code    40  diskio.o(.text)
    disk_status                              0x08036e35   Thumb Code     6  diskio.o(.text)
    disk_read                                0x08036e3b   Thumb Code    64  diskio.o(.text)
    disk_write                               0x08036e7b   Thumb Code    64  diskio.o(.text)
    disk_ioctl                               0x08036ebb   Thumb Code    68  diskio.o(.text)
    get_fattime                              0x08036eff   Thumb Code    50  diskio.o(.text)
    ff_memalloc                              0x08036f31   Thumb Code    14  diskio.o(.text)
    ff_memfree                               0x08036f3f   Thumb Code    14  diskio.o(.text)
    exfuns_init                              0x08036f69   Thumb Code   114  exfuns.o(.text)
    char_upper                               0x08036fdb   Thumb Code    26  exfuns.o(.text)
    f_typetell                               0x08036ff5   Thumb Code   172  exfuns.o(.text)
    exf_getfree                              0x080370a1   Thumb Code    74  exfuns.o(.text)
    unicode_2_oem                            0x08037101   Thumb Code   114  mycc936.o(.text)
    oem_2_unicode                            0x08037173   Thumb Code   114  mycc936.o(.text)
    ff_convert                               0x080371e5   Thumb Code   100  mycc936.o(.text)
    ff_wtoupper                              0x08037249   Thumb Code    46  mycc936.o(.text)
    USBH_Connected                           0x08037289   Thumb Code    12  usbh_core.o(.text)
    USBH_Disconnected                        0x08037295   Thumb Code    12  usbh_core.o(.text)
    USBH_SOF                                 0x080372a1   Thumb Code     6  usbh_core.o(.text)
    USBH_DeInit                              0x080372a7   Thumb Code    58  usbh_core.o(.text)
    USBH_Init                                0x080372e1   Thumb Code    68  usbh_core.o(.text)
    USBH_HandleControl                       0x08037325   Thumb Code   550  usbh_core.o(.text)
    USBH_ErrorHandle                         0x0803754b   Thumb Code    46  usbh_core.o(.text)
    USBH_Process                             0x08037751   Thumb Code   418  usbh_core.o(.text)
    USBH_Open_Channel                        0x080378f3   Thumb Code   154  usbh_hcs.o(.text)
    USBH_Modify_Channel                      0x0803798d   Thumb Code   100  usbh_hcs.o(.text)
    USBH_Alloc_Channel                       0x08037a19   Thumb Code    38  usbh_hcs.o(.text)
    USBH_Free_Channel                        0x08037a3f   Thumb Code    30  usbh_hcs.o(.text)
    USBH_DeAllocate_AllChannel               0x08037a5d   Thumb Code    28  usbh_hcs.o(.text)
    USBH_CtlReq                              0x08037a91   Thumb Code   100  usbh_ioreq.o(.text)
    USBH_CtlSendSetup                        0x08037af5   Thumb Code    66  usbh_ioreq.o(.text)
    USBH_CtlSendData                         0x08037b37   Thumb Code   110  usbh_ioreq.o(.text)
    USBH_CtlReceiveData                      0x08037ba5   Thumb Code    70  usbh_ioreq.o(.text)
    USBH_BulkSendData                        0x08037beb   Thumb Code    94  usbh_ioreq.o(.text)
    USBH_BulkReceiveData                     0x08037c49   Thumb Code    96  usbh_ioreq.o(.text)
    USBH_InterruptReceiveData                0x08037ca9   Thumb Code   120  usbh_ioreq.o(.text)
    USBH_InterruptSendData                   0x08037d21   Thumb Code   118  usbh_ioreq.o(.text)
    USBH_IsocReceiveData                     0x08037d97   Thumb Code    70  usbh_ioreq.o(.text)
    USBH_IsocSendData                        0x08037ddd   Thumb Code    68  usbh_ioreq.o(.text)
    USBH_GetDescriptor                       0x08037e79   Thumb Code    68  usbh_stdreq.o(.text)
    USBH_Get_DevDesc                         0x08037ebd   Thumb Code    56  usbh_stdreq.o(.text)
    USBH_GetNextDesc                         0x08037f3b   Thumb Code    18  usbh_stdreq.o(.text)
    USBH_Get_CfgDesc                         0x0803805f   Thumb Code    88  usbh_stdreq.o(.text)
    USBH_Get_StringDesc                      0x080380ed   Thumb Code    60  usbh_stdreq.o(.text)
    USBH_SetAddress                          0x08038129   Thumb Code    38  usbh_stdreq.o(.text)
    USBH_SetCfg                              0x0803814f   Thumb Code    38  usbh_stdreq.o(.text)
    USBH_SetInterface                        0x08038175   Thumb Code    44  usbh_stdreq.o(.text)
    USBH_ClrFeature                          0x080381a1   Thumb Code    76  usbh_stdreq.o(.text)
    USBH_MSC_TestUnitReady                   0x080381f9   Thumb Code   162  usbh_msc_scsi.o(.text)
    USBH_MSC_ReadCapacity10                  0x0803829b   Thumb Code   202  usbh_msc_scsi.o(.text)
    USBH_MSC_ModeSense6                      0x08038365   Thumb Code   192  usbh_msc_scsi.o(.text)
    USBH_MSC_RequestSense                    0x08038425   Thumb Code   208  usbh_msc_scsi.o(.text)
    USBH_MSC_Write10                         0x080384f5   Thumb Code   218  usbh_msc_scsi.o(.text)
    USBH_MSC_Read10                          0x080385cf   Thumb Code   272  usbh_msc_scsi.o(.text)
    USBH_MSC_Init                            0x080386ed   Thumb Code    44  usbh_msc_bot.o(.text)
    USBH_MSC_BOT_Abort                       0x08038719   Thumb Code    86  usbh_msc_bot.o(.text)
    USBH_MSC_DecodeCSW                       0x0803876f   Thumb Code   108  usbh_msc_bot.o(.text)
    USBH_MSC_HandleBOTXfer                   0x080387db   Thumb Code   866  usbh_msc_bot.o(.text)
    USBH_MSC_ErrorHandle                     0x08038c61   Thumb Code    58  usbh_msc_core.o(.text)
    USBH_OTG_ISR_Handler                     0x08039c53   Thumb Code   168  usb_hcd_int.o(.text)
    USB_OTG_WritePacket                      0x08039da1   Thumb Code    64  usb_core.o(.text)
    USB_OTG_ReadPacket                       0x08039de1   Thumb Code    40  usb_core.o(.text)
    USB_OTG_SelectCore                       0x08039e09   Thumb Code   204  usb_core.o(.text)
    USB_OTG_CoreInit                         0x08039ed5   Thumb Code   294  usb_core.o(.text)
    USB_OTG_EnableGlobalInt                  0x08039ffb   Thumb Code    34  usb_core.o(.text)
    USB_OTG_DisableGlobalInt                 0x0803a01d   Thumb Code    34  usb_core.o(.text)
    USB_OTG_FlushTxFifo                      0x0803a03f   Thumb Code    80  usb_core.o(.text)
    USB_OTG_FlushRxFifo                      0x0803a08f   Thumb Code    70  usb_core.o(.text)
    USB_OTG_SetCurrentMode                   0x0803a0d5   Thumb Code    78  usb_core.o(.text)
    USB_OTG_GetMode                          0x0803a123   Thumb Code    22  usb_core.o(.text)
    USB_OTG_IsDeviceMode                     0x0803a139   Thumb Code    22  usb_core.o(.text)
    USB_OTG_IsHostMode                       0x0803a14f   Thumb Code    20  usb_core.o(.text)
    USB_OTG_ReadCoreItr                      0x0803a163   Thumb Code    16  usb_core.o(.text)
    USB_OTG_ReadOtgItr                       0x0803a173   Thumb Code     8  usb_core.o(.text)
    USB_OTG_EnableHostInt                    0x0803a17b   Thumb Code   116  usb_core.o(.text)
    USB_OTG_ReadHPRT0                        0x0803a1ef   Thumb Code    48  usb_core.o(.text)
    USB_OTG_DriveVbus                        0x0803a21f   Thumb Code    92  usb_core.o(.text)
    USB_OTG_ResetPort                        0x0803a27b   Thumb Code    64  usb_core.o(.text)
    USB_OTG_InitFSLSPClkSel                  0x0803a2bb   Thumb Code    24  usb_core.o(.text)
    USB_OTG_CoreInitHost                     0x0803a2d3   Thumb Code   214  usb_core.o(.text)
    USB_OTG_IsEvenFrame                      0x0803a3a9   Thumb Code    16  usb_core.o(.text)
    USB_OTG_ReadHostAllChannels_intr         0x0803a3b9   Thumb Code     8  usb_core.o(.text)
    USB_OTG_HC_Init                          0x0803a3c1   Thumb Code   568  usb_core.o(.text)
    USB_OTG_HC_StartXfer                     0x0803a5f9   Thumb Code   502  usb_core.o(.text)
    USB_OTG_HC_Halt                          0x0803a7ef   Thumb Code   130  usb_core.o(.text)
    USB_OTG_HC_DoPing                        0x0803a871   Thumb Code    90  usb_core.o(.text)
    USB_OTG_StopHost                         0x0803a8cb   Thumb Code    96  usb_core.o(.text)
    HCD_Init                                 0x0803a92b   Thumb Code    96  usb_hcd.o(.text)
    HCD_GetCurrentSpeed                      0x0803a98b   Thumb Code    20  usb_hcd.o(.text)
    HCD_ResetPort                            0x0803a99f   Thumb Code    14  usb_hcd.o(.text)
    HCD_IsDeviceConnected                    0x0803a9ad   Thumb Code     8  usb_hcd.o(.text)
    HCD_GetCurrentFrame                      0x0803a9b5   Thumb Code    10  usb_hcd.o(.text)
    HCD_GetURB_State                         0x0803a9bf   Thumb Code    10  usb_hcd.o(.text)
    HCD_GetXferCnt                           0x0803a9c9   Thumb Code    12  usb_hcd.o(.text)
    HCD_GetHCState                           0x0803a9d5   Thumb Code    10  usb_hcd.o(.text)
    HCD_HC_Init                              0x0803a9df   Thumb Code    16  usb_hcd.o(.text)
    HCD_SubmitRequest                        0x0803a9ef   Thumb Code    32  usb_hcd.o(.text)
    USB_OTG_BSP_Init                         0x0803aa11   Thumb Code   112  usb_bsp.o(.text)
    USB_OTG_BSP_EnableInterrupt              0x0803aa81   Thumb Code    36  usb_bsp.o(.text)
    USB_OTG_BSP_DisableInterrupt             0x0803aaa5   Thumb Code     2  usb_bsp.o(.text)
    USB_OTG_BSP_DriveVBUS                    0x0803aaa7   Thumb Code     2  usb_bsp.o(.text)
    USB_OTG_BSP_ConfigVBUS                   0x0803aaa9   Thumb Code     2  usb_bsp.o(.text)
    USB_OTG_BSP_uDelay                       0x0803aaab   Thumb Code    12  usb_bsp.o(.text)
    USB_OTG_BSP_mDelay                       0x0803aab7   Thumb Code    12  usb_bsp.o(.text)
    OTG_FS_IRQHandler                        0x0803aacd   Thumb Code    10  usbh_usr.o(.text)
    USBH_USR_Init                            0x0803aad7   Thumb Code     2  usbh_usr.o(.text)
    USBH_USR_DeviceAttached                  0x0803aad9   Thumb Code     8  usbh_usr.o(.text)
    USBH_USR_DeviceDisconnected              0x0803aae1   Thumb Code     8  usbh_usr.o(.text)
    USBH_USR_ResetDevice                     0x0803aae9   Thumb Code     2  usbh_usr.o(.text)
    USBH_USR_DeviceSpeedDetected             0x0803aaeb   Thumb Code    10  usbh_usr.o(.text)
    USBH_USR_Device_DescAvailable            0x0803aaf5   Thumb Code     2  usbh_usr.o(.text)
    USBH_USR_DeviceAddressAssigned           0x0803aaf7   Thumb Code     2  usbh_usr.o(.text)
    USBH_USR_Configuration_DescAvailable     0x0803aaf9   Thumb Code    16  usbh_usr.o(.text)
    USBH_USR_Manufacturer_String             0x0803ab09   Thumb Code     2  usbh_usr.o(.text)
    USBH_USR_Product_String                  0x0803ab0b   Thumb Code     2  usbh_usr.o(.text)
    USBH_USR_SerialNum_String                0x0803ab0d   Thumb Code     2  usbh_usr.o(.text)
    USBH_USR_EnumerationDone                 0x0803ab0f   Thumb Code     2  usbh_usr.o(.text)
    USBH_USR_DeviceNotSupported              0x0803ab11   Thumb Code     2  usbh_usr.o(.text)
    USBH_USR_UserInput                       0x0803ab13   Thumb Code     4  usbh_usr.o(.text)
    USBH_USR_OverCurrentDetected             0x0803ab17   Thumb Code     2  usbh_usr.o(.text)
    USBH_USR_MSC_Application                 0x0803ab19   Thumb Code    50  usbh_usr.o(.text)
    USBH_USR_DeInit                          0x0803ab4b   Thumb Code     2  usbh_usr.o(.text)
    USBH_USR_UnrecoveredError                0x0803ab4d   Thumb Code     2  usbh_usr.o(.text)
    USBH_UDISK_Status                        0x0803ab4f   Thumb Code    12  usbh_usr.o(.text)
    USBH_UDISK_Read                          0x0803ab5b   Thumb Code   102  usbh_usr.o(.text)
    USBH_UDISK_Write                         0x0803abc1   Thumb Code    82  usbh_usr.o(.text)
    mymemcpy                                 0x0803ac25   Thumb Code    26  malloc.o(.text)
    mymemset                                 0x0803ac3f   Thumb Code    20  malloc.o(.text)
    my_mem_init                              0x0803ac53   Thumb Code    54  malloc.o(.text)
    my_mem_perused                           0x0803ac89   Thumb Code    54  malloc.o(.text)
    my_mem_malloc                            0x0803acbf   Thumb Code   154  malloc.o(.text)
    my_mem_free                              0x0803ad59   Thumb Code    94  malloc.o(.text)
    myfree                                   0x0803adb7   Thumb Code    32  malloc.o(.text)
    mymalloc                                 0x0803add7   Thumb Code    36  malloc.o(.text)
    myrealloc                                0x0803adfb   Thumb Code    68  malloc.o(.text)
    __use_no_semihosting                     0x0803ae51   Thumb Code     2  use_no_semi_2.o(.text)
    strcpy                                   0x0803ae53   Thumb Code    72  strcpy.o(.text)
    strcat                                   0x0803ae9b   Thumb Code    24  strcat.o(.text)
    strcmp                                   0x0803aeb5   Thumb Code   128  strcmpv7m.o(.text)
    __use_two_region_memory                  0x0803af35   Thumb Code     2  heapauxi.o(.text)
    __rt_heap_escrow$2region                 0x0803af37   Thumb Code     2  heapauxi.o(.text)
    __rt_heap_expand$2region                 0x0803af39   Thumb Code     2  heapauxi.o(.text)
    __I$use$semihosting                      0x0803af3b   Thumb Code     0  use_no_semi.o(.text)
    __use_no_semihosting_swi                 0x0803af3b   Thumb Code     2  use_no_semi.o(.text)
    __read_errno                             0x0803af3d   Thumb Code    10  _rserrno.o(.text)
    __set_errno                              0x0803af47   Thumb Code    12  _rserrno.o(.text)
    __aeabi_errno_addr                       0x0803af55   Thumb Code     8  rt_errno_addr_intlibspace.o(.text)
    __errno$intlibspace                      0x0803af55   Thumb Code     0  rt_errno_addr_intlibspace.o(.text)
    __rt_errno_addr$intlibspace              0x0803af55   Thumb Code     0  rt_errno_addr_intlibspace.o(.text)
    __user_libspace                          0x0803af5d   Thumb Code     8  libspace.o(.text)
    __user_perproc_libspace                  0x0803af5d   Thumb Code     0  libspace.o(.text)
    __user_perthread_libspace                0x0803af5d   Thumb Code     0  libspace.o(.text)
    __user_setup_stackheap                   0x0803af65   Thumb Code    74  sys_stackheap_outer.o(.text)
    exit                                     0x0803afaf   Thumb Code    12  exit.o(.text)
    __hardfp_fabs                            0x0803afbb   Thumb Code    20  fabs.o(i.__hardfp_fabs)
    __hardfp_sqrt                            0x0803afcf   Thumb Code   122  sqrt.o(i.__hardfp_sqrt)
    __aeabi_d2f                              0x0803b049   Thumb Code     0  d2f.o(x$fpl$d2f)
    _d2f                                     0x0803b049   Thumb Code    98  d2f.o(x$fpl$d2f)
    __aeabi_dadd                             0x0803b0ad   Thumb Code     0  daddsub_clz.o(x$fpl$dadd)
    _dadd                                    0x0803b0ad   Thumb Code   332  daddsub_clz.o(x$fpl$dadd)
    __fpl_dcmp_Inf                           0x0803b1fd   Thumb Code    24  dcmpi.o(x$fpl$dcmpinf)
    __aeabi_ddiv                             0x0803b215   Thumb Code     0  ddiv.o(x$fpl$ddiv)
    _ddiv                                    0x0803b215   Thumb Code   552  ddiv.o(x$fpl$ddiv)
    __aeabi_i2d                              0x0803b4c5   Thumb Code     0  dflt_clz.o(x$fpl$dflt)
    _dflt                                    0x0803b4c5   Thumb Code    46  dflt_clz.o(x$fpl$dflt)
    __aeabi_ui2d                             0x0803b4f3   Thumb Code     0  dflt_clz.o(x$fpl$dfltu)
    _dfltu                                   0x0803b4f3   Thumb Code    38  dflt_clz.o(x$fpl$dfltu)
    __aeabi_cdcmple                          0x0803b519   Thumb Code     0  dleqf.o(x$fpl$dleqf)
    _dcmple                                  0x0803b519   Thumb Code   120  dleqf.o(x$fpl$dleqf)
    __fpl_dcmple_InfNaN                      0x0803b57b   Thumb Code     0  dleqf.o(x$fpl$dleqf)
    __aeabi_dmul                             0x0803b591   Thumb Code     0  dmul.o(x$fpl$dmul)
    _dmul                                    0x0803b591   Thumb Code   332  dmul.o(x$fpl$dmul)
    __fpl_dnaninf                            0x0803b6e5   Thumb Code   156  dnaninf.o(x$fpl$dnaninf)
    __fpl_dretinf                            0x0803b781   Thumb Code    12  dretinf.o(x$fpl$dretinf)
    __aeabi_cdrcmple                         0x0803b78d   Thumb Code     0  drleqf.o(x$fpl$drleqf)
    _drcmple                                 0x0803b78d   Thumb Code   108  drleqf.o(x$fpl$drleqf)
    _dsqrt                                   0x0803b7f9   Thumb Code   404  dsqrt_umaal.o(x$fpl$dsqrt)
    __aeabi_dsub                             0x0803b991   Thumb Code     0  daddsub_clz.o(x$fpl$dsub)
    _dsub                                    0x0803b991   Thumb Code   464  daddsub_clz.o(x$fpl$dsub)
    __aeabi_f2d                              0x0803bb65   Thumb Code     0  f2d.o(x$fpl$f2d)
    _f2d                                     0x0803bb65   Thumb Code    86  f2d.o(x$fpl$f2d)
    __fpl_fnaninf                            0x0803bbbb   Thumb Code   140  fnaninf.o(x$fpl$fnaninf)
    _fp_init                                 0x0803bc47   Thumb Code    10  fpinit.o(x$fpl$fpinit)
    __fplib_config_fpu_vfp                   0x0803bc4f   Thumb Code     0  fpinit.o(x$fpl$fpinit)
    __fplib_config_pureend_doubles           0x0803bc4f   Thumb Code     0  fpinit.o(x$fpl$fpinit)
    __fpl_fretinf                            0x0803bc51   Thumb Code    10  fretinf.o(x$fpl$fretinf)
    __I$use$fp                               0x0803bc5a   Number         0  usenofp.o(x$fpl$usenofp)
    sf30                                     0x0803bc5a   Data           3  parameter.o(.constdata)
    sf31                                     0x0803bc5d   Data           3  parameter.o(.constdata)
    sf40                                     0x0803bc60   Data           3  parameter.o(.constdata)
    sf41                                     0x0803bc63   Data           3  parameter.o(.constdata)
    sf42                                     0x0803bc66   Data           3  parameter.o(.constdata)
    sf51                                     0x0803bc69   Data           3  parameter.o(.constdata)
    f20                                      0x0803bc6c   Data           2  parameter.o(.constdata)
    f21                                      0x0803bc6e   Data           2  parameter.o(.constdata)
    f30                                      0x0803bc70   Data           2  parameter.o(.constdata)
    f31                                      0x0803bc72   Data           2  parameter.o(.constdata)
    f32                                      0x0803bc74   Data           2  parameter.o(.constdata)
    f40                                      0x0803bc76   Data           2  parameter.o(.constdata)
    f41                                      0x0803bc78   Data           2  parameter.o(.constdata)
    f42                                      0x0803bc7a   Data           2  parameter.o(.constdata)
    f43                                      0x0803bc7c   Data           2  parameter.o(.constdata)
    f50                                      0x0803bc7e   Data           2  parameter.o(.constdata)
    f51                                      0x0803bc80   Data           2  parameter.o(.constdata)
    f52                                      0x0803bc82   Data           2  parameter.o(.constdata)
    f54                                      0x0803bc84   Data           2  parameter.o(.constdata)
    f60                                      0x0803bc86   Data           2  parameter.o(.constdata)
    f62                                      0x0803bc88   Data           2  parameter.o(.constdata)
    f81                                      0x0803bc8a   Data           2  parameter.o(.constdata)
    FILE_TYPE_TBL                            0x0803bcc8   Data         112  exfuns.o(.constdata)
    UN_OEM                                   0x0803c0f8   Data          91  unicode.o(.constdata)
    memtblsize                               0x0803c154   Data          12  malloc.o(.constdata)
    memblksize                               0x0803c160   Data          12  malloc.o(.constdata)
    memsize                                  0x0803c16c   Data          12  malloc.o(.constdata)
    Region$$Table$$Base                      0x0803c1bc   Number         0  anon$$obj.o(Region$$Table)
    Region$$Table$$Limit                     0x0803c1dc   Number         0  anon$$obj.o(Region$$Table)
    mem3base                                 0x10000000   Data       61440  malloc.o(.ARM.__AT_0x10000000)
    mem3mapbase                              0x1000f000   Data        3840  malloc.o(.ARM.__AT_0x1000F000)
    main_i                                   0x20000000   Data           2  main.o(.data)
    SystemCoreClock                          0x20000004   Data           4  system_stm32f4xx.o(.data)
    AHBPrescTable                            0x20000008   Data          16  system_stm32f4xx.o(.data)
    REFRESH_DELAY                            0x20000018   Data           6  task.o(.data)
    REFRESH_SHARING_DELAY                    0x2000001e   Data           6  task.o(.data)
    LED_DELAY                                0x20000024   Data           6  task.o(.data)
    ADC_1000ms                               0x2000002a   Data           6  task.o(.data)
    DS18B20_1000ms                           0x20000030   Data           6  task.o(.data)
    PUMP_A_1000ms                            0x20000036   Data           6  task.o(.data)
    PUMP_B_1000ms                            0x2000003c   Data           6  task.o(.data)
    SAMPLE_A_1000ms                          0x20000042   Data           6  task.o(.data)
    SAMPLE_B_1000ms                          0x20000048   Data           6  task.o(.data)
    USB_1000ms                               0x2000004e   Data           6  task.o(.data)
    PRINT_DELAY                              0x20000054   Data           6  task.o(.data)
    EMPLOY_DELAY                             0x2000005a   Data           6  task.o(.data)
    DS1302_DELAY                             0x20000060   Data           6  task.o(.data)
    BACKLIGHT_DELAY                          0x20000066   Data           6  task.o(.data)
    BLUETOOTH_DELAY                          0x2000006c   Data           6  task.o(.data)
    BLUETOOTH_50ms_DELAY                     0x20000072   Data           6  task.o(.data)
    WK_DELAY                                 0x20000078   Data           6  task.o(.data)
    SSDL_CONVERT_DELAY                       0x2000007e   Data           6  task.o(.data)
    SSDL_1000ms                              0x20000084   Data           6  task.o(.data)
    DMT_TEST_DELAY                           0x2000008a   Data           6  task.o(.data)
    timer_count_tmp                          0x20000090   Data           2  task.o(.data)
    last_timer_count                         0x20000092   Data           2  task.o(.data)
    delta_timer_count                        0x20000094   Data           2  task.o(.data)
    wnd_struct                               0x20000096   Data           3  task.o(.data)
    PUMP_CTR_TASK_A                          0x20000099   Data           3  task.o(.data)
    PUMP_CTR_TASK_B                          0x2000009c   Data           3  task.o(.data)
    SAMPLE_TASK_A                            0x2000009f   Data           4  task.o(.data)
    SAMPLE_TASK_B                            0x200000a3   Data           4  task.o(.data)
    USB_OUT_SAMPLE                           0x200000a7   Data           3  task.o(.data)
    USB_OUT_POWER                            0x200000aa   Data           3  task.o(.data)
    PRINT_SAMPLE                             0x200000ae   Data           6  task.o(.data)
    PRINT_POWER                              0x200000b4   Data           6  task.o(.data)
    LED_TASK                                 0x200000ba   Data           2  task.o(.data)
    SAMPLE_MODE                              0x200000bc   Data           4  task.o(.data)
    key                                      0x200000c0   Data           2  task.o(.data)
    iii                                      0x200000c2   Data           2  task.o(.data)
    AB_sample_file_num_tmp                   0x200000c4   Data           2  task.o(.data)
    AB_power_lose_file_num_tmp               0x200000c6   Data           2  task.o(.data)
    usb_out_start_file                       0x200000c8   Data           2  task.o(.data)
    usb_out_end_file                         0x200000ca   Data           2  task.o(.data)
    print_start_file                         0x200000cc   Data           2  task.o(.data)
    print_end_file                           0x200000ce   Data           2  task.o(.data)
    sample_file_start_num                    0x200000d0   Data           2  task.o(.data)
    sample_file_end_num                      0x200000d2   Data           2  task.o(.data)
    power_file_start_num                     0x200000d4   Data           2  task.o(.data)
    power_file_end_num                       0x200000d6   Data           2  task.o(.data)
    last_wnd                                 0x200000d8   Data           2  task.o(.data)
    last_wnd_locked                          0x200000da   Data           1  task.o(.data)
    bluetooth_last_wnd                       0x200000dc   Data           2  task.o(.data)
    supper_password                          0x200000de   Data           1  task.o(.data)
    auto_exit_flag                           0x200000df   Data           1  task.o(.data)
    back_light_min                           0x200000e0   Data           2  task.o(.data)
    display_current_pic                      0x200000e2   Data           2  task.o(.data)
    display_last_pic                         0x200000e4   Data           2  task.o(.data)
    back_light_min_set                       0x200000e6   Data           2  task.o(.data)
    kedu_temperature_set                     0x200000e8   Data           4  task.o(.data)
    select_location                          0x200000ec   Data           8  task.o(.data)
    DMT_error                                0x200000f4   Data           1  task.o(.data)
    A_flow_maintenance_tmp                   0x200000f8   Data           4  task.o(.data)
    B_flow_maintenance_tmp                   0x200000fc   Data           4  task.o(.data)
    DMT_error_flash                          0x20000100   Data           1  task.o(.data)
    bluetooth_select_location                0x20000102   Data           8  task.o(.data)
    bluetooth_select_location2               0x2000010a   Data           8  task.o(.data)
    sec_test                                 0x20000112   Data           2  task.o(.data)
    power_lose_yes_timeout                   0x20000114   Data           1  task.o(.data)
    select_location_to_start                 0x20000116   Data           8  task.o(.data)
    not_select_location_to_start             0x2000011e   Data           8  task.o(.data)
    select_location_AC                       0x20000126   Data           8  task.o(.data)
    select_location_BD                       0x2000012e   Data           8  task.o(.data)
    select_no                                0x20000136   Data           8  task.o(.data)
    select_location_format                   0x2000013e   Data           8  task.o(.data)
    select_location_flow_ctr                 0x20000146   Data           8  task.o(.data)
    reset_sys_count                          0x2000014e   Data           1  task.o(.data)
    SSDL_count                               0x20000150   Data           2  task.o(.data)
    sample_pic_refresh_flag                  0x20000152   Data           1  task.o(.data)
    sample_pic_channel                       0x20000153   Data           1  task.o(.data)
    sample_pic_select                        0x20000154   Data           1  task.o(.data)
    not_cutpic                               0x20000156   Data           8  task.o(.data)
    cutpic_sampling                          0x2000015e   Data           8  task.o(.data)
    A_power_lose                             0x20000168   Data           7  parameter.o(.data)
    A_sample_start                           0x2000016f   Data           7  parameter.o(.data)
    B_power_lose                             0x20000176   Data           7  parameter.o(.data)
    B_sample_start                           0x2000017d   Data           7  parameter.o(.data)
    A_LostPowerTime                          0x20000184   Data           4  parameter.o(.data)
    B_LostPowerTime                          0x20000188   Data           4  parameter.o(.data)
    A_avg_count                              0x2000018c   Data           4  parameter.o(.data)
    B_avg_count                              0x20000190   Data           4  parameter.o(.data)
    print_file_step                          0x20000194   Data           2  parameter.o(.data)
    bianhao_new                              0x20000198   Data           4  parameter.o(.data)
    AB_sample_file                           0x2000019c   Data           4  parameter.o(.data)
    AB_power_lose_file                       0x200001a0   Data           4  parameter.o(.data)
    lcd_light_ctr                            0x200001a4   Data           6  parameter.o(.data)
    password                                 0x200001aa   Data           2  parameter.o(.data)
    err_dis                                  0x200001ac   Data           1  parameter.o(.data)
    RTC_select                               0x200001ad   Data           1  parameter.o(.data)
    printer_password                         0x200001ae   Data           2  parameter.o(.data)
    A_max_jy                                 0x200001b0   Data           4  parameter.o(.data)
    B_max_jy                                 0x200001b4   Data           4  parameter.o(.data)
    A_PWM_01L                                0x200001b8   Data           2  parameter.o(.data)
    B_PWM_01L                                0x200001ba   Data           2  parameter.o(.data)
    A_PWM_10L                                0x200001bc   Data           2  parameter.o(.data)
    B_PWM_10L                                0x200001be   Data           2  parameter.o(.data)
    A_sample_protect_time                    0x200001c0   Data           1  parameter.o(.data)
    B_sample_protect_time                    0x200001c1   Data           1  parameter.o(.data)
    wk_temperature                           0x200001c4   Data           4  parameter.o(.data)
    wk_temperature_set                       0x200001c8   Data           2  parameter.o(.data)
    sample_select_channel                    0x200001ca   Data           2  parameter.o(.data)
    file_format                              0x200001cc   Data           1  parameter.o(.data)
    bak_flag                                 0x200001cd   Data           1  parameter.o(.data)
    FMc64_Flag                               0x200001ce   Data           1  parameter.o(.data)
    A_power_low_sample_status                0x200001cf   Data           1  parameter.o(.data)
    B_power_low_sample_status                0x200001d0   Data           1  parameter.o(.data)
    A_sample_over_flag                       0x200001d1   Data           1  parameter.o(.data)
    B_sample_over_flag                       0x200001d2   Data           1  parameter.o(.data)
    A_Qcount                                 0x200001d3   Data           1  parameter.o(.data)
    B_Qcount                                 0x200001d4   Data           1  parameter.o(.data)
    A_PWM_count                              0x200001d5   Data           1  parameter.o(.data)
    B_PWM_count                              0x200001d6   Data           1  parameter.o(.data)
    user_flag                                0x200001d7   Data           1  parameter.o(.data)
    wk_temperature_err                       0x200001e8   Data           1  18b20.o(.data)
    adcount                                  0x200001ec   Data           4  adc.o(.data)
    timer1_count                             0x200001f0   Data           2  timer.o(.data)
    sec_flag                                 0x200001f2   Data           1  timer.o(.data)
    PUMP_fbuf_A                              0x200001f4   Data           4  pump.o(.data)
    PUMP_fbuf_B                              0x200001f8   Data           4  pump.o(.data)
    sys_year                                 0x200001fc   Data           1  rtc.o(.data)
    sys_month                                0x200001fd   Data           1  rtc.o(.data)
    sys_day                                  0x200001fe   Data           1  rtc.o(.data)
    sys_hour                                 0x200001ff   Data           1  rtc.o(.data)
    sys_min                                  0x20000200   Data           1  rtc.o(.data)
    sys_sec                                  0x20000201   Data           1  rtc.o(.data)
    sys_week                                 0x20000202   Data           1  rtc.o(.data)
    NVIC_InitStructure                       0x20000203   Data           4  rtc.o(.data)
    DMT_year                                 0x20000207   Data           1  dmt.o(.data)
    DMT_month                                0x20000208   Data           1  dmt.o(.data)
    DMT_day                                  0x20000209   Data           1  dmt.o(.data)
    DMT_week                                 0x2000020a   Data           1  dmt.o(.data)
    DMT_hour                                 0x2000020b   Data           1  dmt.o(.data)
    DMT_min                                  0x2000020c   Data           1  dmt.o(.data)
    DMT_sec                                  0x2000020d   Data           1  dmt.o(.data)
    PrintErr                                 0x2000020e   Data           1  print.o(.data)
    nDot                                     0x2000020f   Data           1  print.o(.data)
    bluetooth_ok_flag                        0x20000210   Data           1  print.o(.data)
    W25QXX_TYPE                              0x20000212   Data           2  w25qxx.o(.data)
    sample_file_bank                         0x20000214   Data           1  file.o(.data)
    power_file_bank                          0x20000215   Data           1  file.o(.data)
    run_file_bank                            0x20000216   Data           1  file.o(.data)
    W25_erase_sector                         0x20000218   Data           2  file.o(.data)
    CHECKFILE                                0x2000021c   Data           1  usb.o(.data)
    DataSector                               0x20000220   Data           4  usb.o(.data)
    cancelflag                               0x20000224   Data           1  usb.o(.data)
    usb_out_file_step                        0x20000225   Data           1  usb.o(.data)
    NewSize                                  0x20000228   Data           4  usb.o(.data)
    SectorNumber                             0x2000022c   Data           4  usb.o(.data)
    total                                    0x20000230   Data           2  usb.o(.data)
    Load_datacount                           0x20000232   Data           2  usb.o(.data)
    pFile_datacount                          0x20000234   Data           2  usb.o(.data)
    wk_enable                                0x20000238   Data           1  wk.o(.data)
    wk_re_cooling_flag                       0x20000239   Data           1  wk.o(.data)
    wk_heating_flag                          0x2000023a   Data           1  wk.o(.data)
    wk_cooling_flag                          0x2000023b   Data           1  wk.o(.data)
    wk_heat_or_cool_flag                     0x2000023c   Data           1  wk.o(.data)
    wk_cool_fan_delay                        0x2000023d   Data           1  wk.o(.data)
    pid_integral_limit                       0x2000023e   Data           1  wk.o(.data)
    wk_start_heat_err                        0x20000240   Data           4  wk.o(.data)
    charge_current                           0x20000248   Data           4  bat.o(.data)
    bat_voltage                              0x2000024c   Data           4  bat.o(.data)
    bat_voltage_rate                         0x20000250   Data           4  bat.o(.data)
    charge_current_rate                      0x20000254   Data           4  bat.o(.data)
    heat_cool_current                        0x20000258   Data           4  bat.o(.data)
    heat_cool_current_rate                   0x2000025c   Data           4  bat.o(.data)
    Buf_Pressure                             0x20000260   Data           4  ssdl.o(.data)
    Temperature_LY_A                         0x20000264   Data           4  ssdl.o(.data)
    Temperature_JY_A                         0x20000268   Data           4  ssdl.o(.data)
    Temperature_QY                           0x2000026c   Data           4  ssdl.o(.data)
    Temperature_LY_B                         0x20000270   Data           4  ssdl.o(.data)
    Temperature_JY_B                         0x20000274   Data           4  ssdl.o(.data)
    __stdout                                 0x20000280   Data           4  usart.o(.data)
    frame_buf_select                         0x20000284   Data           1  usart.o(.data)
    R_x                                      0x20000285   Data           1  usart.o(.data)
    Receive_index                            0x20000286   Data           1  usart.o(.data)
    R_y                                      0x20000287   Data           1  usart.o(.data)
    R_flag                                   0x20000288   Data           1  usart.o(.data)
    R_flag_FRAME_BUF2                        0x20000289   Data           1  usart.o(.data)
    file                                     0x2000028c   Data           4  exfuns.o(.data)
    ftemp                                    0x20000290   Data           4  exfuns.o(.data)
    br                                       0x20000294   Data           4  exfuns.o(.data)
    bw                                       0x20000298   Data           4  exfuns.o(.data)
    fatbuf                                   0x2000029c   Data           4  exfuns.o(.data)
    UN_OEM_MA                                0x200002a0   Data           4  mycc936.o(.data)
    USBH_HCD_INT_cb                          0x200002a4   Data          12  usbh_core.o(.data)
    USBH_HCD_INT_fops                        0x200002b0   Data           4  usbh_core.o(.data)
    MSC_Setup                                0x200002d0   Data           8  usbh_msc_core.o(.data)
    MSCErrorCount                            0x200002d8   Data           1  usbh_msc_core.o(.data)
    USBH_MSC_cb                              0x200002dc   Data          16  usbh_msc_core.o(.data)
    UDISK_state                              0x200002f0   Data           1  usbh_usr.o(.data)
    USH_User_App_flag                        0x200002f1   Data           1  usbh_usr.o(.data)
    USR_Callbacks                            0x200002f4   Data          72  usbh_usr.o(.data)
    mallco_dev                               0x2000033c   Data          36  malloc.o(.data)
    USB_Host                                 0x20000360   Data         132  main.o(.bss)
    USB_OTG_Core                             0x200003e4   Data        1452  main.o(.bss)
    BLUETOOTH                                0x20000990   Data          10  task.o(.bss)
    A_flow_dis                               0x2000099c   Data          52  task.o(.bss)
    B_flow_dis                               0x200009d0   Data          52  task.o(.bss)
    bianhao                                  0x20000a04   Data           9  parameter.o(.bss)
    A_sample_file                            0x20000a10   Data          40  parameter.o(.bss)
    B_sample_file                            0x20000a38   Data          40  parameter.o(.bss)
    sample_file_chaxun                       0x20000a60   Data          40  parameter.o(.bss)
    A_power_file                             0x20000a88   Data          16  parameter.o(.bss)
    B_power_file                             0x20000a98   Data          16  parameter.o(.bss)
    power_file_chaxun                        0x20000aa8   Data          16  parameter.o(.bss)
    A_SAMPLE                                 0x20000ab8   Data         108  sample.o(.bss)
    B_SAMPLE                                 0x20000b24   Data         108  sample.o(.bss)
    barometric                               0x20000b90   Data          20  sample.o(.bss)
    sample_temperature                       0x20000ba4   Data         128  sample.o(.bss)
    A_flow_rate                              0x20000c24   Data          48  sample.o(.bss)
    B_flow_rate                              0x20000c54   Data          48  sample.o(.bss)
    ADBuf                                    0x20000c84   Data          64  adc.o(.bss)
    ADC_Table                                0x20000cc4   Data        1000  adc.o(.bss)
    HZtemp                                   0x200010ac   Data          32  print.o(.bss)
    ASCtemp                                  0x200010cc   Data          16  print.o(.bss)
    rx_buf                                   0x200010dc   Data          15  print.o(.bss)
    tx_buf                                   0x200010eb   Data          15  print.o(.bss)
    W25QXX_BUFFER                            0x200010fa   Data        4096  w25qxx.o(.bss)
    FILE_DATA_BUF                            0x200020fa   Data         712  usb.o(.bss)
    testbuf                                  0x200023c2   Data         200  usb.o(.bss)
    wk_pid_para                              0x2000248c   Data          32  wk.o(.bss)
    FRAME_BUF                                0x200024ac   Data          50  usart.o(.bss)
    FRAME_BUF2                               0x200024de   Data          50  usart.o(.bss)
    Receive                                  0x20002510   Data          60  usart.o(.bss)
    fs                                       0x20002558   Data          12  exfuns.o(.bss)
    fileinfo                                 0x20002564   Data          32  exfuns.o(.bss)
    dir                                      0x20002584   Data          36  exfuns.o(.bss)
    USBH_CfgDesc                             0x200025a8   Data         512  usbh_stdreq.o(.bss)
    USBH_MSC_Param                           0x200027a8   Data          16  usbh_msc_scsi.o(.bss)
    USBH_DataInBuffer                        0x200027b8   Data         512  usbh_msc_scsi.o(.bss)
    USBH_DataOutBuffer                       0x200029b8   Data         512  usbh_msc_scsi.o(.bss)
    USBH_MSC_CBWData                         0x20002bb8   Data          32  usbh_msc_bot.o(.bss)
    USBH_MSC_CSWData                         0x20002bd8   Data          16  usbh_msc_bot.o(.bss)
    USBH_MSC_BOTXferParam                    0x20002be8   Data          16  usbh_msc_bot.o(.bss)
    MSC_Machine                              0x20002bf8   Data          74  usbh_msc_core.o(.bss)
    mem1base                                 0x20002c60   Data       102400  malloc.o(.bss)
    mem1mapbase                              0x2001bc60   Data        6400  malloc.o(.bss)
    __libspace_start                         0x2001d560   Data          96  libspace.o(.bss)
    __temporary_stack_top$libspace           0x2001d5c0   Data           0  libspace.o(.bss)
    mem2base                                 0x68000000   Data       983040  malloc.o(.ARM.__AT_0x68000000)
    mem2mapbase                              0x680f0000   Data       61440  malloc.o(.ARM.__AT_0x680F0000)



==============================================================================

Memory Map of the image

  Image Entry point : 0x08020189

  Load Region LR_IROM1 (Base: 0x08020000, Size: 0x0001c53c, Max: 0x00060000, ABSOLUTE, COMPRESSED[0x0001c2d8])

    Execution Region ER_IROM1 (Base: 0x08020000, Size: 0x0001c1dc, Max: 0x00060000, ABSOLUTE)

    Base Addr    Size         Type   Attr      Idx    E Section Name        Object

    0x08020000   0x00000188   Data   RO          521    RESET               startup_stm32f40_41xxx.o
    0x08020188   0x00000008   Code   RO         1862  * !!!main             c_w.l(__main.o)
    0x08020190   0x00000034   Code   RO         2080    !!!scatter          c_w.l(__scatter.o)
    0x080201c4   0x0000005a   Code   RO         2078    !!dczerorl2         c_w.l(__dczerorl2.o)
    0x0802021e   0x00000002   PAD
    0x08020220   0x0000001c   Code   RO         2082    !!handler_zi        c_w.l(__scatter_zi.o)
    0x0802023c   0x00000002   Code   RO         1958    .ARM.Collect$$libinit$$00000000  c_w.l(libinit.o)
    0x0802023e   0x00000004   Code   RO         1961    .ARM.Collect$$libinit$$00000001  c_w.l(libinit2.o)
    0x08020242   0x00000000   Code   RO         1965    .ARM.Collect$$libinit$$00000008  c_w.l(libinit2.o)
    0x08020242   0x00000000   Code   RO         1967    .ARM.Collect$$libinit$$0000000A  c_w.l(libinit2.o)
    0x08020242   0x00000000   Code   RO         1969    .ARM.Collect$$libinit$$0000000C  c_w.l(libinit2.o)
    0x08020242   0x00000000   Code   RO         1972    .ARM.Collect$$libinit$$0000000F  c_w.l(libinit2.o)
    0x08020242   0x00000000   Code   RO         1974    .ARM.Collect$$libinit$$00000011  c_w.l(libinit2.o)
    0x08020242   0x00000000   Code   RO         1976    .ARM.Collect$$libinit$$00000013  c_w.l(libinit2.o)
    0x08020242   0x00000000   Code   RO         1978    .ARM.Collect$$libinit$$00000015  c_w.l(libinit2.o)
    0x08020242   0x00000000   Code   RO         1980    .ARM.Collect$$libinit$$00000017  c_w.l(libinit2.o)
    0x08020242   0x00000000   Code   RO         1982    .ARM.Collect$$libinit$$00000019  c_w.l(libinit2.o)
    0x08020242   0x00000000   Code   RO         1984    .ARM.Collect$$libinit$$0000001B  c_w.l(libinit2.o)
    0x08020242   0x00000000   Code   RO         1986    .ARM.Collect$$libinit$$0000001D  c_w.l(libinit2.o)
    0x08020242   0x00000000   Code   RO         1988    .ARM.Collect$$libinit$$0000001F  c_w.l(libinit2.o)
    0x08020242   0x00000000   Code   RO         1990    .ARM.Collect$$libinit$$00000021  c_w.l(libinit2.o)
    0x08020242   0x00000000   Code   RO         1992    .ARM.Collect$$libinit$$00000023  c_w.l(libinit2.o)
    0x08020242   0x00000000   Code   RO         1996    .ARM.Collect$$libinit$$0000002A  c_w.l(libinit2.o)
    0x08020242   0x00000000   Code   RO         1998    .ARM.Collect$$libinit$$0000002C  c_w.l(libinit2.o)
    0x08020242   0x00000000   Code   RO         2000    .ARM.Collect$$libinit$$0000002E  c_w.l(libinit2.o)
    0x08020242   0x00000000   Code   RO         2002    .ARM.Collect$$libinit$$00000030  c_w.l(libinit2.o)
    0x08020242   0x00000002   Code   RO         2003    .ARM.Collect$$libinit$$00000031  c_w.l(libinit2.o)
    0x08020244   0x00000002   Code   RO         2021    .ARM.Collect$$libshutdown$$00000000  c_w.l(libshutdown.o)
    0x08020246   0x00000000   Code   RO         2032    .ARM.Collect$$libshutdown$$00000003  c_w.l(libshutdown2.o)
    0x08020246   0x00000000   Code   RO         2035    .ARM.Collect$$libshutdown$$00000006  c_w.l(libshutdown2.o)
    0x08020246   0x00000000   Code   RO         2038    .ARM.Collect$$libshutdown$$00000009  c_w.l(libshutdown2.o)
    0x08020246   0x00000000   Code   RO         2040    .ARM.Collect$$libshutdown$$0000000B  c_w.l(libshutdown2.o)
    0x08020246   0x00000000   Code   RO         2043    .ARM.Collect$$libshutdown$$0000000E  c_w.l(libshutdown2.o)
    0x08020246   0x00000002   Code   RO         2044    .ARM.Collect$$libshutdown$$0000000F  c_w.l(libshutdown2.o)
    0x08020248   0x00000000   Code   RO         1908    .ARM.Collect$$rtentry$$00000000  c_w.l(rtentry.o)
    0x08020248   0x00000000   Code   RO         1925    .ARM.Collect$$rtentry$$00000002  c_w.l(rtentry2.o)
    0x08020248   0x00000006   Code   RO         1937    .ARM.Collect$$rtentry$$00000004  c_w.l(rtentry4.o)
    0x0802024e   0x00000000   Code   RO         1927    .ARM.Collect$$rtentry$$00000009  c_w.l(rtentry2.o)
    0x0802024e   0x00000004   Code   RO         1928    .ARM.Collect$$rtentry$$0000000A  c_w.l(rtentry2.o)
    0x08020252   0x00000000   Code   RO         1930    .ARM.Collect$$rtentry$$0000000C  c_w.l(rtentry2.o)
    0x08020252   0x00000008   Code   RO         1931    .ARM.Collect$$rtentry$$0000000D  c_w.l(rtentry2.o)
    0x0802025a   0x00000002   Code   RO         1959    .ARM.Collect$$rtexit$$00000000  c_w.l(rtexit.o)
    0x0802025c   0x00000000   Code   RO         2005    .ARM.Collect$$rtexit$$00000002  c_w.l(rtexit2.o)
    0x0802025c   0x00000004   Code   RO         2006    .ARM.Collect$$rtexit$$00000003  c_w.l(rtexit2.o)
    0x08020260   0x00000006   Code   RO         2007    .ARM.Collect$$rtexit$$00000004  c_w.l(rtexit2.o)
    0x08020266   0x00000002   PAD
    0x08020268   0x00000198   Code   RO            3    .text               main.o
    0x08020400   0x0000001a   Code   RO          260    .text               stm32f4xx_it.o
    0x0802041a   0x00000002   PAD
    0x0802041c   0x00000210   Code   RO          283    .text               system_stm32f4xx.o
    0x0802062c   0x00006b80   Code   RO          309    .text               task.o
    0x080271ac   0x000010dc   Code   RO          430    .text               parameter.o
    0x08028288   0x00000590   Code   RO          463    .text               sample.o
    0x08028818   0x00000cf8   Code   RO          501    .text               saveresume.o
    0x08029510   0x00000040   Code   RO          522    .text               startup_stm32f40_41xxx.o
    0x08029550   0x0000065c   Code   RO          528    .text               stm32f4xx_rcc.o
    0x08029bac   0x00000454   Code   RO          550    .text               stm32f4xx_usart.o
    0x0802a000   0x000000e0   Code   RO          570    .text               misc.o
    0x0802a0e0   0x00000294   Code   RO          590    .text               stm32f4xx_gpio.o
    0x0802a374   0x000003a8   Code   RO          610    .text               stm32f4xx_dma.o
    0x0802a71c   0x00000464   Code   RO          630    .text               stm32f4xx_adc.o
    0x0802ab80   0x00000ca2   Code   RO          722    .text               stm32f4xx_tim.o
    0x0802b822   0x00000002   PAD
    0x0802b824   0x00000d68   Code   RO          742    .text               stm32f4xx_rtc.o
    0x0802c58c   0x00000110   Code   RO          762    .text               stm32f4xx_exti.o
    0x0802c69c   0x0000016c   Code   RO          782    .text               stm32f4xx_pwr.o
    0x0802c808   0x00000480   Code   RO          802    .text               stm32f4xx_spi.o
    0x0802cc88   0x00000378   Code   RO          842    .text               18b20.o
    0x0802d000   0x000005d0   Code   RO          868    .text               24c64.o
    0x0802d5d0   0x00000250   Code   RO          888    .text               adc.o
    0x0802d820   0x00000104   Code   RO          915    .text               timer.o
    0x0802d924   0x00000458   Code   RO          961    .text               pump.o
    0x0802dd7c   0x000002b4   Code   RO          987    .text               rtc.o
    0x0802e030   0x000009b0   Code   RO         1013    .text               dmt.o
    0x0802e9e0   0x00000a58   Code   RO         1047    .text               print.o
    0x0802f438   0x000003d4   Code   RO         1079    .text               w25qxx.o
    0x0802f80c   0x0000011c   Code   RO         1109    .text               spi.o
    0x0802f928   0x00000b18   Code   RO         1129    .text               file.o
    0x08030440   0x00002328   Code   RO         1159    .text               usb.o
    0x08032768   0x000007e8   Code   RO         1191    .text               wk.o
    0x08032f50   0x00000040   Code   RO         1226    .text               led.o
    0x08032f90   0x00000034   Code   RO         1246    .text               bat.o
    0x08032fc4   0x00000694   Code   RO         1272    .text               ssdl.o
    0x08033658   0x00000104   Code   RO         1295    .text               delay.o
    0x0803375c   0x000002d0   Code   RO         1335    .text               usart.o
    0x08033a2c   0x00000144   Code   RO         1367    .text               process.o
    0x08033b70   0x0000329a   Code   RO         1385    .text               ff.o
    0x08036e0a   0x00000002   PAD
    0x08036e0c   0x0000015c   Code   RO         1409    .text               diskio.o
    0x08036f68   0x00000198   Code   RO         1436    .text               exfuns.o
    0x08037100   0x00000188   Code   RO         1475    .text               mycc936.o
    0x08037288   0x0000066a   Code   RO         1535    .text               usbh_core.o
    0x080378f2   0x00000186   Code   RO         1561    .text               usbh_hcs.o
    0x08037a78   0x000003a8   Code   RO         1581    .text               usbh_ioreq.o
    0x08037e20   0x000003d8   Code   RO         1601    .text               usbh_stdreq.o
    0x080381f8   0x000004f4   Code   RO         1628    .text               usbh_msc_scsi.o
    0x080386ec   0x00000454   Code   RO         1655    .text               usbh_msc_bot.o
    0x08038b40   0x0000034c   Code   RO         1682    .text               usbh_msc_core.o
    0x08038e8c   0x00000e74   Code   RO         1709    .text               usb_hcd_int.o
    0x08039d00   0x00000c2a   Code   RO         1729    .text               usb_core.o
    0x0803a92a   0x000000e4   Code   RO         1749    .text               usb_hcd.o
    0x0803aa0e   0x00000002   PAD
    0x0803aa10   0x000000bc   Code   RO         1769    .text               usb_bsp.o
    0x0803aacc   0x00000158   Code   RO         1792    .text               usbh_usr.o
    0x0803ac24   0x0000022c   Code   RO         1820    .text               malloc.o
    0x0803ae50   0x00000002   Code   RO         1852    .text               c_w.l(use_no_semi_2.o)
    0x0803ae52   0x00000048   Code   RO         1854    .text               c_w.l(strcpy.o)
    0x0803ae9a   0x00000018   Code   RO         1856    .text               c_w.l(strcat.o)
    0x0803aeb2   0x00000002   PAD
    0x0803aeb4   0x00000080   Code   RO         1858    .text               c_w.l(strcmpv7m.o)
    0x0803af34   0x00000006   Code   RO         1860    .text               c_w.l(heapauxi.o)
    0x0803af3a   0x00000002   Code   RO         1906    .text               c_w.l(use_no_semi.o)
    0x0803af3c   0x00000016   Code   RO         1909    .text               c_w.l(_rserrno.o)
    0x0803af52   0x00000002   PAD
    0x0803af54   0x00000008   Code   RO         1942    .text               c_w.l(rt_errno_addr_intlibspace.o)
    0x0803af5c   0x00000008   Code   RO         1946    .text               c_w.l(libspace.o)
    0x0803af64   0x0000004a   Code   RO         1949    .text               c_w.l(sys_stackheap_outer.o)
    0x0803afae   0x0000000c   Code   RO         1951    .text               c_w.l(exit.o)
    0x0803afba   0x00000014   Code   RO         1888    i.__hardfp_fabs     m_wm.l(fabs.o)
    0x0803afce   0x0000007a   Code   RO         1894    i.__hardfp_sqrt     m_wm.l(sqrt.o)
    0x0803b048   0x00000062   Code   RO         1864    x$fpl$d2f           fz_wm.l(d2f.o)
    0x0803b0aa   0x00000002   PAD
    0x0803b0ac   0x00000150   Code   RO         1866    x$fpl$dadd          fz_wm.l(daddsub_clz.o)
    0x0803b1fc   0x00000018   Code   RO         1944    x$fpl$dcmpinf       fz_wm.l(dcmpi.o)
    0x0803b214   0x000002b0   Code   RO         1873    x$fpl$ddiv          fz_wm.l(ddiv.o)
    0x0803b4c4   0x0000002e   Code   RO         1877    x$fpl$dflt          fz_wm.l(dflt_clz.o)
    0x0803b4f2   0x00000026   Code   RO         1876    x$fpl$dfltu         fz_wm.l(dflt_clz.o)
    0x0803b518   0x00000078   Code   RO         1911    x$fpl$dleqf         fz_wm.l(dleqf.o)
    0x0803b590   0x00000154   Code   RO         1882    x$fpl$dmul          fz_wm.l(dmul.o)
    0x0803b6e4   0x0000009c   Code   RO         1913    x$fpl$dnaninf       fz_wm.l(dnaninf.o)
    0x0803b780   0x0000000c   Code   RO         1915    x$fpl$dretinf       fz_wm.l(dretinf.o)
    0x0803b78c   0x0000006c   Code   RO         1884    x$fpl$drleqf        fz_wm.l(drleqf.o)
    0x0803b7f8   0x00000198   Code   RO         1917    x$fpl$dsqrt         fz_wm.l(dsqrt_umaal.o)
    0x0803b990   0x000001d4   Code   RO         1868    x$fpl$dsub          fz_wm.l(daddsub_clz.o)
    0x0803bb64   0x00000056   Code   RO         1886    x$fpl$f2d           fz_wm.l(f2d.o)
    0x0803bbba   0x0000008c   Code   RO         1919    x$fpl$fnaninf       fz_wm.l(fnaninf.o)
    0x0803bc46   0x0000000a   Code   RO         2013    x$fpl$fpinit        fz_wm.l(fpinit.o)
    0x0803bc50   0x0000000a   Code   RO         1921    x$fpl$fretinf       fz_wm.l(fretinf.o)
    0x0803bc5a   0x00000000   Code   RO         1923    x$fpl$usenofp       fz_wm.l(usenofp.o)
    0x0803bc5a   0x00000032   Data   RO          432    .constdata          parameter.o
    0x0803bc8c   0x0000003a   Data   RO         1387    .constdata          ff.o
    0x0803bcc6   0x00000002   PAD
    0x0803bcc8   0x00000070   Data   RO         1438    .constdata          exfuns.o
    0x0803bd38   0x000003c0   Data   RO         1476    .constdata          mycc936.o
    0x0803c0f8   0x0000005b   Data   RO         1521    .constdata          unicode.o
    0x0803c153   0x00000001   PAD
    0x0803c154   0x00000024   Data   RO         1826    .constdata          malloc.o
    0x0803c178   0x00000044   Data   RO         1439    .conststring        exfuns.o
    0x0803c1bc   0x00000020   Data   RO         2076    Region$$Table       anon$$obj.o


    Execution Region RW_IRAM1 (Base: 0x20000000, Size: 0x0001dbc0, Max: 0x00020000, ABSOLUTE, COMPRESSED[0x000000fc])

    Base Addr    Size         Type   Attr      Idx    E Section Name        Object

    0x20000000   0x00000002   Data   RW            5    .data               main.o
    0x20000002   0x00000002   PAD
    0x20000004   0x00000014   Data   RW          284    .data               system_stm32f4xx.o
    0x20000018   0x00000150   Data   RW          311    .data               task.o
    0x20000168   0x00000070   Data   RW          433    .data               parameter.o
    0x200001d8   0x00000010   Data   RW          529    .data               stm32f4xx_rcc.o
    0x200001e8   0x00000001   Data   RW          843    .data               18b20.o
    0x200001e9   0x00000003   PAD
    0x200001ec   0x00000004   Data   RW          890    .data               adc.o
    0x200001f0   0x00000003   Data   RW          916    .data               timer.o
    0x200001f3   0x00000001   PAD
    0x200001f4   0x00000008   Data   RW          962    .data               pump.o
    0x200001fc   0x0000000b   Data   RW          988    .data               rtc.o
    0x20000207   0x00000007   Data   RW         1014    .data               dmt.o
    0x2000020e   0x00000003   Data   RW         1049    .data               print.o
    0x20000211   0x00000001   PAD
    0x20000212   0x00000002   Data   RW         1081    .data               w25qxx.o
    0x20000214   0x00000006   Data   RW         1130    .data               file.o
    0x2000021a   0x00000002   PAD
    0x2000021c   0x0000001a   Data   RW         1161    .data               usb.o
    0x20000236   0x00000002   PAD
    0x20000238   0x0000000e   Data   RW         1193    .data               wk.o
    0x20000246   0x00000002   PAD
    0x20000248   0x00000018   Data   RW         1247    .data               bat.o
    0x20000260   0x0000001c   Data   RW         1273    .data               ssdl.o
    0x2000027c   0x00000004   Data   RW         1296    .data               delay.o
    0x20000280   0x0000000a   Data   RW         1337    .data               usart.o
    0x2000028a   0x00000002   Data   RW         1388    .data               ff.o
    0x2000028c   0x00000014   Data   RW         1440    .data               exfuns.o
    0x200002a0   0x00000004   Data   RW         1477    .data               mycc936.o
    0x200002a4   0x00000012   Data   RW         1536    .data               usbh_core.o
    0x200002b6   0x00000003   Data   RW         1603    .data               usbh_stdreq.o
    0x200002b9   0x00000001   Data   RW         1630    .data               usbh_msc_scsi.o
    0x200002ba   0x00000002   PAD
    0x200002bc   0x00000011   Data   RW         1657    .data               usbh_msc_bot.o
    0x200002cd   0x00000003   PAD
    0x200002d0   0x0000001d   Data   RW         1684    .data               usbh_msc_core.o
    0x200002ed   0x00000003   PAD
    0x200002f0   0x0000004c   Data   RW         1793    .data               usbh_usr.o
    0x2000033c   0x00000024   Data   RW         1827    .data               malloc.o
    0x20000360   0x00000630   Zero   RW            4    .bss                main.o
    0x20000990   0x00000074   Zero   RW          310    .bss                task.o
    0x20000a04   0x000000b4   Zero   RW          431    .bss                parameter.o
    0x20000ab8   0x000001cc   Zero   RW          464    .bss                sample.o
    0x20000c84   0x00000428   Zero   RW          889    .bss                adc.o
    0x200010ac   0x0000004e   Zero   RW         1048    .bss                print.o
    0x200010fa   0x00001000   Zero   RW         1080    .bss                w25qxx.o
    0x200020fa   0x00000390   Zero   RW         1160    .bss                usb.o
    0x2000248a   0x00000002   PAD
    0x2000248c   0x00000020   Zero   RW         1192    .bss                wk.o
    0x200024ac   0x000000a0   Zero   RW         1336    .bss                usart.o
    0x2000254c   0x0000000c   Zero   RW         1386    .bss                ff.o
    0x20002558   0x00000050   Zero   RW         1437    .bss                exfuns.o
    0x200025a8   0x00000200   Zero   RW         1602    .bss                usbh_stdreq.o
    0x200027a8   0x00000410   Zero   RW         1629    .bss                usbh_msc_scsi.o
    0x20002bb8   0x00000040   Zero   RW         1656    .bss                usbh_msc_bot.o
    0x20002bf8   0x0000004a   Zero   RW         1683    .bss                usbh_msc_core.o
    0x20002c42   0x0000001e   PAD
    0x20002c60   0x0001a900   Zero   RW         1825    .bss                malloc.o
    0x2001d560   0x00000060   Zero   RW         1947    .bss                c_w.l(libspace.o)
    0x2001d5c0   0x00000200   Zero   RW          520    HEAP                startup_stm32f40_41xxx.o
    0x2001d7c0   0x00000400   Zero   RW          519    STACK               startup_stm32f40_41xxx.o



  Load Region LR$$.ARM.__AT_0x10000000 (Base: 0x10000000, Size: 0x00000000, Max: 0x0000f000, ABSOLUTE)

    Execution Region ER$$.ARM.__AT_0x10000000 (Base: 0x10000000, Size: 0x0000f000, Max: 0x0000f000, ABSOLUTE, UNINIT)

    Base Addr    Size         Type   Attr      Idx    E Section Name        Object

    0x10000000   0x0000f000   Zero   RW         1821    .ARM.__AT_0x10000000  malloc.o



  Load Region LR$$.ARM.__AT_0x1000F000 (Base: 0x1000f000, Size: 0x00000000, Max: 0x00000f00, ABSOLUTE)

    Execution Region ER$$.ARM.__AT_0x1000F000 (Base: 0x1000f000, Size: 0x00000f00, Max: 0x00000f00, ABSOLUTE, UNINIT)

    Base Addr    Size         Type   Attr      Idx    E Section Name        Object

    0x1000f000   0x00000f00   Zero   RW         1822    .ARM.__AT_0x1000F000  malloc.o



  Load Region LR$$.ARM.__AT_0x68000000 (Base: 0x68000000, Size: 0x00000000, Max: 0x000f0000, ABSOLUTE)

    Execution Region ER$$.ARM.__AT_0x68000000 (Base: 0x68000000, Size: 0x000f0000, Max: 0x000f0000, ABSOLUTE, UNINIT)

    Base Addr    Size         Type   Attr      Idx    E Section Name        Object

    0x68000000   0x000f0000   Zero   RW         1823    .ARM.__AT_0x68000000  malloc.o



  Load Region LR$$.ARM.__AT_0x680F0000 (Base: 0x680f0000, Size: 0x00000000, Max: 0x0000f000, ABSOLUTE)

    Execution Region ER$$.ARM.__AT_0x680F0000 (Base: 0x680f0000, Size: 0x0000f000, Max: 0x0000f000, ABSOLUTE, UNINIT)

    Base Addr    Size         Type   Attr      Idx    E Section Name        Object

    0x680f0000   0x0000f000   Zero   RW         1824    .ARM.__AT_0x680F0000  malloc.o


==============================================================================

Image component sizes


      Code (inc. data)   RO Data    RW Data    ZI Data      Debug   Object Name

       888         30          0          1          0       3043   18b20.o
      1488         10          0          0          0       7087   24c64.o
       592         40          0          4       1064       2605   adc.o
        52          6          0         24          0       1049   bat.o
       260          8          0          4          0       1465   delay.o
       348         28          0          0          0       3149   diskio.o
      2480         98          0          7          0      10041   dmt.o
       408         22        180         20         80       2780   exfuns.o
     12954        136         58          2         12      35566   ff.o
      2840        142          0          6          0       4964   file.o
        64          4          0          0          0        535   led.o
       408         46          0          2       1584     347039   main.o
       556         18         36         36    1218560       4905   malloc.o
       224         20          0          0          0       1845   misc.o
       392         18        960          4          0       2337   mycc936.o
      4316        334         50        112        180      12142   parameter.o
      2648        524          0          3         78       5264   print.o
       324          0          0          0          0       2190   process.o
      1112         12          0          8          0       3271   pump.o
       692         32          0         11          0       3582   rtc.o
      1424         70          0          0        460       3794   sample.o
      3320        296          0          0          0       2472   saveresume.o
       284         10          0          0          0       1069   spi.o
      1684        134          0         28          0       5899   ssdl.o
        64         26        392          0       1536        848   startup_stm32f40_41xxx.o
      1124         24          0          0          0      10522   stm32f4xx_adc.o
       936         32          0          0          0       6321   stm32f4xx_dma.o
       272         10          0          0          0       2291   stm32f4xx_exti.o
       660         44          0          0          0       4121   stm32f4xx_gpio.o
        26          0          0          0          0       1238   stm32f4xx_it.o
       364         12          0          0          0       3751   stm32f4xx_pwr.o
      1628         52          0         16          0      12924   stm32f4xx_rcc.o
      3432         44          0          0          0      15084   stm32f4xx_rtc.o
      1152         36          0          0          0       6873   stm32f4xx_spi.o
      3234         60          0          0          0      22328   stm32f4xx_tim.o
      1108         34          0          0          0       7824   stm32f4xx_usart.o
       528         46          0         20          0       1819   system_stm32f4xx.o
     27520       3042          0        336        116     279415   task.o
       260         18          0          3          0       1547   timer.o
         0          0         91          0          0        541   unicode.o
       720         52          0         10        160       4396   usart.o
      9000        892          0         26        912       6936   usb.o
       188         10          0          0          0       2351   usb_bsp.o
      3114         10          0          0          0      10082   usb_core.o
       228          0          0          0          0       3204   usb_hcd.o
      3700         10          0          0          0       6687   usb_hcd_int.o
      1642         42          0         18          0       6059   usbh_core.o
       390          0          0          0          0       2680   usbh_hcs.o
       936          0          0          0          0       4424   usbh_ioreq.o
      1108         68          0         17         64       5595   usbh_msc_bot.o
       844         28          0         29         74       4313   usbh_msc_core.o
      1268         40          0          1       1040       5262   usbh_msc_scsi.o
       984         12          0          3        512       5925   usbh_stdreq.o
       344         18          0         76          0       5214   usbh_usr.o
       980         22          0          2       4096       5397   w25qxx.o
      2024        120          0         14         32       4966   wk.o

    ----------------------------------------------------------------------
    109544       6842       1802        864    1230592     929031   Object Totals
         0          0         32          0          0          0   (incl. Generated)
         8          0          3         21         32          0   (incl. Padding)

    ----------------------------------------------------------------------

      Code (inc. data)   RO Data    RW Data    ZI Data      Debug   Library Member Name

        90          0          0          0          0          0   __dczerorl2.o
         8          0          0          0          0         68   __main.o
        52          8          0          0          0          0   __scatter.o
        28          0          0          0          0          0   __scatter_zi.o
        22          0          0          0          0        100   _rserrno.o
        12          0          0          0          0         72   exit.o
         6          0          0          0          0        152   heapauxi.o
         2          0          0          0          0          0   libinit.o
         6          0          0          0          0          0   libinit2.o
         2          0          0          0          0          0   libshutdown.o
         2          0          0          0          0          0   libshutdown2.o
         8          4          0          0         96         68   libspace.o
         8          4          0          0          0         68   rt_errno_addr_intlibspace.o
         0          0          0          0          0          0   rtentry.o
        12          0          0          0          0          0   rtentry2.o
         6          0          0          0          0          0   rtentry4.o
         2          0          0          0          0          0   rtexit.o
        10          0          0          0          0          0   rtexit2.o
        24          0          0          0          0         68   strcat.o
       128          0          0          0          0         68   strcmpv7m.o
        72          0          0          0          0         80   strcpy.o
        74          0          0          0          0         80   sys_stackheap_outer.o
         2          0          0          0          0         68   use_no_semi.o
         2          0          0          0          0         68   use_no_semi_2.o
        98          4          0          0          0        140   d2f.o
       804         16          0          0          0        368   daddsub_clz.o
        24          0          0          0          0        116   dcmpi.o
       688        140          0          0          0        256   ddiv.o
        84          0          0          0          0        232   dflt_clz.o
       120          4          0          0          0        140   dleqf.o
       340         12          0          0          0        152   dmul.o
       156          4          0          0          0        140   dnaninf.o
        12          0          0          0          0        116   dretinf.o
       108          0          0          0          0        128   drleqf.o
       408         56          0          0          0        168   dsqrt_umaal.o
        86          4          0          0          0        132   f2d.o
       140          4          0          0          0        132   fnaninf.o
        10          0          0          0          0        116   fpinit.o
        10          0          0          0          0        116   fretinf.o
         0          0          0          0          0          0   usenofp.o
        20          0          0          0          0        124   fabs.o
       122          0          0          0          0        148   sqrt.o

    ----------------------------------------------------------------------
      3818        260          0          0         96       3684   Library Totals
        10          0          0          0          0          0   (incl. Padding)

    ----------------------------------------------------------------------

      Code (inc. data)   RO Data    RW Data    ZI Data      Debug   Library Name

       578         16          0          0         96        960   c_w.l
      3088        244          0          0          0       2452   fz_wm.l
       142          0          0          0          0        272   m_wm.l

    ----------------------------------------------------------------------
      3818        260          0          0         96       3684   Library Totals

    ----------------------------------------------------------------------

==============================================================================


      Code (inc. data)   RO Data    RW Data    ZI Data      Debug   

    113362       7102       1802        864    1230688     918499   Grand Totals
    113362       7102       1802        252    1230688     918499   ELF Image Totals (compressed)
    113362       7102       1802        252          0          0   ROM Totals

==============================================================================

    Total RO  Size (Code + RO Data)               115164 ( 112.46kB)
    Total RW  Size (RW Data + ZI Data)           1231552 (1202.69kB)
    Total ROM Size (Code + RO Data + RW Data)     115416 ( 112.71kB)

==============================================================================

